Archive member included to satisfy reference by file (symbol)

C:/ST/STM32CubeIDE_1.13.2/STM32CubeIDE/plugins/com.st.stm32cube.ide.mcu.externaltools.gnu-tools-for-stm32.11.3.rel1.win32_1.1.1.202309131626/tools/bin/../lib/gcc/arm-none-eabi/11.3.1/../../../../arm-none-eabi/lib/thumb/v7e-m+fp/hard\libstdc++_nano.a(del_ops.o)
                              ./app/ComHandlerTask.o (operator delete(void*, unsigned int))
C:/ST/STM32CubeIDE_1.13.2/STM32CubeIDE/plugins/com.st.stm32cube.ide.mcu.externaltools.gnu-tools-for-stm32.11.3.rel1.win32_1.1.1.202309131626/tools/bin/../lib/gcc/arm-none-eabi/11.3.1/../../../../arm-none-eabi/lib/thumb/v7e-m+fp/hard\libc_nano.a(libc_a-exit.o)
                              C:/ST/STM32CubeIDE_1.13.2/STM32CubeIDE/plugins/com.st.stm32cube.ide.mcu.externaltools.gnu-tools-for-stm32.11.3.rel1.win32_1.1.1.202309131626/tools/bin/../lib/gcc/arm-none-eabi/11.3.1/../../../../arm-none-eabi/lib/thumb/v7e-m+fp/hard/crt0.o (exit)
C:/ST/STM32CubeIDE_1.13.2/STM32CubeIDE/plugins/com.st.stm32cube.ide.mcu.externaltools.gnu-tools-for-stm32.11.3.rel1.win32_1.1.1.202309131626/tools/bin/../lib/gcc/arm-none-eabi/11.3.1/../../../../arm-none-eabi/lib/thumb/v7e-m+fp/hard\libc_nano.a(libc_a-malloc.o)
                              ./Core/ThreadSafe/newlib_lock_glue.o (malloc)
C:/ST/STM32CubeIDE_1.13.2/STM32CubeIDE/plugins/com.st.stm32cube.ide.mcu.externaltools.gnu-tools-for-stm32.11.3.rel1.win32_1.1.1.202309131626/tools/bin/../lib/gcc/arm-none-eabi/11.3.1/../../../../arm-none-eabi/lib/thumb/v7e-m+fp/hard\libc_nano.a(libc_a-mallocr.o)
                              C:/ST/STM32CubeIDE_1.13.2/STM32CubeIDE/plugins/com.st.stm32cube.ide.mcu.externaltools.gnu-tools-for-stm32.11.3.rel1.win32_1.1.1.202309131626/tools/bin/../lib/gcc/arm-none-eabi/11.3.1/../../../../arm-none-eabi/lib/thumb/v7e-m+fp/hard\libc_nano.a(libc_a-malloc.o) (_malloc_r)
C:/ST/STM32CubeIDE_1.13.2/STM32CubeIDE/plugins/com.st.stm32cube.ide.mcu.externaltools.gnu-tools-for-stm32.11.3.rel1.win32_1.1.1.202309131626/tools/bin/../lib/gcc/arm-none-eabi/11.3.1/../../../../arm-none-eabi/lib/thumb/v7e-m+fp/hard\libc_nano.a(libc_a-mlock.o)
                              C:/ST/STM32CubeIDE_1.13.2/STM32CubeIDE/plugins/com.st.stm32cube.ide.mcu.externaltools.gnu-tools-for-stm32.11.3.rel1.win32_1.1.1.202309131626/tools/bin/../lib/gcc/arm-none-eabi/11.3.1/../../../../arm-none-eabi/lib/thumb/v7e-m+fp/hard\libc_nano.a(libc_a-mallocr.o) (__malloc_lock)
C:/ST/STM32CubeIDE_1.13.2/STM32CubeIDE/plugins/com.st.stm32cube.ide.mcu.externaltools.gnu-tools-for-stm32.11.3.rel1.win32_1.1.1.202309131626/tools/bin/../lib/gcc/arm-none-eabi/11.3.1/../../../../arm-none-eabi/lib/thumb/v7e-m+fp/hard\libc_nano.a(libc_a-findfp.o)
                              ./Middlewares/Third_Party/FreeRTOS/Source/tasks.o (__sf)
C:/ST/STM32CubeIDE_1.13.2/STM32CubeIDE/plugins/com.st.stm32cube.ide.mcu.externaltools.gnu-tools-for-stm32.11.3.rel1.win32_1.1.1.202309131626/tools/bin/../lib/gcc/arm-none-eabi/11.3.1/../../../../arm-none-eabi/lib/thumb/v7e-m+fp/hard\libc_nano.a(libc_a-fwalk.o)
                              C:/ST/STM32CubeIDE_1.13.2/STM32CubeIDE/plugins/com.st.stm32cube.ide.mcu.externaltools.gnu-tools-for-stm32.11.3.rel1.win32_1.1.1.202309131626/tools/bin/../lib/gcc/arm-none-eabi/11.3.1/../../../../arm-none-eabi/lib/thumb/v7e-m+fp/hard\libc_nano.a(libc_a-findfp.o) (_fwalk_sglue)
C:/ST/STM32CubeIDE_1.13.2/STM32CubeIDE/plugins/com.st.stm32cube.ide.mcu.externaltools.gnu-tools-for-stm32.11.3.rel1.win32_1.1.1.202309131626/tools/bin/../lib/gcc/arm-none-eabi/11.3.1/../../../../arm-none-eabi/lib/thumb/v7e-m+fp/hard\libc_nano.a(libc_a-printf.o)
                              ./os/TaskClass.o (printf)
C:/ST/STM32CubeIDE_1.13.2/STM32CubeIDE/plugins/com.st.stm32cube.ide.mcu.externaltools.gnu-tools-for-stm32.11.3.rel1.win32_1.1.1.202309131626/tools/bin/../lib/gcc/arm-none-eabi/11.3.1/../../../../arm-none-eabi/lib/thumb/v7e-m+fp/hard\libc_nano.a(libc_a-puts.o)
                              ./os/Timer.o (puts)
C:/ST/STM32CubeIDE_1.13.2/STM32CubeIDE/plugins/com.st.stm32cube.ide.mcu.externaltools.gnu-tools-for-stm32.11.3.rel1.win32_1.1.1.202309131626/tools/bin/../lib/gcc/arm-none-eabi/11.3.1/../../../../arm-none-eabi/lib/thumb/v7e-m+fp/hard\libc_nano.a(libc_a-sprintf.o)
                              ./Middlewares/Third_Party/FreeRTOS/Source/tasks.o (sprintf)
C:/ST/STM32CubeIDE_1.13.2/STM32CubeIDE/plugins/com.st.stm32cube.ide.mcu.externaltools.gnu-tools-for-stm32.11.3.rel1.win32_1.1.1.202309131626/tools/bin/../lib/gcc/arm-none-eabi/11.3.1/../../../../arm-none-eabi/lib/thumb/v7e-m+fp/hard\libc_nano.a(libc_a-stdio.o)
                              C:/ST/STM32CubeIDE_1.13.2/STM32CubeIDE/plugins/com.st.stm32cube.ide.mcu.externaltools.gnu-tools-for-stm32.11.3.rel1.win32_1.1.1.202309131626/tools/bin/../lib/gcc/arm-none-eabi/11.3.1/../../../../arm-none-eabi/lib/thumb/v7e-m+fp/hard\libc_nano.a(libc_a-findfp.o) (__sread)
[...]
Memory Configuration

Name             Origin             Length             Attributes
RAM              0x0000000020000000 0x000000000001c000 xrw
FLASH            0x0000000008000000 0x0000000000080000 xr
*default*        0x0000000000000000 0xffffffffffffffff

Linker script and memory map

LOAD C:/ST/STM32CubeIDE_1.13.2/STM32CubeIDE/plugins/com.st.stm32cube.ide.mcu.externaltools.gnu-tools-for-stm32.11.3.rel1.win32_1.1.1.202309131626/tools/bin/../lib/gcc/arm-none-eabi/11.3.1/thumb/v7e-m+fp/hard/crti.o
LOAD C:/ST/STM32CubeIDE_1.13.2/STM32CubeIDE/plugins/com.st.stm32cube.ide.mcu.externaltools.gnu-tools-for-stm32.11.3.rel1.win32_1.1.1.202309131626/tools/bin/../lib/gcc/arm-none-eabi/11.3.1/thumb/v7e-m+fp/hard/crtbegin.o
LOAD C:/ST/STM32CubeIDE_1.13.2/STM32CubeIDE/plugins/com.st.stm32cube.ide.mcu.externaltools.gnu-tools-for-stm32.11.3.rel1.win32_1.1.1.202309131626/tools/bin/../lib/gcc/arm-none-eabi/11.3.1/../../../../arm-none-eabi/lib/thumb/v7e-m+fp/hard/crt0.o
LOAD ./Core/Src/app_freertos.o
LOAD ./Core/Src/gpio.o
LOAD ./Core/Src/main.o
LOAD ./Core/Src/stm32g4xx_hal_msp.o
LOAD ./Core/Src/stm32g4xx_hal_timebase_tim.o
LOAD ./Core/Src/stm32g4xx_it.o
LOAD ./Core/Src/syscalls.o
LOAD ./Core/Src/sysmem.o
LOAD ./Core/Src/system_stm32g4xx.o
LOAD ./Core/Startup/startup_stm32g491retx.o
LOAD ./Core/ThreadSafe/newlib_lock_glue.o
LOAD ./Drivers/STM32G4xx_HAL_Driver/Src/stm32g4xx_hal.o
LOAD ./Drivers/STM32G4xx_HAL_Driver/Src/stm32g4xx_hal_cortex.o
LOAD ./Drivers/STM32G4xx_HAL_Driver/Src/stm32g4xx_hal_dma.o
LOAD ./Drivers/STM32G4xx_HAL_Driver/Src/stm32g4xx_hal_dma_ex.o
LOAD ./Drivers/STM32G4xx_HAL_Driver/Src/stm32g4xx_hal_exti.o
LOAD ./Drivers/STM32G4xx_HAL_Driver/Src/stm32g4xx_hal_flash.o
LOAD ./Drivers/STM32G4xx_HAL_Driver/Src/stm32g4xx_hal_flash_ex.o
LOAD ./Drivers/STM32G4xx_HAL_Driver/Src/stm32g4xx_hal_flash_ramfunc.o
LOAD ./Drivers/STM32G4xx_HAL_Driver/Src/stm32g4xx_hal_gpio.o
LOAD ./Drivers/STM32G4xx_HAL_Driver/Src/stm32g4xx_hal_pwr.o
LOAD ./Drivers/STM32G4xx_HAL_Driver/Src/stm32g4xx_hal_pwr_ex.o
LOAD ./Drivers/STM32G4xx_HAL_Driver/Src/stm32g4xx_hal_rcc.o
LOAD ./Drivers/STM32G4xx_HAL_Driver/Src/stm32g4xx_hal_rcc_ex.o
LOAD ./Drivers/STM32G4xx_HAL_Driver/Src/stm32g4xx_hal_tim.o
LOAD ./Drivers/STM32G4xx_HAL_Driver/Src/stm32g4xx_hal_tim_ex.o
LOAD ./Middlewares/Third_Party/FreeRTOS/Source/CMSIS_RTOS/cmsis_os.o
LOAD ./Middlewares/Third_Party/FreeRTOS/Source/croutine.o
LOAD ./Middlewares/Third_Party/FreeRTOS/Source/event_groups.o
LOAD ./Middlewares/Third_Party/FreeRTOS/Source/list.o
LOAD ./Middlewares/Third_Party/FreeRTOS/Source/queue.o
LOAD ./Middlewares/Third_Party/FreeRTOS/Source/stream_buffer.o
LOAD ./Middlewares/Third_Party/FreeRTOS/Source/tasks.o
LOAD ./Middlewares/Third_Party/FreeRTOS/Source/timers.o
LOAD ./Middlewares/Third_Party/FreeRTOS/Source/portable/GCC/ARM_CM4F/port.o
LOAD ./Middlewares/Third_Party/FreeRTOS/Source/portable/MemMang/heap_4.o
LOAD ./app/ComHandlerTask.o
LOAD ./app/TemplateTask.o
LOAD ./app/app_init.o
LOAD ./os/Message.o
LOAD ./os/MsgPool.o
LOAD ./os/Mutex.o
LOAD ./os/TaskClass.o
LOAD ./os/TaskList.o
LOAD ./os/Timer.o
LOAD ./os/operators.o
START GROUP
LOAD C:/ST/STM32CubeIDE_1.13.2/STM32CubeIDE/plugins/com.st.stm32cube.ide.mcu.externaltools.gnu-tools-for-stm32.11.3.rel1.win32_1.1.1.202309131626/tools/bin/../lib/gcc/arm-none-eabi/11.3.1/../../../../arm-none-eabi/lib/thumb/v7e-m+fp/hard\libstdc++_nano.a
LOAD C:/ST/STM32CubeIDE_1.13.2/STM32CubeIDE/plugins/com.st.stm32cube.ide.mcu.externaltools.gnu-tools-for-stm32.11.3.rel1.win32_1.1.1.202309131626/tools/bin/../lib/gcc/arm-none-eabi/11.3.1/../../../../arm-none-eabi/lib/thumb/v7e-m+fp/hard\libsupc++_nano.a
END GROUP
LOAD C:/ST/STM32CubeIDE_1.13.2/STM32CubeIDE/plugins/com.st.stm32cube.ide.mcu.externaltools.gnu-tools-for-stm32.11.3.rel1.win32_1.1.1.202309131626/tools/bin/../lib/gcc/arm-none-eabi/11.3.1/../../../../arm-none-eabi/lib/thumb/v7e-m+fp/hard\libstdc++_nano.a
LOAD C:/ST/STM32CubeIDE_1.13.2/STM32CubeIDE/plugins/com.st.stm32cube.ide.mcu.externaltools.gnu-tools-for-stm32.11.3.rel1.win32_1.1.1.202309131626/tools/bin/../lib/gcc/arm-none-eabi/11.3.1/../../../../arm-none-eabi/lib/thumb/v7e-m+fp/hard\libm.a
LOAD C:/ST/STM32CubeIDE_1.13.2/STM32CubeIDE/plugins/com.st.stm32cube.ide.mcu.externaltools.gnu-tools-for-stm32.11.3.rel1.win32_1.1.1.202309131626/tools/bin/../lib/gcc/arm-none-eabi/11.3.1/../../../../arm-none-eabi/lib/thumb/v7e-m+fp/hard\libc_nano.a
START GROUP
LOAD C:/ST/STM32CubeIDE_1.13.2/STM32CubeIDE/plugins/com.st.stm32cube.ide.mcu.externaltools.gnu-tools-for-stm32.11.3.rel1.win32_1.1.1.202309131626/tools/bin/../lib/gcc/arm-none-eabi/11.3.1/thumb/v7e-m+fp/hard\libgcc.a
LOAD C:/ST/STM32CubeIDE_1.13.2/STM32CubeIDE/plugins/com.st.stm32cube.ide.mcu.externaltools.gnu-tools-for-stm32.11.3.rel1.win32_1.1.1.202309131626/tools/bin/../lib/gcc/arm-none-eabi/11.3.1/../../../../arm-none-eabi/lib/thumb/v7e-m+fp/hard\libc_nano.a
END GROUP
START GROUP
LOAD C:/ST/STM32CubeIDE_1.13.2/STM32CubeIDE/plugins/com.st.stm32cube.ide.mcu.externaltools.gnu-tools-for-stm32.11.3.rel1.win32_1.1.1.202309131626/tools/bin/../lib/gcc/arm-none-eabi/11.3.1/thumb/v7e-m+fp/hard\libgcc.a
LOAD C:/ST/STM32CubeIDE_1.13.2/STM32CubeIDE/plugins/com.st.stm32cube.ide.mcu.externaltools.gnu-tools-for-stm32.11.3.rel1.win32_1.1.1.202309131626/tools/bin/../lib/gcc/arm-none-eabi/11.3.1/../../../../arm-none-eabi/lib/thumb/v7e-m+fp/hard\libc_nano.a
LOAD C:/ST/STM32CubeIDE_1.13.2/STM32CubeIDE/plugins/com.st.stm32cube.ide.mcu.externaltools.gnu-tools-for-stm32.11.3.rel1.win32_1.1.1.202309131626/tools/bin/../lib/gcc/arm-none-eabi/11.3.1/../../../../arm-none-eabi/lib/thumb/v7e-m+fp/hard\libnosys.a
END GROUP
START GROUP
LOAD C:/ST/STM32CubeIDE_1.13.2/STM32CubeIDE/plugins/com.st.stm32cube.ide.mcu.externaltools.gnu-tools-for-stm32.11.3.rel1.win32_1.1.1.202309131626/tools/bin/../lib/gcc/arm-none-eabi/11.3.1/thumb/v7e-m+fp/hard\libgcc.a
LOAD C:/ST/STM32CubeIDE_1.13.2/STM32CubeIDE/plugins/com.st.stm32cube.ide.mcu.externaltools.gnu-tools-for-stm32.11.3.rel1.win32_1.1.1.202309131626/tools/bin/../lib/gcc/arm-none-eabi/11.3.1/../../../../arm-none-eabi/lib/thumb/v7e-m+fp/hard\libc_nano.a
LOAD C:/ST/STM32CubeIDE_1.13.2/STM32CubeIDE/plugins/com.st.stm32cube.ide.mcu.externaltools.gnu-tools-for-stm32.11.3.rel1.win32_1.1.1.202309131626/tools/bin/../lib/gcc/arm-none-eabi/11.3.1/../../../../arm-none-eabi/lib/thumb/v7e-m+fp/hard\libnosys.a
END GROUP
LOAD C:/ST/STM32CubeIDE_1.13.2/STM32CubeIDE/plugins/com.st.stm32cube.ide.mcu.externaltools.gnu-tools-for-stm32.11.3.rel1.win32_1.1.1.202309131626/tools/bin/../lib/gcc/arm-none-eabi/11.3.1/thumb/v7e-m+fp/hard/crtend.o
LOAD C:/ST/STM32CubeIDE_1.13.2/STM32CubeIDE/plugins/com.st.stm32cube.ide.mcu.externaltools.gnu-tools-for-stm32.11.3.rel1.win32_1.1.1.202309131626/tools/bin/../lib/gcc/arm-none-eabi/11.3.1/thumb/v7e-m+fp/hard/crtn.o
                0x000000002001c000                _estack = (ORIGIN (RAM) + LENGTH (RAM))
                0x0000000000000200                _Min_Heap_Size = 0x200
                0x0000000000000400                _Min_Stack_Size = 0x400

.isr_vector     0x0000000008000000      0x1d8
                0x0000000008000000                . = ALIGN (0x4)
 *(.isr_vector)
 .isr_vector    0x0000000008000000      0x1d8 ./Core/Startup/startup_stm32g491retx.o
                0x0000000008000000                g_pfnVectors
                0x00000000080001d8                . = ALIGN (0x4)

.text           0x00000000080001e0     0x7650
                0x00000000080001e0                . = ALIGN (0x4)
 *(.text)
 .text          0x00000000080001e0       0x40 C:/ST/STM32CubeIDE_1.13.2/STM32CubeIDE/plugins/com.st.stm32cube.ide.mcu.externaltools.gnu-tools-for-stm32.11.3.rel1.win32_1.1.1.202309131626/tools/bin/../lib/gcc/arm-none-eabi/11.3.1/thumb/v7e-m+fp/hard/crtbegin.o
 .text          0x0000000008000220       0xa0 C:/ST/STM32CubeIDE_1.13.2/STM32CubeIDE/plugins/com.st.stm32cube.ide.mcu.externaltools.gnu-tools-for-stm32.11.3.rel1.win32_1.1.1.202309131626/tools/bin/../lib/gcc/arm-none-eabi/11.3.1/../../../../arm-none-eabi/lib/thumb/v7e-m+fp/hard\libc_nano.a(libc_a-memchr.o)
                0x0000000008000220                memchr
 *(.text*)
 .text.configureTimerForRunTimeStats
                0x00000000080002c0        0xe ./Core/Src/app_freertos.o
                0x00000000080002c0                configureTimerForRunTimeStats
 .text.getRunTimeCounterValue
                0x00000000080002ce       0x10 ./Core/Src/app_freertos.o
                0x00000000080002ce                getRunTimeCounterValue
 .text.vApplicationStackOverflowHook
                0x00000000080002de       0x16 ./Core/Src/app_freertos.o
                0x00000000080002de                vApplicationStackOverflowHook
 .text.vApplicationGetIdleTaskMemory
                0x00000000080002f4       0x34 ./Core/Src/app_freertos.o
                0x00000000080002f4                vApplicationGetIdleTaskMemory
 .text.vApplicationGetTimerTaskMemory
                0x0000000008000328       0x34 ./Core/Src/app_freertos.o
                0x0000000008000328                vApplicationGetTimerTaskMemory
 .text.MX_FREERTOS_Init
                0x000000000800035c       0x38 ./Core/Src/app_freertos.o
                0x000000000800035c                MX_FREERTOS_Init
 .text.StartIdleTask
                0x0000000008000394       0x1c ./Core/Src/app_freertos.o
                0x0000000008000394                StartIdleTask
 .text.MX_GPIO_Init
                0x00000000080003b0      0x100 ./Core/Src/gpio.o
                0x00000000080003b0                MX_GPIO_Init
 .text.main     0x00000000080004b0       0x1a ./Core/Src/main.o
                0x00000000080004b0                main
 .text.SystemClock_Config
                0x00000000080004ca       0x96 ./Core/Src/main.o
                0x00000000080004ca                SystemClock_Config
 .text.HAL_TIM_PeriodElapsedCallback
                0x0000000008000560       0x24 ./Core/Src/main.o
                0x0000000008000560                HAL_TIM_PeriodElapsedCallback
 .text.Error_Handler
                0x0000000008000584        0xa ./Core/Src/main.o
                0x0000000008000584                Error_Handler
 .text.assert_failed
                0x000000000800058e       0x16 ./Core/Src/main.o
                0x000000000800058e                assert_failed
 .text.HAL_MspInit
                0x00000000080005a4       0x54 ./Core/Src/stm32g4xx_hal_msp.o
                0x00000000080005a4                HAL_MspInit
 .text.HAL_InitTick
                0x00000000080005f8       0xd8 ./Core/Src/stm32g4xx_hal_timebase_tim.o
                0x00000000080005f8                HAL_InitTick
 .text.NMI_Handler
                0x00000000080006d0        0x6 ./Core/Src/stm32g4xx_it.o
                0x00000000080006d0                NMI_Handler
 .text.HardFault_Handler
                0x00000000080006d6        0x6 ./Core/Src/stm32g4xx_it.o
                0x00000000080006d6                HardFault_Handler
 .text.MemManage_Handler
                0x00000000080006dc        0x6 ./Core/Src/stm32g4xx_it.o
                0x00000000080006dc                MemManage_Handler
 .text.BusFault_Handler
                0x00000000080006e2        0x6 ./Core/Src/stm32g4xx_it.o
                0x00000000080006e2                BusFault_Handler
 .text.UsageFault_Handler
                0x00000000080006e8        0x6 ./Core/Src/stm32g4xx_it.o
                0x00000000080006e8                UsageFault_Handler
 .text.DebugMon_Handler
                0x00000000080006ee        0xe ./Core/Src/stm32g4xx_it.o
                0x00000000080006ee                DebugMon_Handler
 .text.EXTI15_10_IRQHandler
                0x00000000080006fc       0x10 ./Core/Src/stm32g4xx_it.o
                0x00000000080006fc                EXTI15_10_IRQHandler
 .text.TIM6_DAC_IRQHandler
                0x000000000800070c       0x14 ./Core/Src/stm32g4xx_it.o
                0x000000000800070c                TIM6_DAC_IRQHandler
 .text._read    0x0000000008000720       0x3a ./Core/Src/syscalls.o
                0x0000000008000720                _read
 .text._write   0x000000000800075a       0x38 ./Core/Src/syscalls.o
                0x000000000800075a                _write
 .text._close   0x0000000008000792       0x18 ./Core/Src/syscalls.o
                0x0000000008000792                _close
 .text._fstat   0x00000000080007aa       0x20 ./Core/Src/syscalls.o
                0x00000000080007aa                _fstat
 .text._isatty  0x00000000080007ca       0x16 ./Core/Src/syscalls.o
                0x00000000080007ca                _isatty
 .text._lseek   0x00000000080007e0       0x1a ./Core/Src/syscalls.o
                0x00000000080007e0                _lseek
 *fill*         0x00000000080007fa        0x2 
 .text._sbrk    0x00000000080007fc       0x6c ./Core/Src/sysmem.o
                0x00000000080007fc                _sbrk
 .text.SystemInit
                0x0000000008000868       0x24 ./Core/Src/system_stm32g4xx.o
                0x0000000008000868                SystemInit
 .text.Reset_Handler
                0x000000000800088c       0x50 ./Core/Startup/startup_stm32g491retx.o
                0x000000000800088c                Reset_Handler
 .text.Default_Handler
                0x00000000080008dc        0x2 ./Core/Startup/startup_stm32g491retx.o
                0x00000000080008dc                RTC_Alarm_IRQHandler
                0x00000000080008dc                EXTI2_IRQHandler
                0x00000000080008dc                TIM8_TRG_COM_IRQHandler
                0x00000000080008dc                TIM8_CC_IRQHandler
                0x00000000080008dc                TIM1_CC_IRQHandler
                0x00000000080008dc                USB_HP_IRQHandler
                0x00000000080008dc                CORDIC_IRQHandler
                0x00000000080008dc                DMA2_Channel8_IRQHandler
                0x00000000080008dc                EXTI3_IRQHandler
                0x00000000080008dc                I2C3_ER_IRQHandler
                0x00000000080008dc                EXTI0_IRQHandler
                0x00000000080008dc                I2C2_EV_IRQHandler
                0x00000000080008dc                FPU_IRQHandler
                0x00000000080008dc                FDCAN1_IT1_IRQHandler
                0x00000000080008dc                TIM1_UP_TIM16_IRQHandler
                0x00000000080008dc                ADC1_2_IRQHandler
                0x00000000080008dc                SPI1_IRQHandler
                0x00000000080008dc                TIM8_UP_IRQHandler
                0x00000000080008dc                DMA2_Channel2_IRQHandler
                0x00000000080008dc                DMA1_Channel4_IRQHandler
                0x00000000080008dc                TIM20_TRG_COM_IRQHandler
                0x00000000080008dc                USART3_IRQHandler
                0x00000000080008dc                DMA1_Channel7_IRQHandler
                0x00000000080008dc                UART5_IRQHandler
                0x00000000080008dc                ADC3_IRQHandler
                0x00000000080008dc                TIM4_IRQHandler
                0x00000000080008dc                DMA2_Channel1_IRQHandler
                0x00000000080008dc                QUADSPI_IRQHandler
                0x00000000080008dc                I2C1_EV_IRQHandler
                0x00000000080008dc                DMA1_Channel6_IRQHandler
                0x00000000080008dc                UART4_IRQHandler
                0x00000000080008dc                DMA2_Channel4_IRQHandler
                0x00000000080008dc                TIM3_IRQHandler
                0x00000000080008dc                RCC_IRQHandler
                0x00000000080008dc                TIM20_UP_IRQHandler
                0x00000000080008dc                DMA1_Channel1_IRQHandler
                0x00000000080008dc                Default_Handler
                0x00000000080008dc                DMA2_Channel7_IRQHandler
                0x00000000080008dc                RTC_TAMP_LSECSS_IRQHandler
                0x00000000080008dc                FMAC_IRQHandler
                0x00000000080008dc                DMA1_Channel8_IRQHandler
                0x00000000080008dc                TIM7_IRQHandler
                0x00000000080008dc                UCPD1_IRQHandler
                0x00000000080008dc                I2C3_EV_IRQHandler
                0x00000000080008dc                EXTI9_5_IRQHandler
                0x00000000080008dc                RTC_WKUP_IRQHandler
                0x00000000080008dc                PVD_PVM_IRQHandler
                0x00000000080008dc                SPI2_IRQHandler
                0x00000000080008dc                DMA2_Channel5_IRQHandler
                0x00000000080008dc                CRS_IRQHandler
                0x00000000080008dc                DMA1_Channel5_IRQHandler
                0x00000000080008dc                USB_LP_IRQHandler
                0x00000000080008dc                EXTI4_IRQHandler
                0x00000000080008dc                RNG_IRQHandler
                0x00000000080008dc                TIM1_TRG_COM_TIM17_IRQHandler
                0x00000000080008dc                FDCAN2_IT1_IRQHandler
                0x00000000080008dc                DMA1_Channel3_IRQHandler
                0x00000000080008dc                WWDG_IRQHandler
                0x00000000080008dc                FDCAN2_IT0_IRQHandler
                0x00000000080008dc                LPUART1_IRQHandler
                0x00000000080008dc                DMA2_Channel6_IRQHandler
                0x00000000080008dc                FDCAN1_IT0_IRQHandler
                0x00000000080008dc                TIM2_IRQHandler
                0x00000000080008dc                COMP1_2_3_IRQHandler
                0x00000000080008dc                EXTI1_IRQHandler
                0x00000000080008dc                USART2_IRQHandler
                0x00000000080008dc                TIM20_BRK_IRQHandler
                0x00000000080008dc                I2C2_ER_IRQHandler
                0x00000000080008dc                DMA1_Channel2_IRQHandler
                0x00000000080008dc                TIM8_BRK_IRQHandler
                0x00000000080008dc                FLASH_IRQHandler
                0x00000000080008dc                TIM20_CC_IRQHandler
                0x00000000080008dc                USART1_IRQHandler
                0x00000000080008dc                SPI3_IRQHandler
                0x00000000080008dc                I2C1_ER_IRQHandler
                0x00000000080008dc                LPTIM1_IRQHandler
                0x00000000080008dc                DMAMUX_OVR_IRQHandler
                0x00000000080008dc                USBWakeUp_IRQHandler
                0x00000000080008dc                SAI1_IRQHandler
                0x00000000080008dc                DMA2_Channel3_IRQHandler
                0x00000000080008dc                COMP4_IRQHandler
                0x00000000080008dc                TIM1_BRK_TIM15_IRQHandler
 .text.stm32_lock_init
                0x00000000080008de       0x42 ./Core/ThreadSafe/newlib_lock_glue.o
 .text.stm32_lock_acquire
                0x0000000008000920       0x60 ./Core/ThreadSafe/newlib_lock_glue.o
 .text.stm32_lock_release
                0x0000000008000980       0x54 ./Core/ThreadSafe/newlib_lock_glue.o
 .text.__retarget_lock_init_recursive
                0x00000000080009d4       0x4c ./Core/ThreadSafe/newlib_lock_glue.o
                0x00000000080009d4                __retarget_lock_init_recursive
 .text.__retarget_lock_acquire_recursive
                0x0000000008000a20       0x28 ./Core/ThreadSafe/newlib_lock_glue.o
                0x0000000008000a20                __retarget_lock_acquire_recursive
 .text.__retarget_lock_release_recursive
                0x0000000008000a48       0x28 ./Core/ThreadSafe/newlib_lock_glue.o
                0x0000000008000a48                __retarget_lock_release_recursive
 .text.HAL_Init
                0x0000000008000a70       0x30 ./Drivers/STM32G4xx_HAL_Driver/Src/stm32g4xx_hal.o
                0x0000000008000a70                HAL_Init
 .text.HAL_IncTick
                0x0000000008000aa0       0x24 ./Drivers/STM32G4xx_HAL_Driver/Src/stm32g4xx_hal.o
                0x0000000008000aa0                HAL_IncTick
 .text.HAL_GetTick
                0x0000000008000ac4       0x18 ./Drivers/STM32G4xx_HAL_Driver/Src/stm32g4xx_hal.o
                0x0000000008000ac4                HAL_GetTick
 .text.__NVIC_SetPriorityGrouping
                0x0000000008000adc       0x48 ./Drivers/STM32G4xx_HAL_Driver/Src/stm32g4xx_hal_cortex.o
 .text.__NVIC_GetPriorityGrouping
                0x0000000008000b24       0x1c ./Drivers/STM32G4xx_HAL_Driver/Src/stm32g4xx_hal_cortex.o
 .text.__NVIC_EnableIRQ
                0x0000000008000b40       0x3c ./Drivers/STM32G4xx_HAL_Driver/Src/stm32g4xx_hal_cortex.o
 .text.__NVIC_SetPriority
                0x0000000008000b7c       0x54 ./Drivers/STM32G4xx_HAL_Driver/Src/stm32g4xx_hal_cortex.o
 .text.NVIC_EncodePriority
                0x0000000008000bd0       0x66 ./Drivers/STM32G4xx_HAL_Driver/Src/stm32g4xx_hal_cortex.o
 *fill*         0x0000000008000c36        0x2 
 .text.HAL_NVIC_SetPriorityGrouping
                0x0000000008000c38       0x40 ./Drivers/STM32G4xx_HAL_Driver/Src/stm32g4xx_hal_cortex.o
                0x0000000008000c38                HAL_NVIC_SetPriorityGrouping
 .text.HAL_NVIC_SetPriority
                0x0000000008000c78       0x54 ./Drivers/STM32G4xx_HAL_Driver/Src/stm32g4xx_hal_cortex.o
                0x0000000008000c78                HAL_NVIC_SetPriority
 .text.HAL_NVIC_EnableIRQ
                0x0000000008000ccc       0x30 ./Drivers/STM32G4xx_HAL_Driver/Src/stm32g4xx_hal_cortex.o
                0x0000000008000ccc                HAL_NVIC_EnableIRQ
 .text.HAL_GPIO_Init
                0x0000000008000cfc      0x4ac ./Drivers/STM32G4xx_HAL_Driver/Src/stm32g4xx_hal_gpio.o
                0x0000000008000cfc                HAL_GPIO_Init
 .text.HAL_GPIO_WritePin
                0x00000000080011a8       0x60 ./Drivers/STM32G4xx_HAL_Driver/Src/stm32g4xx_hal_gpio.o
                0x00000000080011a8                HAL_GPIO_WritePin
 .text.HAL_GPIO_TogglePin
                0x0000000008001208       0x50 ./Drivers/STM32G4xx_HAL_Driver/Src/stm32g4xx_hal_gpio.o
                0x0000000008001208                HAL_GPIO_TogglePin
 .text.HAL_GPIO_EXTI_IRQHandler
                0x0000000008001258       0x30 ./Drivers/STM32G4xx_HAL_Driver/Src/stm32g4xx_hal_gpio.o
                0x0000000008001258                HAL_GPIO_EXTI_IRQHandler
 .text.HAL_GPIO_EXTI_Callback
                0x0000000008001288       0x16 ./Drivers/STM32G4xx_HAL_Driver/Src/stm32g4xx_hal_gpio.o
                0x0000000008001288                HAL_GPIO_EXTI_Callback
 *fill*         0x000000000800129e        0x2 
 .text.HAL_PWREx_ControlVoltageScaling
                0x00000000080012a0      0x168 ./Drivers/STM32G4xx_HAL_Driver/Src/stm32g4xx_hal_pwr_ex.o
                0x00000000080012a0                HAL_PWREx_ControlVoltageScaling
 .text.HAL_PWREx_DisableUCPDDeadBattery
                0x0000000008001408       0x20 ./Drivers/STM32G4xx_HAL_Driver/Src/stm32g4xx_hal_pwr_ex.o
                0x0000000008001408                HAL_PWREx_DisableUCPDDeadBattery
 .text.HAL_RCC_OscConfig
                0x0000000008001428      0x824 ./Drivers/STM32G4xx_HAL_Driver/Src/stm32g4xx_hal_rcc.o
                0x0000000008001428                HAL_RCC_OscConfig
 .text.HAL_RCC_ClockConfig
                0x0000000008001c4c      0x400 ./Drivers/STM32G4xx_HAL_Driver/Src/stm32g4xx_hal_rcc.o
                0x0000000008001c4c                HAL_RCC_ClockConfig
 .text.HAL_RCC_GetSysClockFreq
                0x000000000800204c       0xc4 ./Drivers/STM32G4xx_HAL_Driver/Src/stm32g4xx_hal_rcc.o
                0x000000000800204c                HAL_RCC_GetSysClockFreq
 .text.HAL_RCC_GetHCLKFreq
                0x0000000008002110       0x18 ./Drivers/STM32G4xx_HAL_Driver/Src/stm32g4xx_hal_rcc.o
                0x0000000008002110                HAL_RCC_GetHCLKFreq
 .text.HAL_RCC_GetPCLK1Freq
                0x0000000008002128       0x2c ./Drivers/STM32G4xx_HAL_Driver/Src/stm32g4xx_hal_rcc.o
                0x0000000008002128                HAL_RCC_GetPCLK1Freq
 .text.HAL_RCC_GetClockConfig
                0x0000000008002154       0x84 ./Drivers/STM32G4xx_HAL_Driver/Src/stm32g4xx_hal_rcc.o
                0x0000000008002154                HAL_RCC_GetClockConfig
 .text.RCC_GetSysClockFreqFromPLLSource
                0x00000000080021d8       0x8c ./Drivers/STM32G4xx_HAL_Driver/Src/stm32g4xx_hal_rcc.o
 .text.HAL_TIM_Base_Init
                0x0000000008002264      0x1c4 ./Drivers/STM32G4xx_HAL_Driver/Src/stm32g4xx_hal_tim.o
                0x0000000008002264                HAL_TIM_Base_Init
 .text.HAL_TIM_Base_MspInit
                0x0000000008002428       0x14 ./Drivers/STM32G4xx_HAL_Driver/Src/stm32g4xx_hal_tim.o
                0x0000000008002428                HAL_TIM_Base_MspInit
 .text.HAL_TIM_Base_Start_IT
                0x000000000800243c      0x168 ./Drivers/STM32G4xx_HAL_Driver/Src/stm32g4xx_hal_tim.o
                0x000000000800243c                HAL_TIM_Base_Start_IT
 .text.HAL_TIM_IRQHandler
                0x00000000080025a4      0x2fe ./Drivers/STM32G4xx_HAL_Driver/Src/stm32g4xx_hal_tim.o
                0x00000000080025a4                HAL_TIM_IRQHandler
 .text.HAL_TIM_OC_DelayElapsedCallback
                0x00000000080028a2       0x14 ./Drivers/STM32G4xx_HAL_Driver/Src/stm32g4xx_hal_tim.o
                0x00000000080028a2                HAL_TIM_OC_DelayElapsedCallback
 .text.HAL_TIM_IC_CaptureCallback
                0x00000000080028b6       0x14 ./Drivers/STM32G4xx_HAL_Driver/Src/stm32g4xx_hal_tim.o
                0x00000000080028b6                HAL_TIM_IC_CaptureCallback
 .text.HAL_TIM_PWM_PulseFinishedCallback
                0x00000000080028ca       0x14 ./Drivers/STM32G4xx_HAL_Driver/Src/stm32g4xx_hal_tim.o
                0x00000000080028ca                HAL_TIM_PWM_PulseFinishedCallback
 .text.HAL_TIM_TriggerCallback
                0x00000000080028de       0x14 ./Drivers/STM32G4xx_HAL_Driver/Src/stm32g4xx_hal_tim.o
                0x00000000080028de                HAL_TIM_TriggerCallback
 *fill*         0x00000000080028f2        0x2 
 .text.TIM_Base_SetConfig
                0x00000000080028f4      0x13c ./Drivers/STM32G4xx_HAL_Driver/Src/stm32g4xx_hal_tim.o
                0x00000000080028f4                TIM_Base_SetConfig
 .text.HAL_TIMEx_CommutCallback
                0x0000000008002a30       0x14 ./Drivers/STM32G4xx_HAL_Driver/Src/stm32g4xx_hal_tim_ex.o
                0x0000000008002a30                HAL_TIMEx_CommutCallback
 .text.HAL_TIMEx_BreakCallback
                0x0000000008002a44       0x14 ./Drivers/STM32G4xx_HAL_Driver/Src/stm32g4xx_hal_tim_ex.o
                0x0000000008002a44                HAL_TIMEx_BreakCallback
 .text.HAL_TIMEx_Break2Callback
                0x0000000008002a58       0x14 ./Drivers/STM32G4xx_HAL_Driver/Src/stm32g4xx_hal_tim_ex.o
                0x0000000008002a58                HAL_TIMEx_Break2Callback
 .text.HAL_TIMEx_EncoderIndexCallback
                0x0000000008002a6c       0x14 ./Drivers/STM32G4xx_HAL_Driver/Src/stm32g4xx_hal_tim_ex.o
                0x0000000008002a6c                HAL_TIMEx_EncoderIndexCallback
 .text.HAL_TIMEx_DirectionChangeCallback
                0x0000000008002a80       0x14 ./Drivers/STM32G4xx_HAL_Driver/Src/stm32g4xx_hal_tim_ex.o
                0x0000000008002a80                HAL_TIMEx_DirectionChangeCallback
 .text.HAL_TIMEx_IndexErrorCallback
                0x0000000008002a94       0x14 ./Drivers/STM32G4xx_HAL_Driver/Src/stm32g4xx_hal_tim_ex.o
                0x0000000008002a94                HAL_TIMEx_IndexErrorCallback
 .text.HAL_TIMEx_TransitionErrorCallback
                0x0000000008002aa8       0x14 ./Drivers/STM32G4xx_HAL_Driver/Src/stm32g4xx_hal_tim_ex.o
                0x0000000008002aa8                HAL_TIMEx_TransitionErrorCallback
 .text.makeFreeRtosPriority
                0x0000000008002abc       0x30 ./Middlewares/Third_Party/FreeRTOS/Source/CMSIS_RTOS/cmsis_os.o
 .text.osKernelStart
                0x0000000008002aec        0xe ./Middlewares/Third_Party/FreeRTOS/Source/CMSIS_RTOS/cmsis_os.o
                0x0000000008002aec                osKernelStart
 .text.osThreadCreate
                0x0000000008002afa       0x98 ./Middlewares/Third_Party/FreeRTOS/Source/CMSIS_RTOS/cmsis_os.o
                0x0000000008002afa                osThreadCreate
 .text.vListInitialise
                0x0000000008002b92       0x40 ./Middlewares/Third_Party/FreeRTOS/Source/list.o
                0x0000000008002b92                vListInitialise
 .text.vListInitialiseItem
                0x0000000008002bd2       0x1a ./Middlewares/Third_Party/FreeRTOS/Source/list.o
                0x0000000008002bd2                vListInitialiseItem
 .text.vListInsertEnd
                0x0000000008002bec       0x48 ./Middlewares/Third_Party/FreeRTOS/Source/list.o
                0x0000000008002bec                vListInsertEnd
 .text.vListInsert
                0x0000000008002c34       0x72 ./Middlewares/Third_Party/FreeRTOS/Source/list.o
                0x0000000008002c34                vListInsert
 .text.uxListRemove
                0x0000000008002ca6       0x54 ./Middlewares/Third_Party/FreeRTOS/Source/list.o
                0x0000000008002ca6                uxListRemove
 *fill*         0x0000000008002cfa        0x2 
 .text.xQueueGenericReset
                0x0000000008002cfc       0xd0 ./Middlewares/Third_Party/FreeRTOS/Source/queue.o
                0x0000000008002cfc                xQueueGenericReset
 .text.xQueueGenericCreateStatic
                0x0000000008002dcc       0xf0 ./Middlewares/Third_Party/FreeRTOS/Source/queue.o
                0x0000000008002dcc                xQueueGenericCreateStatic
 .text.xQueueGenericCreate
                0x0000000008002ebc       0x74 ./Middlewares/Third_Party/FreeRTOS/Source/queue.o
                0x0000000008002ebc                xQueueGenericCreate
 .text.prvInitialiseNewQueue
                0x0000000008002f30       0x46 ./Middlewares/Third_Party/FreeRTOS/Source/queue.o
 .text.prvInitialiseMutex
                0x0000000008002f76       0x34 ./Middlewares/Third_Party/FreeRTOS/Source/queue.o
 .text.xQueueCreateMutex
                0x0000000008002faa       0x30 ./Middlewares/Third_Party/FreeRTOS/Source/queue.o
                0x0000000008002faa                xQueueCreateMutex
 *fill*         0x0000000008002fda        0x2 
 .text.xQueueGenericSend
                0x0000000008002fdc      0x1fc ./Middlewares/Third_Party/FreeRTOS/Source/queue.o
                0x0000000008002fdc                xQueueGenericSend
 .text.xQueueGenericSendFromISR
                0x00000000080031d8      0x136 ./Middlewares/Third_Party/FreeRTOS/Source/queue.o
                0x00000000080031d8                xQueueGenericSendFromISR
 *fill*         0x000000000800330e        0x2 
 .text.xQueueReceive
                0x0000000008003310      0x1c0 ./Middlewares/Third_Party/FreeRTOS/Source/queue.o
                0x0000000008003310                xQueueReceive
 .text.xQueueSemaphoreTake
                0x00000000080034d0      0x218 ./Middlewares/Third_Party/FreeRTOS/Source/queue.o
                0x00000000080034d0                xQueueSemaphoreTake
 .text.vQueueDelete
                0x00000000080036e8       0x46 ./Middlewares/Third_Party/FreeRTOS/Source/queue.o
                0x00000000080036e8                vQueueDelete
 .text.prvGetDisinheritPriorityAfterTimeout
                0x000000000800372e       0x30 ./Middlewares/Third_Party/FreeRTOS/Source/queue.o
 .text.prvCopyDataToQueue
                0x000000000800375e       0xd4 ./Middlewares/Third_Party/FreeRTOS/Source/queue.o
 .text.prvCopyDataFromQueue
                0x0000000008003832       0x4c ./Middlewares/Third_Party/FreeRTOS/Source/queue.o
 .text.prvUnlockQueue
                0x000000000800387e       0xa4 ./Middlewares/Third_Party/FreeRTOS/Source/queue.o
 .text.prvIsQueueEmpty
                0x0000000008003922       0x2c ./Middlewares/Third_Party/FreeRTOS/Source/queue.o
 .text.prvIsQueueFull
                0x000000000800394e       0x30 ./Middlewares/Third_Party/FreeRTOS/Source/queue.o
 *fill*         0x000000000800397e        0x2 
 .text.vQueueAddToRegistry
                0x0000000008003980       0x54 ./Middlewares/Third_Party/FreeRTOS/Source/queue.o
                0x0000000008003980                vQueueAddToRegistry
 .text.vQueueUnregisterQueue
                0x00000000080039d4       0x54 ./Middlewares/Third_Party/FreeRTOS/Source/queue.o
                0x00000000080039d4                vQueueUnregisterQueue
 .text.vQueueWaitForMessageRestricted
                0x0000000008003a28       0x68 ./Middlewares/Third_Party/FreeRTOS/Source/queue.o
                0x0000000008003a28                vQueueWaitForMessageRestricted
 .text.xTaskCreateStatic
                0x0000000008003a90       0xba ./Middlewares/Third_Party/FreeRTOS/Source/tasks.o
                0x0000000008003a90                xTaskCreateStatic
 .text.xTaskCreate
                0x0000000008003b4a       0x8a ./Middlewares/Third_Party/FreeRTOS/Source/tasks.o
                0x0000000008003b4a                xTaskCreate
 .text.prvInitialiseNewTask
                0x0000000008003bd4      0x154 ./Middlewares/Third_Party/FreeRTOS/Source/tasks.o
 .text.prvAddNewTaskToReadyList
                0x0000000008003d28       0xdc ./Middlewares/Third_Party/FreeRTOS/Source/tasks.o
 .text.vTaskDelete
                0x0000000008003e04      0x120 ./Middlewares/Third_Party/FreeRTOS/Source/tasks.o
                0x0000000008003e04                vTaskDelete
 .text.vTaskStartScheduler
                0x0000000008003f24       0xe4 ./Middlewares/Third_Party/FreeRTOS/Source/tasks.o
                0x0000000008003f24                vTaskStartScheduler
 .text.vTaskSuspendAll
                0x0000000008004008       0x1c ./Middlewares/Third_Party/FreeRTOS/Source/tasks.o
                0x0000000008004008                vTaskSuspendAll
 .text.xTaskResumeAll
                0x0000000008004024      0x138 ./Middlewares/Third_Party/FreeRTOS/Source/tasks.o
                0x0000000008004024                xTaskResumeAll
 .text.xTaskGetTickCount
                0x000000000800415c       0x20 ./Middlewares/Third_Party/FreeRTOS/Source/tasks.o
                0x000000000800415c                xTaskGetTickCount
 .text.xTaskGetTickCountFromISR
                0x000000000800417c       0x24 ./Middlewares/Third_Party/FreeRTOS/Source/tasks.o
                0x000000000800417c                xTaskGetTickCountFromISR
 .text.xTaskIncrementTick
                0x00000000080041a0      0x170 ./Middlewares/Third_Party/FreeRTOS/Source/tasks.o
                0x00000000080041a0                xTaskIncrementTick
 .text.vTaskSwitchContext
                0x0000000008004310      0x11c ./Middlewares/Third_Party/FreeRTOS/Source/tasks.o
                0x0000000008004310                vTaskSwitchContext
 .text.vTaskPlaceOnEventList
                0x000000000800442c       0x48 ./Middlewares/Third_Party/FreeRTOS/Source/tasks.o
                0x000000000800442c                vTaskPlaceOnEventList
 .text.vTaskPlaceOnEventListRestricted
                0x0000000008004474       0x58 ./Middlewares/Third_Party/FreeRTOS/Source/tasks.o
                0x0000000008004474                vTaskPlaceOnEventListRestricted
 .text.xTaskRemoveFromEventList
                0x00000000080044cc       0xc4 ./Middlewares/Third_Party/FreeRTOS/Source/tasks.o
                0x00000000080044cc                xTaskRemoveFromEventList
 .text.vTaskInternalSetTimeOutState
                0x0000000008004590       0x2c ./Middlewares/Third_Party/FreeRTOS/Source/tasks.o
                0x0000000008004590                vTaskInternalSetTimeOutState
 .text.xTaskCheckForTimeOut
                0x00000000080045bc       0xc4 ./Middlewares/Third_Party/FreeRTOS/Source/tasks.o
                0x00000000080045bc                xTaskCheckForTimeOut
 .text.vTaskMissedYield
                0x0000000008004680       0x18 ./Middlewares/Third_Party/FreeRTOS/Source/tasks.o
                0x0000000008004680                vTaskMissedYield
 .text.prvIdleTask
                0x0000000008004698       0x30 ./Middlewares/Third_Party/FreeRTOS/Source/tasks.o
 .text.prvInitialiseTaskLists
                0x00000000080046c8       0x80 ./Middlewares/Third_Party/FreeRTOS/Source/tasks.o
 .text.prvCheckTasksWaitingTermination
                0x0000000008004748       0x5c ./Middlewares/Third_Party/FreeRTOS/Source/tasks.o
 .text.prvDeleteTCB
                0x00000000080047a4       0x68 ./Middlewares/Third_Party/FreeRTOS/Source/tasks.o
 .text.prvResetNextTaskUnblockTime
                0x000000000800480c       0x40 ./Middlewares/Third_Party/FreeRTOS/Source/tasks.o
 .text.xTaskGetCurrentTaskHandle
                0x000000000800484c       0x20 ./Middlewares/Third_Party/FreeRTOS/Source/tasks.o
                0x000000000800484c                xTaskGetCurrentTaskHandle
 .text.xTaskGetSchedulerState
                0x000000000800486c       0x3c ./Middlewares/Third_Party/FreeRTOS/Source/tasks.o
                0x000000000800486c                xTaskGetSchedulerState
 .text.xTaskPriorityInherit
                0x00000000080048a8       0xec ./Middlewares/Third_Party/FreeRTOS/Source/tasks.o
                0x00000000080048a8                xTaskPriorityInherit
 .text.xTaskPriorityDisinherit
                0x0000000008004994      0x10c ./Middlewares/Third_Party/FreeRTOS/Source/tasks.o
                0x0000000008004994                xTaskPriorityDisinherit
 .text.vTaskPriorityDisinheritAfterTimeout
                0x0000000008004aa0      0x11c ./Middlewares/Third_Party/FreeRTOS/Source/tasks.o
                0x0000000008004aa0                vTaskPriorityDisinheritAfterTimeout
 .text.pvTaskIncrementMutexHeldCount
                0x0000000008004bbc       0x28 ./Middlewares/Third_Party/FreeRTOS/Source/tasks.o
                0x0000000008004bbc                pvTaskIncrementMutexHeldCount
 .text.prvAddCurrentTaskToDelayedList
                0x0000000008004be4       0xcc ./Middlewares/Third_Party/FreeRTOS/Source/tasks.o
 .text.xTimerCreateTimerTask
                0x0000000008004cb0       0x90 ./Middlewares/Third_Party/FreeRTOS/Source/timers.o
                0x0000000008004cb0                xTimerCreateTimerTask
 .text.xTimerCreate
                0x0000000008004d40       0x42 ./Middlewares/Third_Party/FreeRTOS/Source/timers.o
                0x0000000008004d40                xTimerCreate
 .text.prvInitialiseNewTimer
                0x0000000008004d82       0x76 ./Middlewares/Third_Party/FreeRTOS/Source/timers.o
 .text.xTimerGenericCommand
                0x0000000008004df8       0x9c ./Middlewares/Third_Party/FreeRTOS/Source/timers.o
                0x0000000008004df8                xTimerGenericCommand
 .text.vTimerSetReloadMode
                0x0000000008004e94       0x66 ./Middlewares/Third_Party/FreeRTOS/Source/timers.o
                0x0000000008004e94                vTimerSetReloadMode
 *fill*         0x0000000008004efa        0x2 
 .text.prvProcessExpiredTimer
                0x0000000008004efc       0x98 ./Middlewares/Third_Party/FreeRTOS/Source/timers.o
 .text.prvTimerTask
                0x0000000008004f94       0x24 ./Middlewares/Third_Party/FreeRTOS/Source/timers.o
 .text.prvProcessTimerOrBlockTask
                0x0000000008004fb8       0x9c ./Middlewares/Third_Party/FreeRTOS/Source/timers.o
 .text.prvGetNextExpireTime
                0x0000000008005054       0x48 ./Middlewares/Third_Party/FreeRTOS/Source/timers.o
 .text.prvSampleTimeNow
                0x000000000800509c       0x40 ./Middlewares/Third_Party/FreeRTOS/Source/timers.o
 .text.prvInsertTimerInActiveList
                0x00000000080050dc       0x84 ./Middlewares/Third_Party/FreeRTOS/Source/timers.o
 .text.prvProcessReceivedCommands
                0x0000000008005160      0x18c ./Middlewares/Third_Party/FreeRTOS/Source/timers.o
 .text.prvSwitchTimerLists
                0x00000000080052ec       0xc8 ./Middlewares/Third_Party/FreeRTOS/Source/timers.o
 .text.prvCheckForValidListAndQueue
                0x00000000080053b4       0x80 ./Middlewares/Third_Party/FreeRTOS/Source/timers.o
 .text.pvTimerGetTimerID
                0x0000000008005434       0x40 ./Middlewares/Third_Party/FreeRTOS/Source/timers.o
                0x0000000008005434                pvTimerGetTimerID
 .text.pxPortInitialiseStack
                0x0000000008005474       0x68 ./Middlewares/Third_Party/FreeRTOS/Source/portable/GCC/ARM_CM4F/port.o
                0x0000000008005474                pxPortInitialiseStack
 .text.prvTaskExitError
                0x00000000080054dc       0x58 ./Middlewares/Third_Party/FreeRTOS/Source/portable/GCC/ARM_CM4F/port.o
 *fill*         0x0000000008005534        0xc 
 .text.SVC_Handler
                0x0000000008005540       0x28 ./Middlewares/Third_Party/FreeRTOS/Source/portable/GCC/ARM_CM4F/port.o
                0x0000000008005540                SVC_Handler
 .text.prvPortStartFirstTask
                0x0000000008005568       0x28 ./Middlewares/Third_Party/FreeRTOS/Source/portable/GCC/ARM_CM4F/port.o
 .text.xPortStartScheduler
                0x0000000008005590      0x144 ./Middlewares/Third_Party/FreeRTOS/Source/portable/GCC/ARM_CM4F/port.o
                0x0000000008005590                xPortStartScheduler
 .text.vPortEnterCritical
                0x00000000080056d4       0x60 ./Middlewares/Third_Party/FreeRTOS/Source/portable/GCC/ARM_CM4F/port.o
                0x00000000080056d4                vPortEnterCritical
 .text.vPortExitCritical
                0x0000000008005734       0x54 ./Middlewares/Third_Party/FreeRTOS/Source/portable/GCC/ARM_CM4F/port.o
                0x0000000008005734                vPortExitCritical
 *fill*         0x0000000008005788        0x8 
 .text.PendSV_Handler
                0x0000000008005790       0x68 ./Middlewares/Third_Party/FreeRTOS/Source/portable/GCC/ARM_CM4F/port.o
                0x0000000008005790                PendSV_Handler
 .text.SysTick_Handler
                0x00000000080057f8       0x44 ./Middlewares/Third_Party/FreeRTOS/Source/portable/GCC/ARM_CM4F/port.o
                0x00000000080057f8                SysTick_Handler
 .text.vPortSetupTimerInterrupt
                0x000000000800583c       0x48 ./Middlewares/Third_Party/FreeRTOS/Source/portable/GCC/ARM_CM4F/port.o
                0x000000000800583c                vPortSetupTimerInterrupt
 .text.vPortEnableVFP
                0x0000000008005884       0x14 ./Middlewares/Third_Party/FreeRTOS/Source/portable/GCC/ARM_CM4F/port.o
 .text.vPortValidateInterruptPriority
                0x0000000008005898       0x80 ./Middlewares/Third_Party/FreeRTOS/Source/portable/GCC/ARM_CM4F/port.o
                0x0000000008005898                vPortValidateInterruptPriority
 .text.pvPortMalloc
                0x0000000008005918      0x198 ./Middlewares/Third_Party/FreeRTOS/Source/portable/MemMang/heap_4.o
                0x0000000008005918                pvPortMalloc
 .text.vPortFree
                0x0000000008005ab0       0xc4 ./Middlewares/Third_Party/FreeRTOS/Source/portable/MemMang/heap_4.o
                0x0000000008005ab0                vPortFree
 .text.prvHeapInit
                0x0000000008005b74       0xc4 ./Middlewares/Third_Party/FreeRTOS/Source/portable/MemMang/heap_4.o
 .text.prvInsertBlockIntoFreeList
                0x0000000008005c38       0xb4 ./Middlewares/Third_Party/FreeRTOS/Source/portable/MemMang/heap_4.o
 .text._ZN14ComHandlerTaskC2E6TaskIdPKc
                0x0000000008005cec       0x6c ./app/ComHandlerTask.o
                0x0000000008005cec                ComHandlerTask::ComHandlerTask(TaskId, char const*)
                0x0000000008005cec                ComHandlerTask::ComHandlerTask(TaskId, char const*)
 .text._ZN14ComHandlerTask8instanceEv
                0x0000000008005d58       0x34 ./app/ComHandlerTask.o
                0x0000000008005d58                ComHandlerTask::instance()
 .text._ZN14ComHandlerTask13handleMessageEP7Message
                0x0000000008005d8c       0x46 ./app/ComHandlerTask.o
                0x0000000008005d8c                ComHandlerTask::handleMessage(Message*)
 *fill*         0x0000000008005dd2        0x2 
 .text._ZN14ComHandlerTaskD2Ev
                0x0000000008005dd4       0x24 ./app/ComHandlerTask.o
                0x0000000008005dd4                ComHandlerTask::~ComHandlerTask()
                0x0000000008005dd4                ComHandlerTask::~ComHandlerTask()
 .text._ZN14ComHandlerTaskD0Ev
                0x0000000008005df8       0x20 ./app/ComHandlerTask.o
                0x0000000008005df8                ComHandlerTask::~ComHandlerTask()
 .text.app_init
                0x0000000008005e18        0xc ./app/app_init.o
                0x0000000008005e18                app_init
 .text._ZN7MessageC2Ev
                0x0000000008005e24       0x16 ./os/Message.o
                0x0000000008005e24                Message::Message()
                0x0000000008005e24                Message::Message()
 *fill*         0x0000000008005e3a        0x2 
 .text._ZN7Message4initEP7MsgPool
                0x0000000008005e3c       0x20 ./os/Message.o
                0x0000000008005e3c                Message::init(MsgPool*)
 .text._ZN7Message7reserveEhh9DataUnion
                0x0000000008005e5c       0x6c ./os/Message.o
                0x0000000008005e5c                Message::reserve(unsigned char, unsigned char, DataUnion)
 .text._ZN7Message7sendMsgEv
                0x0000000008005ec8       0x88 ./os/Message.o
                0x0000000008005ec8                Message::sendMsg()
 .text._ZN7Message7freeMsgEv
                0x0000000008005f50       0x78 ./os/Message.o
                0x0000000008005f50                Message::freeMsg()
 .text._ZN7Message2idEv
                0x0000000008005fc8       0x18 ./os/Message.o
                0x0000000008005fc8                Message::id()
 .text._ZN7Message4typeEv
                0x0000000008005fe0       0x18 ./os/Message.o
                0x0000000008005fe0                Message::type()
 .text._ZN7Message4dataEv
                0x0000000008005ff8       0x4c ./os/Message.o
                0x0000000008005ff8                Message::data()
 .text.MsgPool_init
                0x0000000008006044       0x14 ./os/MsgPool.o
                0x0000000008006044                MsgPool_init
 .text._ZN7MsgPoolC2Ev
                0x0000000008006058       0x60 ./os/MsgPool.o
                0x0000000008006058                MsgPool::MsgPool()
                0x0000000008006058                MsgPool::MsgPool()
 .text._ZN7MsgPoolD2Ev
                0x00000000080060b8       0x50 ./os/MsgPool.o
                0x00000000080060b8                MsgPool::~MsgPool()
                0x00000000080060b8                MsgPool::~MsgPool()
 .text._ZN7MsgPoolD0Ev
                0x0000000008006108       0x20 ./os/MsgPool.o
                0x0000000008006108                MsgPool::~MsgPool()
 .text._ZN7MsgPool8instanceEv
                0x0000000008006128       0x2c ./os/MsgPool.o
                0x0000000008006128                MsgPool::instance()
 .text._ZN7MsgPool6resMsgEv
                0x0000000008006154       0x74 ./os/MsgPool.o
                0x0000000008006154                MsgPool::resMsg()
 .text._ZN7MsgPool7freeMsgEP7Message
                0x00000000080061c8       0x78 ./os/MsgPool.o
                0x00000000080061c8                MsgPool::freeMsg(Message*)
 .text._ZN5MutexC2Ev
                0x0000000008006240       0x28 ./os/Mutex.o
                0x0000000008006240                Mutex::Mutex()
                0x0000000008006240                Mutex::Mutex()
 .text._ZN5MutexD2Ev
                0x0000000008006268       0x28 ./os/Mutex.o
                0x0000000008006268                Mutex::~Mutex()
                0x0000000008006268                Mutex::~Mutex()
 .text._ZN5MutexD0Ev
                0x0000000008006290       0x20 ./os/Mutex.o
                0x0000000008006290                Mutex::~Mutex()
 .text._ZN5Mutex4lockEh
                0x00000000080062b0       0x28 ./os/Mutex.o
                0x00000000080062b0                Mutex::lock(unsigned char)
 .text._ZN5Mutex6unlockEv
                0x00000000080062d8       0x24 ./os/Mutex.o
                0x00000000080062d8                Mutex::unlock()
 .text._ZN4TaskC2E6TaskIdPKc
                0x00000000080062fc       0x98 ./os/TaskClass.o
                0x00000000080062fc                Task::Task(TaskId, char const*)
                0x00000000080062fc                Task::Task(TaskId, char const*)
 .text._ZN4TaskD2Ev
                0x0000000008006394       0x20 ./os/TaskClass.o
                0x0000000008006394                Task::~Task()
                0x0000000008006394                Task::~Task()
 .text._ZN4Task8mainLoopEPv
                0x00000000080063b4       0x50 ./os/TaskClass.o
                0x00000000080063b4                Task::mainLoop(void*)
 .text.TaskList_init
                0x0000000008006404        0xc ./os/TaskList.o
                0x0000000008006404                TaskList_init
 .text._ZN8TaskList8instanceEv
                0x0000000008006410       0x2c ./os/TaskList.o
                0x0000000008006410                TaskList::instance()
 .text._ZN8TaskListC2Ev
                0x000000000800643c       0x2c ./os/TaskList.o
                0x000000000800643c                TaskList::TaskList()
                0x000000000800643c                TaskList::TaskList()
 .text._ZN8TaskList11createEntryE6TaskIdPcP19tskTaskControlBlockP15QueueDefinition
                0x0000000008006468       0x94 ./os/TaskList.o
                0x0000000008006468                TaskList::createEntry(TaskId, char*, tskTaskControlBlock*, QueueDefinition*)
 .text._ZN8TaskList8getMutexEv
                0x00000000080064fc       0x18 ./os/TaskList.o
                0x00000000080064fc                TaskList::getMutex()
 .text._ZN8TaskList9getTaskIdEP19tskTaskControlBlock
                0x0000000008006514       0x50 ./os/TaskList.o
                0x0000000008006514                TaskList::getTaskId(tskTaskControlBlock*)
 .text._ZN8TaskList8getQueueE6TaskId
                0x0000000008006564       0x54 ./os/TaskList.o
                0x0000000008006564                TaskList::getQueue(TaskId)
 .text._ZN5TimerC2E6TaskId7TimerId
                0x00000000080065b8       0x78 ./os/Timer.o
                0x00000000080065b8                Timer::Timer(TaskId, TimerId)
                0x00000000080065b8                Timer::Timer(TaskId, TimerId)
 .text._ZN5TimerD2Ev
                0x0000000008006630       0x30 ./os/Timer.o
                0x0000000008006630                Timer::~Timer()
                0x0000000008006630                Timer::~Timer()
 .text._ZN5TimerD0Ev
                0x0000000008006660       0x20 ./os/Timer.o
                0x0000000008006660                Timer::~Timer()
 .text._ZN5Timer16CallbackFunctionEP15tmrTimerControl
                0x0000000008006680       0x34 ./os/Timer.o
                0x0000000008006680                Timer::CallbackFunction(tmrTimerControl*)
 .text._ZN5Timer11setIntervalEi
                0x00000000080066b4       0x3c ./os/Timer.o
                0x00000000080066b4                Timer::setInterval(int)
 .text._ZN5Timer13setSingleShotEb
                0x00000000080066f0       0x28 ./os/Timer.o
                0x00000000080066f0                Timer::setSingleShot(bool)
 .text._ZN5Timer5startEv
                0x0000000008006718       0x84 ./os/Timer.o
                0x0000000008006718                Timer::start()
 .text._ZN5Timer11isInterruptEv
                0x000000000800679c       0x2c ./os/Timer.o
                0x000000000800679c                Timer::isInterrupt()
 .text._Znwj    0x00000000080067c8       0x18 ./os/operators.o
                0x00000000080067c8                operator new(unsigned int)
 .text._ZdlPv   0x00000000080067e0       0x16 ./os/operators.o
                0x00000000080067e0                operator delete(void*)
 .text._ZdlPvj  0x00000000080067f6        0x4 C:/ST/STM32CubeIDE_1.13.2/STM32CubeIDE/plugins/com.st.stm32cube.ide.mcu.externaltools.gnu-tools-for-stm32.11.3.rel1.win32_1.1.1.202309131626/tools/bin/../lib/gcc/arm-none-eabi/11.3.1/../../../../arm-none-eabi/lib/thumb/v7e-m+fp/hard\libstdc++_nano.a(del_ops.o)
                0x00000000080067f6                operator delete(void*, unsigned int)
 *fill*         0x00000000080067fa        0x2 
 .text.malloc   0x00000000080067fc       0x10 C:/ST/STM32CubeIDE_1.13.2/STM32CubeIDE/plugins/com.st.stm32cube.ide.mcu.externaltools.gnu-tools-for-stm32.11.3.rel1.win32_1.1.1.202309131626/tools/bin/../lib/gcc/arm-none-eabi/11.3.1/../../../../arm-none-eabi/lib/thumb/v7e-m+fp/hard\libc_nano.a(libc_a-malloc.o)
                0x00000000080067fc                malloc
 .text.sbrk_aligned
                0x000000000800680c       0x40 C:/ST/STM32CubeIDE_1.13.2/STM32CubeIDE/plugins/com.st.stm32cube.ide.mcu.externaltools.gnu-tools-for-stm32.11.3.rel1.win32_1.1.1.202309131626/tools/bin/../lib/gcc/arm-none-eabi/11.3.1/../../../../arm-none-eabi/lib/thumb/v7e-m+fp/hard\libc_nano.a(libc_a-mallocr.o)
 .text._malloc_r
                0x000000000800684c      0x100 C:/ST/STM32CubeIDE_1.13.2/STM32CubeIDE/plugins/com.st.stm32cube.ide.mcu.externaltools.gnu-tools-for-stm32.11.3.rel1.win32_1.1.1.202309131626/tools/bin/../lib/gcc/arm-none-eabi/11.3.1/../../../../arm-none-eabi/lib/thumb/v7e-m+fp/hard\libc_nano.a(libc_a-mallocr.o)
                0x000000000800684c                _malloc_r
 .text.__malloc_lock
                0x000000000800694c        0xc C:/ST/STM32CubeIDE_1.13.2/STM32CubeIDE/plugins/com.st.stm32cube.ide.mcu.externaltools.gnu-tools-for-stm32.11.3.rel1.win32_1.1.1.202309131626/tools/bin/../lib/gcc/arm-none-eabi/11.3.1/../../../../arm-none-eabi/lib/thumb/v7e-m+fp/hard\libc_nano.a(libc_a-mlock.o)
                0x000000000800694c                __malloc_lock
 .text.__malloc_unlock
                0x0000000008006958        0xc C:/ST/STM32CubeIDE_1.13.2/STM32CubeIDE/plugins/com.st.stm32cube.ide.mcu.externaltools.gnu-tools-for-stm32.11.3.rel1.win32_1.1.1.202309131626/tools/bin/../lib/gcc/arm-none-eabi/11.3.1/../../../../arm-none-eabi/lib/thumb/v7e-m+fp/hard\libc_nano.a(libc_a-mlock.o)
                0x0000000008006958                __malloc_unlock
 .text.std      0x0000000008006964       0x6c C:/ST/STM32CubeIDE_1.13.2/STM32CubeIDE/plugins/com.st.stm32cube.ide.mcu.externaltools.gnu-tools-for-stm32.11.3.rel1.win32_1.1.1.202309131626/tools/bin/../lib/gcc/arm-none-eabi/11.3.1/../../../../arm-none-eabi/lib/thumb/v7e-m+fp/hard\libc_nano.a(libc_a-findfp.o)
 .text.stdio_exit_handler
                0x00000000080069d0       0x18 C:/ST/STM32CubeIDE_1.13.2/STM32CubeIDE/plugins/com.st.stm32cube.ide.mcu.externaltools.gnu-tools-for-stm32.11.3.rel1.win32_1.1.1.202309131626/tools/bin/../lib/gcc/arm-none-eabi/11.3.1/../../../../arm-none-eabi/lib/thumb/v7e-m+fp/hard\libc_nano.a(libc_a-findfp.o)
 .text.cleanup_stdio
                0x00000000080069e8       0x40 C:/ST/STM32CubeIDE_1.13.2/STM32CubeIDE/plugins/com.st.stm32cube.ide.mcu.externaltools.gnu-tools-for-stm32.11.3.rel1.win32_1.1.1.202309131626/tools/bin/../lib/gcc/arm-none-eabi/11.3.1/../../../../arm-none-eabi/lib/thumb/v7e-m+fp/hard\libc_nano.a(libc_a-findfp.o)
 .text.global_stdio_init.part.0
                0x0000000008006a28       0x3c C:/ST/STM32CubeIDE_1.13.2/STM32CubeIDE/plugins/com.st.stm32cube.ide.mcu.externaltools.gnu-tools-for-stm32.11.3.rel1.win32_1.1.1.202309131626/tools/bin/../lib/gcc/arm-none-eabi/11.3.1/../../../../arm-none-eabi/lib/thumb/v7e-m+fp/hard\libc_nano.a(libc_a-findfp.o)
 .text.__sfp_lock_acquire
                0x0000000008006a64        0xc C:/ST/STM32CubeIDE_1.13.2/STM32CubeIDE/plugins/com.st.stm32cube.ide.mcu.externaltools.gnu-tools-for-stm32.11.3.rel1.win32_1.1.1.202309131626/tools/bin/../lib/gcc/arm-none-eabi/11.3.1/../../../../arm-none-eabi/lib/thumb/v7e-m+fp/hard\libc_nano.a(libc_a-findfp.o)
                0x0000000008006a64                __sfp_lock_acquire
 .text.__sfp_lock_release
                0x0000000008006a70        0xc C:/ST/STM32CubeIDE_1.13.2/STM32CubeIDE/plugins/com.st.stm32cube.ide.mcu.externaltools.gnu-tools-for-stm32.11.3.rel1.win32_1.1.1.202309131626/tools/bin/../lib/gcc/arm-none-eabi/11.3.1/../../../../arm-none-eabi/lib/thumb/v7e-m+fp/hard\libc_nano.a(libc_a-findfp.o)
                0x0000000008006a70                __sfp_lock_release
 .text.__sinit  0x0000000008006a7c       0x30 C:/ST/STM32CubeIDE_1.13.2/STM32CubeIDE/plugins/com.st.stm32cube.ide.mcu.externaltools.gnu-tools-for-stm32.11.3.rel1.win32_1.1.1.202309131626/tools/bin/../lib/gcc/arm-none-eabi/11.3.1/../../../../arm-none-eabi/lib/thumb/v7e-m+fp/hard\libc_nano.a(libc_a-findfp.o)
                0x0000000008006a7c                __sinit
 .text._fwalk_sglue
                0x0000000008006aac       0x3c C:/ST/STM32CubeIDE_1.13.2/STM32CubeIDE/plugins/com.st.stm32cube.ide.mcu.externaltools.gnu-tools-for-stm32.11.3.rel1.win32_1.1.1.202309131626/tools/bin/../lib/gcc/arm-none-eabi/11.3.1/../../../../arm-none-eabi/lib/thumb/v7e-m+fp/hard\libc_nano.a(libc_a-fwalk.o)
                0x0000000008006aac                _fwalk_sglue
 .text.printf   0x0000000008006ae8       0x24 C:/ST/STM32CubeIDE_1.13.2/STM32CubeIDE/plugins/com.st.stm32cube.ide.mcu.externaltools.gnu-tools-for-stm32.11.3.rel1.win32_1.1.1.202309131626/tools/bin/../lib/gcc/arm-none-eabi/11.3.1/../../../../arm-none-eabi/lib/thumb/v7e-m+fp/hard\libc_nano.a(libc_a-printf.o)
                0x0000000008006ae8                iprintf
                0x0000000008006ae8                printf
 .text._puts_r  0x0000000008006b0c       0xa8 C:/ST/STM32CubeIDE_1.13.2/STM32CubeIDE/plugins/com.st.stm32cube.ide.mcu.externaltools.gnu-tools-for-stm32.11.3.rel1.win32_1.1.1.202309131626/tools/bin/../lib/gcc/arm-none-eabi/11.3.1/../../../../arm-none-eabi/lib/thumb/v7e-m+fp/hard\libc_nano.a(libc_a-puts.o)
                0x0000000008006b0c                _puts_r
 .text.puts     0x0000000008006bb4       0x10 C:/ST/STM32CubeIDE_1.13.2/STM32CubeIDE/plugins/com.st.stm32cube.ide.mcu.externaltools.gnu-tools-for-stm32.11.3.rel1.win32_1.1.1.202309131626/tools/bin/../lib/gcc/arm-none-eabi/11.3.1/../../../../arm-none-eabi/lib/thumb/v7e-m+fp/hard\libc_nano.a(libc_a-puts.o)
                0x0000000008006bb4                puts
 .text.__sread  0x0000000008006bc4       0x22 C:/ST/STM32CubeIDE_1.13.2/STM32CubeIDE/plugins/com.st.stm32cube.ide.mcu.externaltools.gnu-tools-for-stm32.11.3.rel1.win32_1.1.1.202309131626/tools/bin/../lib/gcc/arm-none-eabi/11.3.1/../../../../arm-none-eabi/lib/thumb/v7e-m+fp/hard\libc_nano.a(libc_a-stdio.o)
                0x0000000008006bc4                __sread
 .text.__swrite
                0x0000000008006be6       0x38 C:/ST/STM32CubeIDE_1.13.2/STM32CubeIDE/plugins/com.st.stm32cube.ide.mcu.externaltools.gnu-tools-for-stm32.11.3.rel1.win32_1.1.1.202309131626/tools/bin/../lib/gcc/arm-none-eabi/11.3.1/../../../../arm-none-eabi/lib/thumb/v7e-m+fp/hard\libc_nano.a(libc_a-stdio.o)
                0x0000000008006be6                __swrite
 .text.__sseek  0x0000000008006c1e       0x24 C:/ST/STM32CubeIDE_1.13.2/STM32CubeIDE/plugins/com.st.stm32cube.ide.mcu.externaltools.gnu-tools-for-stm32.11.3.rel1.win32_1.1.1.202309131626/tools/bin/../lib/gcc/arm-none-eabi/11.3.1/../../../../arm-none-eabi/lib/thumb/v7e-m+fp/hard\libc_nano.a(libc_a-stdio.o)
                0x0000000008006c1e                __sseek
 .text.__sclose
                0x0000000008006c42        0x8 C:/ST/STM32CubeIDE_1.13.2/STM32CubeIDE/plugins/com.st.stm32cube.ide.mcu.externaltools.gnu-tools-for-stm32.11.3.rel1.win32_1.1.1.202309131626/tools/bin/../lib/gcc/arm-none-eabi/11.3.1/../../../../arm-none-eabi/lib/thumb/v7e-m+fp/hard\libc_nano.a(libc_a-stdio.o)
                0x0000000008006c42                __sclose
 .text.__swbuf_r
                0x0000000008006c4a       0x7a C:/ST/STM32CubeIDE_1.13.2/STM32CubeIDE/plugins/com.st.stm32cube.ide.mcu.externaltools.gnu-tools-for-stm32.11.3.rel1.win32_1.1.1.202309131626/tools/bin/../lib/gcc/arm-none-eabi/11.3.1/../../../../arm-none-eabi/lib/thumb/v7e-m+fp/hard\libc_nano.a(libc_a-wbuf.o)
                0x0000000008006c4a                __swbuf_r
 .text.__swsetup_r
                0x0000000008006cc4       0xb0 C:/ST/STM32CubeIDE_1.13.2/STM32CubeIDE/plugins/com.st.stm32cube.ide.mcu.externaltools.gnu-tools-for-stm32.11.3.rel1.win32_1.1.1.202309131626/tools/bin/../lib/gcc/arm-none-eabi/11.3.1/../../../../arm-none-eabi/lib/thumb/v7e-m+fp/hard\libc_nano.a(libc_a-wsetup.o)
                0x0000000008006cc4                __swsetup_r
 .text.memset   0x0000000008006d74       0x10 C:/ST/STM32CubeIDE_1.13.2/STM32CubeIDE/plugins/com.st.stm32cube.ide.mcu.externaltools.gnu-tools-for-stm32.11.3.rel1.win32_1.1.1.202309131626/tools/bin/../lib/gcc/arm-none-eabi/11.3.1/../../../../arm-none-eabi/lib/thumb/v7e-m+fp/hard\libc_nano.a(libc_a-memset.o)
                0x0000000008006d74                memset
 .text.strncpy  0x0000000008006d84       0x26 C:/ST/STM32CubeIDE_1.13.2/STM32CubeIDE/plugins/com.st.stm32cube.ide.mcu.externaltools.gnu-tools-for-stm32.11.3.rel1.win32_1.1.1.202309131626/tools/bin/../lib/gcc/arm-none-eabi/11.3.1/../../../../arm-none-eabi/lib/thumb/v7e-m+fp/hard\libc_nano.a(libc_a-strncpy.o)
                0x0000000008006d84                strncpy
 *fill*         0x0000000008006daa        0x2 
 .text._close_r
                0x0000000008006dac       0x20 C:/ST/STM32CubeIDE_1.13.2/STM32CubeIDE/plugins/com.st.stm32cube.ide.mcu.externaltools.gnu-tools-for-stm32.11.3.rel1.win32_1.1.1.202309131626/tools/bin/../lib/gcc/arm-none-eabi/11.3.1/../../../../arm-none-eabi/lib/thumb/v7e-m+fp/hard\libc_nano.a(libc_a-closer.o)
                0x0000000008006dac                _close_r
 .text._reclaim_reent
                0x0000000008006dcc       0xac C:/ST/STM32CubeIDE_1.13.2/STM32CubeIDE/plugins/com.st.stm32cube.ide.mcu.externaltools.gnu-tools-for-stm32.11.3.rel1.win32_1.1.1.202309131626/tools/bin/../lib/gcc/arm-none-eabi/11.3.1/../../../../arm-none-eabi/lib/thumb/v7e-m+fp/hard\libc_nano.a(libc_a-reent.o)
                0x0000000008006dcc                _reclaim_reent
 .text._lseek_r
                0x0000000008006e78       0x24 C:/ST/STM32CubeIDE_1.13.2/STM32CubeIDE/plugins/com.st.stm32cube.ide.mcu.externaltools.gnu-tools-for-stm32.11.3.rel1.win32_1.1.1.202309131626/tools/bin/../lib/gcc/arm-none-eabi/11.3.1/../../../../arm-none-eabi/lib/thumb/v7e-m+fp/hard\libc_nano.a(libc_a-lseekr.o)
                0x0000000008006e78                _lseek_r
 .text._read_r  0x0000000008006e9c       0x24 C:/ST/STM32CubeIDE_1.13.2/STM32CubeIDE/plugins/com.st.stm32cube.ide.mcu.externaltools.gnu-tools-for-stm32.11.3.rel1.win32_1.1.1.202309131626/tools/bin/../lib/gcc/arm-none-eabi/11.3.1/../../../../arm-none-eabi/lib/thumb/v7e-m+fp/hard\libc_nano.a(libc_a-readr.o)
                0x0000000008006e9c                _read_r
 .text._sbrk_r  0x0000000008006ec0       0x20 C:/ST/STM32CubeIDE_1.13.2/STM32CubeIDE/plugins/com.st.stm32cube.ide.mcu.externaltools.gnu-tools-for-stm32.11.3.rel1.win32_1.1.1.202309131626/tools/bin/../lib/gcc/arm-none-eabi/11.3.1/../../../../arm-none-eabi/lib/thumb/v7e-m+fp/hard\libc_nano.a(libc_a-sbrkr.o)
                0x0000000008006ec0                _sbrk_r
 .text._write_r
                0x0000000008006ee0       0x24 C:/ST/STM32CubeIDE_1.13.2/STM32CubeIDE/plugins/com.st.stm32cube.ide.mcu.externaltools.gnu-tools-for-stm32.11.3.rel1.win32_1.1.1.202309131626/tools/bin/../lib/gcc/arm-none-eabi/11.3.1/../../../../arm-none-eabi/lib/thumb/v7e-m+fp/hard\libc_nano.a(libc_a-writer.o)
                0x0000000008006ee0                _write_r
 .text.__errno  0x0000000008006f04        0xc C:/ST/STM32CubeIDE_1.13.2/STM32CubeIDE/plugins/com.st.stm32cube.ide.mcu.externaltools.gnu-tools-for-stm32.11.3.rel1.win32_1.1.1.202309131626/tools/bin/../lib/gcc/arm-none-eabi/11.3.1/../../../../arm-none-eabi/lib/thumb/v7e-m+fp/hard\libc_nano.a(libc_a-errno.o)
                0x0000000008006f04                __errno
 .text.__libc_init_array
                0x0000000008006f10       0x48 C:/ST/STM32CubeIDE_1.13.2/STM32CubeIDE/plugins/com.st.stm32cube.ide.mcu.externaltools.gnu-tools-for-stm32.11.3.rel1.win32_1.1.1.202309131626/tools/bin/../lib/gcc/arm-none-eabi/11.3.1/../../../../arm-none-eabi/lib/thumb/v7e-m+fp/hard\libc_nano.a(libc_a-init.o)
                0x0000000008006f10                __libc_init_array
 .text.memcpy   0x0000000008006f58       0x1c C:/ST/STM32CubeIDE_1.13.2/STM32CubeIDE/plugins/com.st.stm32cube.ide.mcu.externaltools.gnu-tools-for-stm32.11.3.rel1.win32_1.1.1.202309131626/tools/bin/../lib/gcc/arm-none-eabi/11.3.1/../../../../arm-none-eabi/lib/thumb/v7e-m+fp/hard\libc_nano.a(libc_a-memcpy-stub.o)
                0x0000000008006f58                memcpy
 .text._free_r  0x0000000008006f74       0x98 C:/ST/STM32CubeIDE_1.13.2/STM32CubeIDE/plugins/com.st.stm32cube.ide.mcu.externaltools.gnu-tools-for-stm32.11.3.rel1.win32_1.1.1.202309131626/tools/bin/../lib/gcc/arm-none-eabi/11.3.1/../../../../arm-none-eabi/lib/thumb/v7e-m+fp/hard\libc_nano.a(libc_a-freer.o)
                0x0000000008006f74                _free_r
 .text.__sfputc_r
                0x000000000800700c       0x2e C:/ST/STM32CubeIDE_1.13.2/STM32CubeIDE/plugins/com.st.stm32cube.ide.mcu.externaltools.gnu-tools-for-stm32.11.3.rel1.win32_1.1.1.202309131626/tools/bin/../lib/gcc/arm-none-eabi/11.3.1/../../../../arm-none-eabi/lib/thumb/v7e-m+fp/hard\libc_nano.a(libc_a-nano-vfprintf.o)
 .text.__sfputs_r
                0x000000000800703a       0x24 C:/ST/STM32CubeIDE_1.13.2/STM32CubeIDE/plugins/com.st.stm32cube.ide.mcu.externaltools.gnu-tools-for-stm32.11.3.rel1.win32_1.1.1.202309131626/tools/bin/../lib/gcc/arm-none-eabi/11.3.1/../../../../arm-none-eabi/lib/thumb/v7e-m+fp/hard\libc_nano.a(libc_a-nano-vfprintf.o)
                0x000000000800703a                __sfputs_r
 *fill*         0x000000000800705e        0x2 
 .text._vfprintf_r
                0x0000000008007060      0x234 C:/ST/STM32CubeIDE_1.13.2/STM32CubeIDE/plugins/com.st.stm32cube.ide.mcu.externaltools.gnu-tools-for-stm32.11.3.rel1.win32_1.1.1.202309131626/tools/bin/../lib/gcc/arm-none-eabi/11.3.1/../../../../arm-none-eabi/lib/thumb/v7e-m+fp/hard\libc_nano.a(libc_a-nano-vfprintf.o)
                0x0000000008007060                _vfprintf_r
                0x0000000008007060                _vfiprintf_r
 .text._printf_common
                0x0000000008007294       0xda C:/ST/STM32CubeIDE_1.13.2/STM32CubeIDE/plugins/com.st.stm32cube.ide.mcu.externaltools.gnu-tools-for-stm32.11.3.rel1.win32_1.1.1.202309131626/tools/bin/../lib/gcc/arm-none-eabi/11.3.1/../../../../arm-none-eabi/lib/thumb/v7e-m+fp/hard\libc_nano.a(libc_a-nano-vfprintf_i.o)
                0x0000000008007294                _printf_common
 *fill*         0x000000000800736e        0x2 
 .text._printf_i
                0x0000000008007370      0x244 C:/ST/STM32CubeIDE_1.13.2/STM32CubeIDE/plugins/com.st.stm32cube.ide.mcu.externaltools.gnu-tools-for-stm32.11.3.rel1.win32_1.1.1.202309131626/tools/bin/../lib/gcc/arm-none-eabi/11.3.1/../../../../arm-none-eabi/lib/thumb/v7e-m+fp/hard\libc_nano.a(libc_a-nano-vfprintf_i.o)
                0x0000000008007370                _printf_i
 .text.__sflush_r
                0x00000000080075b4      0x10c C:/ST/STM32CubeIDE_1.13.2/STM32CubeIDE/plugins/com.st.stm32cube.ide.mcu.externaltools.gnu-tools-for-stm32.11.3.rel1.win32_1.1.1.202309131626/tools/bin/../lib/gcc/arm-none-eabi/11.3.1/../../../../arm-none-eabi/lib/thumb/v7e-m+fp/hard\libc_nano.a(libc_a-fflush.o)
                0x00000000080075b4                __sflush_r
 .text._fflush_r
                0x00000000080076c0       0x50 C:/ST/STM32CubeIDE_1.13.2/STM32CubeIDE/plugins/com.st.stm32cube.ide.mcu.externaltools.gnu-tools-for-stm32.11.3.rel1.win32_1.1.1.202309131626/tools/bin/../lib/gcc/arm-none-eabi/11.3.1/../../../../arm-none-eabi/lib/thumb/v7e-m+fp/hard\libc_nano.a(libc_a-fflush.o)
                0x00000000080076c0                _fflush_r
 .text.__swhatbuf_r
                0x0000000008007710       0x4c C:/ST/STM32CubeIDE_1.13.2/STM32CubeIDE/plugins/com.st.stm32cube.ide.mcu.externaltools.gnu-tools-for-stm32.11.3.rel1.win32_1.1.1.202309131626/tools/bin/../lib/gcc/arm-none-eabi/11.3.1/../../../../arm-none-eabi/lib/thumb/v7e-m+fp/hard\libc_nano.a(libc_a-makebuf.o)
                0x0000000008007710                __swhatbuf_r
 .text.__smakebuf_r
                0x000000000800775c       0x78 C:/ST/STM32CubeIDE_1.13.2/STM32CubeIDE/plugins/com.st.stm32cube.ide.mcu.externaltools.gnu-tools-for-stm32.11.3.rel1.win32_1.1.1.202309131626/tools/bin/../lib/gcc/arm-none-eabi/11.3.1/../../../../arm-none-eabi/lib/thumb/v7e-m+fp/hard\libc_nano.a(libc_a-makebuf.o)
                0x000000000800775c                __smakebuf_r
 .text._fstat_r
                0x00000000080077d4       0x24 C:/ST/STM32CubeIDE_1.13.2/STM32CubeIDE/plugins/com.st.stm32cube.ide.mcu.externaltools.gnu-tools-for-stm32.11.3.rel1.win32_1.1.1.202309131626/tools/bin/../lib/gcc/arm-none-eabi/11.3.1/../../../../arm-none-eabi/lib/thumb/v7e-m+fp/hard\libc_nano.a(libc_a-fstatr.o)
                0x00000000080077d4                _fstat_r
 .text._isatty_r
                0x00000000080077f8       0x20 C:/ST/STM32CubeIDE_1.13.2/STM32CubeIDE/plugins/com.st.stm32cube.ide.mcu.externaltools.gnu-tools-for-stm32.11.3.rel1.win32_1.1.1.202309131626/tools/bin/../lib/gcc/arm-none-eabi/11.3.1/../../../../arm-none-eabi/lib/thumb/v7e-m+fp/hard\libc_nano.a(libc_a-isattyr.o)
                0x00000000080077f8                _isatty_r
 *(.glue_7)
 .glue_7        0x0000000008007818        0x0 linker stubs
 *(.glue_7t)
 .glue_7t       0x0000000008007818        0x0 linker stubs
 *(.eh_frame)
 .eh_frame      0x0000000008007818        0x0 C:/ST/STM32CubeIDE_1.13.2/STM32CubeIDE/plugins/com.st.stm32cube.ide.mcu.externaltools.gnu-tools-for-stm32.11.3.rel1.win32_1.1.1.202309131626/tools/bin/../lib/gcc/arm-none-eabi/11.3.1/thumb/v7e-m+fp/hard/crtbegin.o
 *(.init)
 .init          0x0000000008007818        0x4 C:/ST/STM32CubeIDE_1.13.2/STM32CubeIDE/plugins/com.st.stm32cube.ide.mcu.externaltools.gnu-tools-for-stm32.11.3.rel1.win32_1.1.1.202309131626/tools/bin/../lib/gcc/arm-none-eabi/11.3.1/thumb/v7e-m+fp/hard/crti.o
                0x0000000008007818                _init
 .init          0x000000000800781c        0x8 C:/ST/STM32CubeIDE_1.13.2/STM32CubeIDE/plugins/com.st.stm32cube.ide.mcu.externaltools.gnu-tools-for-stm32.11.3.rel1.win32_1.1.1.202309131626/tools/bin/../lib/gcc/arm-none-eabi/11.3.1/thumb/v7e-m+fp/hard/crtn.o
 *(.fini)
 .fini          0x0000000008007824        0x4 C:/ST/STM32CubeIDE_1.13.2/STM32CubeIDE/plugins/com.st.stm32cube.ide.mcu.externaltools.gnu-tools-for-stm32.11.3.rel1.win32_1.1.1.202309131626/tools/bin/../lib/gcc/arm-none-eabi/11.3.1/thumb/v7e-m+fp/hard/crti.o
                0x0000000008007824                _fini
 .fini          0x0000000008007828        0x8 C:/ST/STM32CubeIDE_1.13.2/STM32CubeIDE/plugins/com.st.stm32cube.ide.mcu.externaltools.gnu-tools-for-stm32.11.3.rel1.win32_1.1.1.202309131626/tools/bin/../lib/gcc/arm-none-eabi/11.3.1/thumb/v7e-m+fp/hard/crtn.o
                0x0000000008007830                . = ALIGN (0x4)
                0x0000000008007830                _etext = .

.vfp11_veneer   0x0000000008007830        0x0
 .vfp11_veneer  0x0000000008007830        0x0 linker stubs

.v4_bx          0x0000000008007830        0x0
 .v4_bx         0x0000000008007830        0x0 linker stubs

.iplt           0x0000000008007830        0x0
 .iplt          0x0000000008007830        0x0 C:/ST/STM32CubeIDE_1.13.2/STM32CubeIDE/plugins/com.st.stm32cube.ide.mcu.externaltools.gnu-tools-for-stm32.11.3.rel1.win32_1.1.1.202309131626/tools/bin/../lib/gcc/arm-none-eabi/11.3.1/thumb/v7e-m+fp/hard/crtbegin.o

.rodata         0x0000000008007830      0x26c
                0x0000000008007830                . = ALIGN (0x4)
 *(.rodata)
 .rodata        0x0000000008007830       0x28 ./Core/Src/app_freertos.o
 .rodata        0x0000000008007858       0x3b ./Drivers/STM32G4xx_HAL_Driver/Src/stm32g4xx_hal_cortex.o
 *fill*         0x0000000008007893        0x1 
 .rodata        0x0000000008007894       0x39 ./Drivers/STM32G4xx_HAL_Driver/Src/stm32g4xx_hal_gpio.o
 *fill*         0x00000000080078cd        0x3 
 .rodata        0x00000000080078d0       0x3b ./Drivers/STM32G4xx_HAL_Driver/Src/stm32g4xx_hal_pwr_ex.o
 *fill*         0x000000000800790b        0x1 
 .rodata        0x000000000800790c       0x38 ./Drivers/STM32G4xx_HAL_Driver/Src/stm32g4xx_hal_rcc.o
 .rodata        0x0000000008007944       0x38 ./Drivers/STM32G4xx_HAL_Driver/Src/stm32g4xx_hal_tim.o
 .rodata        0x000000000800797c       0x30 ./Middlewares/Third_Party/FreeRTOS/Source/tasks.o
 .rodata        0x00000000080079ac        0xd ./Middlewares/Third_Party/FreeRTOS/Source/timers.o
 *fill*         0x00000000080079b9        0x3 
 .rodata        0x00000000080079bc       0x10 ./app/ComHandlerTask.o
 .rodata        0x00000000080079cc       0x10 ./os/TaskClass.o
 .rodata        0x00000000080079dc       0x1b ./os/Timer.o
 *(.rodata*)
 *fill*         0x00000000080079f7        0x1 
 .rodata.AHBPrescTable
                0x00000000080079f8       0x10 ./Core/Src/system_stm32g4xx.o
                0x00000000080079f8                AHBPrescTable
 .rodata.APBPrescTable
                0x0000000008007a08        0x8 ./Core/Src/system_stm32g4xx.o
                0x0000000008007a08                APBPrescTable
 .rodata._ZTV14ComHandlerTask
                0x0000000008007a10       0x14 ./app/ComHandlerTask.o
                0x0000000008007a10                vtable for ComHandlerTask
 .rodata._ZTV7MsgPool
                0x0000000008007a24       0x10 ./os/MsgPool.o
                0x0000000008007a24                vtable for MsgPool
 .rodata._ZTV5Mutex
                0x0000000008007a34       0x10 ./os/Mutex.o
                0x0000000008007a34                vtable for Mutex
 .rodata._ZTV4Task
                0x0000000008007a44       0x14 ./os/TaskClass.o
                0x0000000008007a44                vtable for Task
 .rodata._ZTV5Timer
                0x0000000008007a58       0x10 ./os/Timer.o
                0x0000000008007a58                vtable for Timer
 .rodata._vfprintf_r.str1.1
                0x0000000008007a68       0x11 C:/ST/STM32CubeIDE_1.13.2/STM32CubeIDE/plugins/com.st.stm32cube.ide.mcu.externaltools.gnu-tools-for-stm32.11.3.rel1.win32_1.1.1.202309131626/tools/bin/../lib/gcc/arm-none-eabi/11.3.1/../../../../arm-none-eabi/lib/thumb/v7e-m+fp/hard\libc_nano.a(libc_a-nano-vfprintf.o)
 .rodata._printf_i.str1.1
                0x0000000008007a79       0x22 C:/ST/STM32CubeIDE_1.13.2/STM32CubeIDE/plugins/com.st.stm32cube.ide.mcu.externaltools.gnu-tools-for-stm32.11.3.rel1.win32_1.1.1.202309131626/tools/bin/../lib/gcc/arm-none-eabi/11.3.1/../../../../arm-none-eabi/lib/thumb/v7e-m+fp/hard\libc_nano.a(libc_a-nano-vfprintf_i.o)
                0x0000000008007a9c                . = ALIGN (0x4)
 *fill*         0x0000000008007a9b        0x1 

.rel.dyn        0x0000000008007a9c        0x0
 .rel.iplt      0x0000000008007a9c        0x0 C:/ST/STM32CubeIDE_1.13.2/STM32CubeIDE/plugins/com.st.stm32cube.ide.mcu.externaltools.gnu-tools-for-stm32.11.3.rel1.win32_1.1.1.202309131626/tools/bin/../lib/gcc/arm-none-eabi/11.3.1/thumb/v7e-m+fp/hard/crtbegin.o

.ARM.extab      0x0000000008007a9c        0x0
                0x0000000008007a9c                . = ALIGN (0x4)
 *(.ARM.extab* .gnu.linkonce.armextab.*)
                0x0000000008007a9c                . = ALIGN (0x4)

.ARM            0x0000000008007a9c        0x0
                0x0000000008007a9c                . = ALIGN (0x4)
                0x0000000008007a9c                __exidx_start = .
 *(.ARM.exidx*)
                0x0000000008007a9c                __exidx_end = .
                0x0000000008007a9c                . = ALIGN (0x4)

.preinit_array  0x0000000008007a9c        0x0
                0x0000000008007a9c                . = ALIGN (0x4)
                0x0000000008007a9c                PROVIDE (__preinit_array_start = .)
 *(.preinit_array*)
                0x0000000008007a9c                PROVIDE (__preinit_array_end = .)
                0x0000000008007a9c                . = ALIGN (0x4)

.init_array     0x0000000008007a9c        0x4
                0x0000000008007a9c                . = ALIGN (0x4)
                0x0000000008007a9c                PROVIDE (__init_array_start = .)
 *(SORT_BY_NAME(.init_array.*))
 *(.init_array*)
 .init_array    0x0000000008007a9c        0x4 C:/ST/STM32CubeIDE_1.13.2/STM32CubeIDE/plugins/com.st.stm32cube.ide.mcu.externaltools.gnu-tools-for-stm32.11.3.rel1.win32_1.1.1.202309131626/tools/bin/../lib/gcc/arm-none-eabi/11.3.1/thumb/v7e-m+fp/hard/crtbegin.o
                0x0000000008007aa0                PROVIDE (__init_array_end = .)
                0x0000000008007aa0                . = ALIGN (0x4)

.fini_array     0x0000000008007aa0        0x4
                0x0000000008007aa0                . = ALIGN (0x4)
                [!provide]                        PROVIDE (__fini_array_start = .)
 *(SORT_BY_NAME(.fini_array.*))
 *(.fini_array*)
 .fini_array    0x0000000008007aa0        0x4 C:/ST/STM32CubeIDE_1.13.2/STM32CubeIDE/plugins/com.st.stm32cube.ide.mcu.externaltools.gnu-tools-for-stm32.11.3.rel1.win32_1.1.1.202309131626/tools/bin/../lib/gcc/arm-none-eabi/11.3.1/thumb/v7e-m+fp/hard/crtbegin.o
                [!provide]                        PROVIDE (__fini_array_end = .)
                0x0000000008007aa4                . = ALIGN (0x4)
                0x0000000008007aa4                _sidata = LOADADDR (.data)

.data           0x0000000020000000       0x6c load address 0x0000000008007aa4
                0x0000000020000000                . = ALIGN (0x4)
                0x0000000020000000                _sdata = .
 *(.data)
 *(.data*)
 .data.SystemCoreClock
                0x0000000020000000        0x4 ./Core/Src/system_stm32g4xx.o
                0x0000000020000000                SystemCoreClock
 .data.uwTickPrio
                0x0000000020000004        0x4 ./Drivers/STM32G4xx_HAL_Driver/Src/stm32g4xx_hal.o
                0x0000000020000004                uwTickPrio
 .data.uwTickFreq
                0x0000000020000008        0x4 ./Drivers/STM32G4xx_HAL_Driver/Src/stm32g4xx_hal.o
                0x0000000020000008                uwTickFreq
 .data.uxCriticalNesting
                0x000000002000000c        0x4 ./Middlewares/Third_Party/FreeRTOS/Source/portable/GCC/ARM_CM4F/port.o
 .data.__sglue  0x0000000020000010        0xc C:/ST/STM32CubeIDE_1.13.2/STM32CubeIDE/plugins/com.st.stm32cube.ide.mcu.externaltools.gnu-tools-for-stm32.11.3.rel1.win32_1.1.1.202309131626/tools/bin/../lib/gcc/arm-none-eabi/11.3.1/../../../../arm-none-eabi/lib/thumb/v7e-m+fp/hard\libc_nano.a(libc_a-findfp.o)
                0x0000000020000010                __sglue
 .data._impure_data
                0x000000002000001c       0x4c C:/ST/STM32CubeIDE_1.13.2/STM32CubeIDE/plugins/com.st.stm32cube.ide.mcu.externaltools.gnu-tools-for-stm32.11.3.rel1.win32_1.1.1.202309131626/tools/bin/../lib/gcc/arm-none-eabi/11.3.1/../../../../arm-none-eabi/lib/thumb/v7e-m+fp/hard\libc_nano.a(libc_a-impure.o)
                0x000000002000001c                _impure_data
 .data._impure_ptr
                0x0000000020000068        0x4 C:/ST/STM32CubeIDE_1.13.2/STM32CubeIDE/plugins/com.st.stm32cube.ide.mcu.externaltools.gnu-tools-for-stm32.11.3.rel1.win32_1.1.1.202309131626/tools/bin/../lib/gcc/arm-none-eabi/11.3.1/../../../../arm-none-eabi/lib/thumb/v7e-m+fp/hard\libc_nano.a(libc_a-impure.o)
                0x0000000020000068                _impure_ptr
 *(.RamFunc)
 *(.RamFunc*)
                0x000000002000006c                . = ALIGN (0x4)
                0x000000002000006c                _edata = .

.igot.plt       0x000000002000006c        0x0 load address 0x0000000008007b10
 .igot.plt      0x000000002000006c        0x0 C:/ST/STM32CubeIDE_1.13.2/STM32CubeIDE/plugins/com.st.stm32cube.ide.mcu.externaltools.gnu-tools-for-stm32.11.3.rel1.win32_1.1.1.202309131626/tools/bin/../lib/gcc/arm-none-eabi/11.3.1/thumb/v7e-m+fp/hard/crtbegin.o
                0x000000002000006c                . = ALIGN (0x4)

.bss            0x000000002000006c     0x9370 load address 0x0000000008007b10
                0x000000002000006c                _sbss = .
                0x000000002000006c                __bss_start__ = _sbss
 *(.bss)
 .bss           0x000000002000006c       0x1c C:/ST/STM32CubeIDE_1.13.2/STM32CubeIDE/plugins/com.st.stm32cube.ide.mcu.externaltools.gnu-tools-for-stm32.11.3.rel1.win32_1.1.1.202309131626/tools/bin/../lib/gcc/arm-none-eabi/11.3.1/thumb/v7e-m+fp/hard/crtbegin.o
 *(.bss*)
 .bss.idleTaskHandle
                0x0000000020000088        0x4 ./Core/Src/app_freertos.o
                0x0000000020000088                idleTaskHandle
 .bss.xIdleTaskTCBBuffer
                0x000000002000008c       0xac ./Core/Src/app_freertos.o
 .bss.xIdleStack
                0x0000000020000138      0x200 ./Core/Src/app_freertos.o
 .bss.xTimerTaskTCBBuffer
                0x0000000020000338       0xac ./Core/Src/app_freertos.o
 .bss.xTimerStack
                0x00000000200003e4      0x400 ./Core/Src/app_freertos.o
 .bss.htim6     0x00000000200007e4       0x4c ./Core/Src/stm32g4xx_hal_timebase_tim.o
                0x00000000200007e4                htim6
 .bss.__sbrk_heap_end
                0x0000000020000830        0x4 ./Core/Src/sysmem.o
 .bss.__lock___sfp_recursive_mutex
                0x0000000020000834        0xc ./Core/ThreadSafe/newlib_lock_glue.o
                0x0000000020000834                __lock___sfp_recursive_mutex
 .bss.__lock___malloc_recursive_mutex
                0x0000000020000840        0xc ./Core/ThreadSafe/newlib_lock_glue.o
                0x0000000020000840                __lock___malloc_recursive_mutex
 .bss.uwTick    0x000000002000084c        0x4 ./Drivers/STM32G4xx_HAL_Driver/Src/stm32g4xx_hal.o
                0x000000002000084c                uwTick
 .bss.xQueueRegistry
                0x0000000020000850       0x40 ./Middlewares/Third_Party/FreeRTOS/Source/queue.o
                0x0000000020000850                xQueueRegistry
 .bss.pxCurrentTCB
                0x0000000020000890        0x4 ./Middlewares/Third_Party/FreeRTOS/Source/tasks.o
                0x0000000020000890                pxCurrentTCB
 .bss.pxReadyTasksLists
                0x0000000020000894      0x168 ./Middlewares/Third_Party/FreeRTOS/Source/tasks.o
 .bss.xDelayedTaskList1
                0x00000000200009fc       0x14 ./Middlewares/Third_Party/FreeRTOS/Source/tasks.o
 .bss.xDelayedTaskList2
                0x0000000020000a10       0x14 ./Middlewares/Third_Party/FreeRTOS/Source/tasks.o
 .bss.pxDelayedTaskList
                0x0000000020000a24        0x4 ./Middlewares/Third_Party/FreeRTOS/Source/tasks.o
 .bss.pxOverflowDelayedTaskList
                0x0000000020000a28        0x4 ./Middlewares/Third_Party/FreeRTOS/Source/tasks.o
 .bss.xPendingReadyList
                0x0000000020000a2c       0x14 ./Middlewares/Third_Party/FreeRTOS/Source/tasks.o
 .bss.xTasksWaitingTermination
                0x0000000020000a40       0x14 ./Middlewares/Third_Party/FreeRTOS/Source/tasks.o
 .bss.uxDeletedTasksWaitingCleanUp
                0x0000000020000a54        0x4 ./Middlewares/Third_Party/FreeRTOS/Source/tasks.o
 .bss.xSuspendedTaskList
                0x0000000020000a58       0x14 ./Middlewares/Third_Party/FreeRTOS/Source/tasks.o
 .bss.uxCurrentNumberOfTasks
                0x0000000020000a6c        0x4 ./Middlewares/Third_Party/FreeRTOS/Source/tasks.o
 .bss.xTickCount
                0x0000000020000a70        0x4 ./Middlewares/Third_Party/FreeRTOS/Source/tasks.o
 .bss.uxTopReadyPriority
                0x0000000020000a74        0x4 ./Middlewares/Third_Party/FreeRTOS/Source/tasks.o
 .bss.xSchedulerRunning
                0x0000000020000a78        0x4 ./Middlewares/Third_Party/FreeRTOS/Source/tasks.o
 .bss.xPendedTicks
                0x0000000020000a7c        0x4 ./Middlewares/Third_Party/FreeRTOS/Source/tasks.o
 .bss.xYieldPending
                0x0000000020000a80        0x4 ./Middlewares/Third_Party/FreeRTOS/Source/tasks.o
 .bss.xNumOfOverflows
                0x0000000020000a84        0x4 ./Middlewares/Third_Party/FreeRTOS/Source/tasks.o
 .bss.uxTaskNumber
                0x0000000020000a88        0x4 ./Middlewares/Third_Party/FreeRTOS/Source/tasks.o
 .bss.xNextTaskUnblockTime
                0x0000000020000a8c        0x4 ./Middlewares/Third_Party/FreeRTOS/Source/tasks.o
 .bss.xIdleTaskHandle
                0x0000000020000a90        0x4 ./Middlewares/Third_Party/FreeRTOS/Source/tasks.o
 .bss.uxSchedulerSuspended
                0x0000000020000a94        0x4 ./Middlewares/Third_Party/FreeRTOS/Source/tasks.o
 .bss.ulTaskSwitchedInTime
                0x0000000020000a98        0x4 ./Middlewares/Third_Party/FreeRTOS/Source/tasks.o
 .bss.ulTotalRunTime
                0x0000000020000a9c        0x4 ./Middlewares/Third_Party/FreeRTOS/Source/tasks.o
 .bss.xActiveTimerList1
                0x0000000020000aa0       0x14 ./Middlewares/Third_Party/FreeRTOS/Source/timers.o
 .bss.xActiveTimerList2
                0x0000000020000ab4       0x14 ./Middlewares/Third_Party/FreeRTOS/Source/timers.o
 .bss.pxCurrentTimerList
                0x0000000020000ac8        0x4 ./Middlewares/Third_Party/FreeRTOS/Source/timers.o
 .bss.pxOverflowTimerList
                0x0000000020000acc        0x4 ./Middlewares/Third_Party/FreeRTOS/Source/timers.o
 .bss.xTimerQueue
                0x0000000020000ad0        0x4 ./Middlewares/Third_Party/FreeRTOS/Source/timers.o
 .bss.xTimerTaskHandle
                0x0000000020000ad4        0x4 ./Middlewares/Third_Party/FreeRTOS/Source/timers.o
 .bss.xLastTime.2
                0x0000000020000ad8        0x4 ./Middlewares/Third_Party/FreeRTOS/Source/timers.o
 .bss.ucStaticTimerQueueStorage.1
                0x0000000020000adc      0x4b0 ./Middlewares/Third_Party/FreeRTOS/Source/timers.o
 .bss.xStaticTimerQueue.0
                0x0000000020000f8c       0x50 ./Middlewares/Third_Party/FreeRTOS/Source/timers.o
 .bss.ucMaxSysCallPriority
                0x0000000020000fdc        0x1 ./Middlewares/Third_Party/FreeRTOS/Source/portable/GCC/ARM_CM4F/port.o
 *fill*         0x0000000020000fdd        0x3 
 .bss.ulMaxPRIGROUPValue
                0x0000000020000fe0        0x4 ./Middlewares/Third_Party/FreeRTOS/Source/portable/GCC/ARM_CM4F/port.o
 .bss.ucHeap    0x0000000020000fe4     0x8000 ./Middlewares/Third_Party/FreeRTOS/Source/portable/MemMang/heap_4.o
 .bss.xStart    0x0000000020008fe4        0x8 ./Middlewares/Third_Party/FreeRTOS/Source/portable/MemMang/heap_4.o
 .bss.pxEnd     0x0000000020008fec        0x4 ./Middlewares/Third_Party/FreeRTOS/Source/portable/MemMang/heap_4.o
 .bss.xFreeBytesRemaining
                0x0000000020008ff0        0x4 ./Middlewares/Third_Party/FreeRTOS/Source/portable/MemMang/heap_4.o
 .bss.xMinimumEverFreeBytesRemaining
                0x0000000020008ff4        0x4 ./Middlewares/Third_Party/FreeRTOS/Source/portable/MemMang/heap_4.o
 .bss.xNumberOfSuccessfulAllocations
                0x0000000020008ff8        0x4 ./Middlewares/Third_Party/FreeRTOS/Source/portable/MemMang/heap_4.o
 .bss.xNumberOfSuccessfulFrees
                0x0000000020008ffc        0x4 ./Middlewares/Third_Party/FreeRTOS/Source/portable/MemMang/heap_4.o
 .bss.xBlockAllocatedBit
                0x0000000020009000        0x4 ./Middlewares/Third_Party/FreeRTOS/Source/portable/MemMang/heap_4.o
 .bss._ZN14ComHandlerTask7mspThisE
                0x0000000020009004        0x4 ./app/ComHandlerTask.o
                0x0000000020009004                ComHandlerTask::mspThis
 .bss._ZN7Message7mspPoolE
                0x0000000020009008        0x4 ./os/Message.o
                0x0000000020009008                Message::mspPool
 .bss._ZN7MsgPool7mspThisE
                0x000000002000900c        0x4 ./os/MsgPool.o
                0x000000002000900c                MsgPool::mspThis
 .bss._ZN8TaskList10mTaskTableE
                0x0000000020009010      0x280 ./os/TaskList.o
                0x0000000020009010                TaskList::mTaskTable
 .bss._ZN8TaskList7mspThisE
                0x0000000020009290        0x4 ./os/TaskList.o
                0x0000000020009290                TaskList::mspThis
 .bss.__malloc_free_list
                0x0000000020009294        0x4 C:/ST/STM32CubeIDE_1.13.2/STM32CubeIDE/plugins/com.st.stm32cube.ide.mcu.externaltools.gnu-tools-for-stm32.11.3.rel1.win32_1.1.1.202309131626/tools/bin/../lib/gcc/arm-none-eabi/11.3.1/../../../../arm-none-eabi/lib/thumb/v7e-m+fp/hard\libc_nano.a(libc_a-mallocr.o)
                0x0000000020009294                __malloc_free_list
 .bss.__malloc_sbrk_start
                0x0000000020009298        0x4 C:/ST/STM32CubeIDE_1.13.2/STM32CubeIDE/plugins/com.st.stm32cube.ide.mcu.externaltools.gnu-tools-for-stm32.11.3.rel1.win32_1.1.1.202309131626/tools/bin/../lib/gcc/arm-none-eabi/11.3.1/../../../../arm-none-eabi/lib/thumb/v7e-m+fp/hard\libc_nano.a(libc_a-mallocr.o)
                0x0000000020009298                __malloc_sbrk_start
 .bss.__sf      0x000000002000929c      0x138 C:/ST/STM32CubeIDE_1.13.2/STM32CubeIDE/plugins/com.st.stm32cube.ide.mcu.externaltools.gnu-tools-for-stm32.11.3.rel1.win32_1.1.1.202309131626/tools/bin/../lib/gcc/arm-none-eabi/11.3.1/../../../../arm-none-eabi/lib/thumb/v7e-m+fp/hard\libc_nano.a(libc_a-findfp.o)
                0x000000002000929c                __sf
 .bss.__stdio_exit_handler
                0x00000000200093d4        0x4 C:/ST/STM32CubeIDE_1.13.2/STM32CubeIDE/plugins/com.st.stm32cube.ide.mcu.externaltools.gnu-tools-for-stm32.11.3.rel1.win32_1.1.1.202309131626/tools/bin/../lib/gcc/arm-none-eabi/11.3.1/../../../../arm-none-eabi/lib/thumb/v7e-m+fp/hard\libc_nano.a(libc_a-findfp.o)
                0x00000000200093d4                __stdio_exit_handler
 .bss.errno     0x00000000200093d8        0x4 C:/ST/STM32CubeIDE_1.13.2/STM32CubeIDE/plugins/com.st.stm32cube.ide.mcu.externaltools.gnu-tools-for-stm32.11.3.rel1.win32_1.1.1.202309131626/tools/bin/../lib/gcc/arm-none-eabi/11.3.1/../../../../arm-none-eabi/lib/thumb/v7e-m+fp/hard\libc_nano.a(libc_a-reent.o)
                0x00000000200093d8                errno
 *(COMMON)
                0x00000000200093dc                . = ALIGN (0x4)
                0x00000000200093dc                _ebss = .
                0x00000000200093dc                __bss_end__ = _ebss

._user_heap_stack
                0x00000000200093dc      0x604 load address 0x0000000008007b10
                0x00000000200093e0                . = ALIGN (0x8)
 *fill*         0x00000000200093dc        0x4 
                [!provide]                        PROVIDE (end = .)
                0x00000000200093e0                PROVIDE (_end = .)
                0x00000000200095e0                . = (. + _Min_Heap_Size)
 *fill*         0x00000000200093e0      0x200 
                0x00000000200099e0                . = (. + _Min_Stack_Size)
 *fill*         0x00000000200095e0      0x400 
                0x00000000200099e0                . = ALIGN (0x8)

/DISCARD/
 libc.a(*)
 libm.a(*)
 libgcc.a(*)

.ARM.attributes
                0x0000000000000000       0x30
 *(.ARM.attributes)
 .ARM.attributes
                0x0000000000000000       0x1e C:/ST/STM32CubeIDE_1.13.2/STM32CubeIDE/plugins/com.st.stm32cube.ide.mcu.externaltools.gnu-tools-for-stm32.11.3.rel1.win32_1.1.1.202309131626/tools/bin/../lib/gcc/arm-none-eabi/11.3.1/thumb/v7e-m+fp/hard/crti.o
 .ARM.attributes
                0x000000000000001e       0x34 C:/ST/STM32CubeIDE_1.13.2/STM32CubeIDE/plugins/com.st.stm32cube.ide.mcu.externaltools.gnu-tools-for-stm32.11.3.rel1.win32_1.1.1.202309131626/tools/bin/../lib/gcc/arm-none-eabi/11.3.1/thumb/v7e-m+fp/hard/crtbegin.o
 .ARM.attributes
                0x0000000000000052       0x34 ./Core/Src/app_freertos.o
 .ARM.attributes
                0x0000000000000086       0x34 ./Core/Src/gpio.o
 .ARM.attributes
                0x00000000000000ba       0x34 ./Core/Src/main.o
 .ARM.attributes
                0x00000000000000ee       0x34 ./Core/Src/stm32g4xx_hal_msp.o
 .ARM.attributes
                0x0000000000000122       0x34 ./Core/Src/stm32g4xx_hal_timebase_tim.o
 .ARM.attributes
                0x0000000000000156       0x34 ./Core/Src/stm32g4xx_it.o
 .ARM.attributes
                0x000000000000018a       0x34 ./Core/Src/syscalls.o
 .ARM.attributes
                0x00000000000001be       0x34 ./Core/Src/sysmem.o
 .ARM.attributes
                0x00000000000001f2       0x34 ./Core/Src/system_stm32g4xx.o
 .ARM.attributes
                0x0000000000000226       0x21 ./Core/Startup/startup_stm32g491retx.o
 .ARM.attributes
                0x0000000000000247       0x34 ./Core/ThreadSafe/newlib_lock_glue.o
 .ARM.attributes
                0x000000000000027b       0x34 ./Drivers/STM32G4xx_HAL_Driver/Src/stm32g4xx_hal.o
 .ARM.attributes
                0x00000000000002af       0x34 ./Drivers/STM32G4xx_HAL_Driver/Src/stm32g4xx_hal_cortex.o
 .ARM.attributes
                0x00000000000002e3       0x34 ./Drivers/STM32G4xx_HAL_Driver/Src/stm32g4xx_hal_gpio.o
 .ARM.attributes
                0x0000000000000317       0x34 ./Drivers/STM32G4xx_HAL_Driver/Src/stm32g4xx_hal_pwr_ex.o
 .ARM.attributes
                0x000000000000034b       0x34 ./Drivers/STM32G4xx_HAL_Driver/Src/stm32g4xx_hal_rcc.o
 .ARM.attributes
                0x000000000000037f       0x34 ./Drivers/STM32G4xx_HAL_Driver/Src/stm32g4xx_hal_tim.o
 .ARM.attributes
                0x00000000000003b3       0x34 ./Drivers/STM32G4xx_HAL_Driver/Src/stm32g4xx_hal_tim_ex.o
 .ARM.attributes
                0x00000000000003e7       0x34 ./Middlewares/Third_Party/FreeRTOS/Source/CMSIS_RTOS/cmsis_os.o
 .ARM.attributes
                0x000000000000041b       0x34 ./Middlewares/Third_Party/FreeRTOS/Source/list.o
 .ARM.attributes
                0x000000000000044f       0x34 ./Middlewares/Third_Party/FreeRTOS/Source/queue.o
 .ARM.attributes
                0x0000000000000483       0x34 ./Middlewares/Third_Party/FreeRTOS/Source/tasks.o
 .ARM.attributes
                0x00000000000004b7       0x34 ./Middlewares/Third_Party/FreeRTOS/Source/timers.o
 .ARM.attributes
                0x00000000000004eb       0x34 ./Middlewares/Third_Party/FreeRTOS/Source/portable/GCC/ARM_CM4F/port.o
 .ARM.attributes
                0x000000000000051f       0x34 ./Middlewares/Third_Party/FreeRTOS/Source/portable/MemMang/heap_4.o
 .ARM.attributes
                0x0000000000000553       0x34 ./app/ComHandlerTask.o
 .ARM.attributes