Archive member included to satisfy reference by file (symbol)

c:/st/stm32cubeide_1.12.1/stm32cubeide/plugins/com.st.stm32cube.ide.mcu.externaltools.gnu-tools-for-stm32.10.3-2021.10.win32_1.0.200.202301161003/tools/bin/../lib/gcc/arm-none-eabi/10.3.1/../../../../arm-none-eabi/lib/thumb/v7e-m+fp/hard\libstdc++_nano.a(del_ops.o)
                              ./Core/Src/InterruptRouting.o (operator delete(void*, unsigned int))
c:/st/stm32cubeide_1.12.1/stm32cubeide/plugins/com.st.stm32cube.ide.mcu.externaltools.gnu-tools-for-stm32.10.3-2021.10.win32_1.0.200.202301161003/tools/bin/../lib/gcc/arm-none-eabi/10.3.1/../../../../arm-none-eabi/lib/thumb/v7e-m+fp/hard\libstdc++_nano.a(pure.o)
                              ./os/TaskClass.o (__cxa_pure_virtual)
c:/st/stm32cubeide_1.12.1/stm32cubeide/plugins/com.st.stm32cube.ide.mcu.externaltools.gnu-tools-for-stm32.10.3-2021.10.win32_1.0.200.202301161003/tools/bin/../lib/gcc/arm-none-eabi/10.3.1/../../../../arm-none-eabi/lib/thumb/v7e-m+fp/hard\libstdc++_nano.a(functexcept.o)
                              ./Core/Src/InterruptRouting.o (std::__throw_bad_alloc())
c:/st/stm32cubeide_1.12.1/stm32cubeide/plugins/com.st.stm32cube.ide.mcu.externaltools.gnu-tools-for-stm32.10.3-2021.10.win32_1.0.200.202301161003/tools/bin/../lib/gcc/arm-none-eabi/10.3.1/../../../../arm-none-eabi/lib/thumb/v7e-m+fp/hard\libstdc++_nano.a(snprintf_lite.o)
                              c:/st/stm32cubeide_1.12.1/stm32cubeide/plugins/com.st.stm32cube.ide.mcu.externaltools.gnu-tools-for-stm32.10.3-2021.10.win32_1.0.200.202301161003/tools/bin/../lib/gcc/arm-none-eabi/10.3.1/../../../../arm-none-eabi/lib/thumb/v7e-m+fp/hard\libstdc++_nano.a(functexcept.o) (__gnu_cxx::__snprintf_lite(char*, unsigned int, char const*, std::__va_list))
c:/st/stm32cubeide_1.12.1/stm32cubeide/plugins/com.st.stm32cube.ide.mcu.externaltools.gnu-tools-for-stm32.10.3-2021.10.win32_1.0.200.202301161003/tools/bin/../lib/gcc/arm-none-eabi/10.3.1/../../../../arm-none-eabi/lib/thumb/v7e-m+fp/hard\libstdc++_nano.a(eh_terminate.o)
                              c:/st/stm32cubeide_1.12.1/stm32cubeide/plugins/com.st.stm32cube.ide.mcu.externaltools.gnu-tools-for-stm32.10.3-2021.10.win32_1.0.200.202301161003/tools/bin/../lib/gcc/arm-none-eabi/10.3.1/../../../../arm-none-eabi/lib/thumb/v7e-m+fp/hard\libstdc++_nano.a(pure.o) (std::terminate())
c:/st/stm32cubeide_1.12.1/stm32cubeide/plugins/com.st.stm32cube.ide.mcu.externaltools.gnu-tools-for-stm32.10.3-2021.10.win32_1.0.200.202301161003/tools/bin/../lib/gcc/arm-none-eabi/10.3.1/../../../../arm-none-eabi/lib/thumb/v7e-m+fp/hard\libstdc++_nano.a(eh_unex_handler.o)
                              c:/st/stm32cubeide_1.12.1/stm32cubeide/plugins/com.st.stm32cube.ide.mcu.externaltools.gnu-tools-for-stm32.10.3-2021.10.win32_1.0.200.202301161003/tools/bin/../lib/gcc/arm-none-eabi/10.3.1/../../../../arm-none-eabi/lib/thumb/v7e-m+fp/hard\libstdc++_nano.a(eh_terminate.o) (__cxxabiv1::__unexpected_handler)
c:/st/stm32cubeide_1.12.1/stm32cubeide/plugins/com.st.stm32cube.ide.mcu.externaltools.gnu-tools-for-stm32.10.3-2021.10.win32_1.0.200.202301161003/tools/bin/../lib/gcc/arm-none-eabi/10.3.1/../../../../arm-none-eabi/lib/thumb/v7e-m+fp/hard\libstdc++_nano.a(eh_term_handler.o)
                              c:/st/stm32cubeide_1.12.1/stm32cubeide/plugins/com.st.stm32cube.ide.mcu.externaltools.gnu-tools-for-stm32.10.3-2021.10.win32_1.0.200.202301161003/tools/bin/../lib/gcc/arm-none-eabi/10.3.1/../../../../arm-none-eabi/lib/thumb/v7e-m+fp/hard\libstdc++_nano.a(eh_terminate.o) (__cxxabiv1::__terminate_handler)
c:/st/stm32cubeide_1.12.1/stm32cubeide/plugins/com.st.stm32cube.ide.mcu.externaltools.gnu-tools-for-stm32.10.3-2021.10.win32_1.0.200.202301161003/tools/bin/../lib/gcc/arm-none-eabi/10.3.1/../../../../arm-none-eabi/lib/thumb/v7e-m+fp/hard\libm.a(lib_a-wf_sqrt.o)
                              ./app/Stepper.o (sqrtf)
c:/st/stm32cubeide_1.12.1/stm32cubeide/plugins/com.st.stm32cube.ide.mcu.externaltools.gnu-tools-for-stm32.10.3-2021.10.win32_1.0.200.202301161003/tools/bin/../lib/gcc/arm-none-eabi/10.3.1/../../../../arm-none-eabi/lib/thumb/v7e-m+fp/hard\libm.a(lib_a-ef_sqrt.o)
                              c:/st/stm32cubeide_1.12.1/stm32cubeide/plugins/com.st.stm32cube.ide.mcu.externaltools.gnu-tools-for-stm32.10.3-2021.10.win32_1.0.200.202301161003/tools/bin/../lib/gcc/arm-none-eabi/10.3.1/../../../../arm-none-eabi/lib/thumb/v7e-m+fp/hard\libm.a(lib_a-wf_sqrt.o) (__ieee754_sqrtf)
c:/st/stm32cubeide_1.12.1/stm32cubeide/plugins/com.st.stm32cube.ide.mcu.externaltools.gnu-tools-for-stm32.10.3-2021.10.win32_1.0.200.202301161003/tools/bin/../lib/gcc/arm-none-eabi/10.3.1/../../../../arm-none-eabi/lib/thumb/v7e-m+fp/hard\libc_nano.a(lib_a-abort.o)
[...]
Memory Configuration

Name             Origin             Length             Attributes
RAM              0x0000000020000000 0x000000000001c000 xrw
FLASH            0x0000000008000000 0x0000000000080000 xr
*default*        0x0000000000000000 0xffffffffffffffff

Linker script and memory map

LOAD c:/st/stm32cubeide_1.12.1/stm32cubeide/plugins/com.st.stm32cube.ide.mcu.externaltools.gnu-tools-for-stm32.10.3-2021.10.win32_1.0.200.202301161003/tools/bin/../lib/gcc/arm-none-eabi/10.3.1/thumb/v7e-m+fp/hard/crti.o
LOAD c:/st/stm32cubeide_1.12.1/stm32cubeide/plugins/com.st.stm32cube.ide.mcu.externaltools.gnu-tools-for-stm32.10.3-2021.10.win32_1.0.200.202301161003/tools/bin/../lib/gcc/arm-none-eabi/10.3.1/thumb/v7e-m+fp/hard/crtbegin.o
LOAD c:/st/stm32cubeide_1.12.1/stm32cubeide/plugins/com.st.stm32cube.ide.mcu.externaltools.gnu-tools-for-stm32.10.3-2021.10.win32_1.0.200.202301161003/tools/bin/../lib/gcc/arm-none-eabi/10.3.1/../../../../arm-none-eabi/lib/thumb/v7e-m+fp/hard/crt0.o
LOAD ./Core/Src/InterruptRouting.o
LOAD ./Core/Src/app_freertos.o
LOAD ./Core/Src/gpio.o
LOAD ./Core/Src/main.o
LOAD ./Core/Src/stm32g4xx_hal_msp.o
LOAD ./Core/Src/stm32g4xx_hal_timebase_tim.o
LOAD ./Core/Src/stm32g4xx_it.o
LOAD ./Core/Src/syscalls.o
LOAD ./Core/Src/sysmem.o
LOAD ./Core/Src/system_stm32g4xx.o
LOAD ./Core/Src/tim.o
LOAD ./Core/Startup/startup_stm32g491retx.o
LOAD ./Core/ThreadSafe/newlib_lock_glue.o
LOAD ./Drivers/STM32G4xx_HAL_Driver/Src/stm32g4xx_hal.o
LOAD ./Drivers/STM32G4xx_HAL_Driver/Src/stm32g4xx_hal_cortex.o
LOAD ./Drivers/STM32G4xx_HAL_Driver/Src/stm32g4xx_hal_dma.o
LOAD ./Drivers/STM32G4xx_HAL_Driver/Src/stm32g4xx_hal_dma_ex.o
LOAD ./Drivers/STM32G4xx_HAL_Driver/Src/stm32g4xx_hal_exti.o
LOAD ./Drivers/STM32G4xx_HAL_Driver/Src/stm32g4xx_hal_flash.o
LOAD ./Drivers/STM32G4xx_HAL_Driver/Src/stm32g4xx_hal_flash_ex.o
LOAD ./Drivers/STM32G4xx_HAL_Driver/Src/stm32g4xx_hal_flash_ramfunc.o
LOAD ./Drivers/STM32G4xx_HAL_Driver/Src/stm32g4xx_hal_gpio.o
LOAD ./Drivers/STM32G4xx_HAL_Driver/Src/stm32g4xx_hal_pwr.o
LOAD ./Drivers/STM32G4xx_HAL_Driver/Src/stm32g4xx_hal_pwr_ex.o
LOAD ./Drivers/STM32G4xx_HAL_Driver/Src/stm32g4xx_hal_rcc.o
LOAD ./Drivers/STM32G4xx_HAL_Driver/Src/stm32g4xx_hal_rcc_ex.o
LOAD ./Drivers/STM32G4xx_HAL_Driver/Src/stm32g4xx_hal_tim.o
LOAD ./Drivers/STM32G4xx_HAL_Driver/Src/stm32g4xx_hal_tim_ex.o
LOAD ./Middlewares/Third_Party/FreeRTOS/Source/CMSIS_RTOS/cmsis_os.o
LOAD ./Middlewares/Third_Party/FreeRTOS/Source/croutine.o
LOAD ./Middlewares/Third_Party/FreeRTOS/Source/event_groups.o
LOAD ./Middlewares/Third_Party/FreeRTOS/Source/list.o
LOAD ./Middlewares/Third_Party/FreeRTOS/Source/queue.o
LOAD ./Middlewares/Third_Party/FreeRTOS/Source/stream_buffer.o
LOAD ./Middlewares/Third_Party/FreeRTOS/Source/tasks.o
LOAD ./Middlewares/Third_Party/FreeRTOS/Source/timers.o
LOAD ./Middlewares/Third_Party/FreeRTOS/Source/portable/GCC/ARM_CM4F/port.o
LOAD ./Middlewares/Third_Party/FreeRTOS/Source/portable/MemMang/heap_4.o
LOAD ./app/ComHandlerTask.o
LOAD ./app/Stepper.o
LOAD ./app/TemplateTask.o
LOAD ./app/app_init.o
LOAD ./os/Message.o
LOAD ./os/MsgPool.o
LOAD ./os/Mutex.o
LOAD ./os/TaskClass.o
LOAD ./os/TaskList.o
LOAD ./os/Timer.o
LOAD ./os/operators.o
START GROUP
LOAD c:/st/stm32cubeide_1.12.1/stm32cubeide/plugins/com.st.stm32cube.ide.mcu.externaltools.gnu-tools-for-stm32.10.3-2021.10.win32_1.0.200.202301161003/tools/bin/../lib/gcc/arm-none-eabi/10.3.1/../../../../arm-none-eabi/lib/thumb/v7e-m+fp/hard\libstdc++_nano.a
LOAD c:/st/stm32cubeide_1.12.1/stm32cubeide/plugins/com.st.stm32cube.ide.mcu.externaltools.gnu-tools-for-stm32.10.3-2021.10.win32_1.0.200.202301161003/tools/bin/../lib/gcc/arm-none-eabi/10.3.1/../../../../arm-none-eabi/lib/thumb/v7e-m+fp/hard\libsupc++_nano.a
END GROUP
LOAD c:/st/stm32cubeide_1.12.1/stm32cubeide/plugins/com.st.stm32cube.ide.mcu.externaltools.gnu-tools-for-stm32.10.3-2021.10.win32_1.0.200.202301161003/tools/bin/../lib/gcc/arm-none-eabi/10.3.1/../../../../arm-none-eabi/lib/thumb/v7e-m+fp/hard\libstdc++_nano.a
LOAD c:/st/stm32cubeide_1.12.1/stm32cubeide/plugins/com.st.stm32cube.ide.mcu.externaltools.gnu-tools-for-stm32.10.3-2021.10.win32_1.0.200.202301161003/tools/bin/../lib/gcc/arm-none-eabi/10.3.1/../../../../arm-none-eabi/lib/thumb/v7e-m+fp/hard\libm.a
LOAD c:/st/stm32cubeide_1.12.1/stm32cubeide/plugins/com.st.stm32cube.ide.mcu.externaltools.gnu-tools-for-stm32.10.3-2021.10.win32_1.0.200.202301161003/tools/bin/../lib/gcc/arm-none-eabi/10.3.1/../../../../arm-none-eabi/lib/thumb/v7e-m+fp/hard\libc_nano.a
START GROUP
LOAD c:/st/stm32cubeide_1.12.1/stm32cubeide/plugins/com.st.stm32cube.ide.mcu.externaltools.gnu-tools-for-stm32.10.3-2021.10.win32_1.0.200.202301161003/tools/bin/../lib/gcc/arm-none-eabi/10.3.1/thumb/v7e-m+fp/hard\libgcc.a
LOAD c:/st/stm32cubeide_1.12.1/stm32cubeide/plugins/com.st.stm32cube.ide.mcu.externaltools.gnu-tools-for-stm32.10.3-2021.10.win32_1.0.200.202301161003/tools/bin/../lib/gcc/arm-none-eabi/10.3.1/../../../../arm-none-eabi/lib/thumb/v7e-m+fp/hard\libc_nano.a
END GROUP
START GROUP
LOAD c:/st/stm32cubeide_1.12.1/stm32cubeide/plugins/com.st.stm32cube.ide.mcu.externaltools.gnu-tools-for-stm32.10.3-2021.10.win32_1.0.200.202301161003/tools/bin/../lib/gcc/arm-none-eabi/10.3.1/thumb/v7e-m+fp/hard\libgcc.a
LOAD c:/st/stm32cubeide_1.12.1/stm32cubeide/plugins/com.st.stm32cube.ide.mcu.externaltools.gnu-tools-for-stm32.10.3-2021.10.win32_1.0.200.202301161003/tools/bin/../lib/gcc/arm-none-eabi/10.3.1/../../../../arm-none-eabi/lib/thumb/v7e-m+fp/hard\libc_nano.a
LOAD c:/st/stm32cubeide_1.12.1/stm32cubeide/plugins/com.st.stm32cube.ide.mcu.externaltools.gnu-tools-for-stm32.10.3-2021.10.win32_1.0.200.202301161003/tools/bin/../lib/gcc/arm-none-eabi/10.3.1/../../../../arm-none-eabi/lib/thumb/v7e-m+fp/hard\libnosys.a
END GROUP
START GROUP
LOAD c:/st/stm32cubeide_1.12.1/stm32cubeide/plugins/com.st.stm32cube.ide.mcu.externaltools.gnu-tools-for-stm32.10.3-2021.10.win32_1.0.200.202301161003/tools/bin/../lib/gcc/arm-none-eabi/10.3.1/thumb/v7e-m+fp/hard\libgcc.a
LOAD c:/st/stm32cubeide_1.12.1/stm32cubeide/plugins/com.st.stm32cube.ide.mcu.externaltools.gnu-tools-for-stm32.10.3-2021.10.win32_1.0.200.202301161003/tools/bin/../lib/gcc/arm-none-eabi/10.3.1/../../../../arm-none-eabi/lib/thumb/v7e-m+fp/hard\libc_nano.a
LOAD c:/st/stm32cubeide_1.12.1/stm32cubeide/plugins/com.st.stm32cube.ide.mcu.externaltools.gnu-tools-for-stm32.10.3-2021.10.win32_1.0.200.202301161003/tools/bin/../lib/gcc/arm-none-eabi/10.3.1/../../../../arm-none-eabi/lib/thumb/v7e-m+fp/hard\libnosys.a
END GROUP
LOAD c:/st/stm32cubeide_1.12.1/stm32cubeide/plugins/com.st.stm32cube.ide.mcu.externaltools.gnu-tools-for-stm32.10.3-2021.10.win32_1.0.200.202301161003/tools/bin/../lib/gcc/arm-none-eabi/10.3.1/thumb/v7e-m+fp/hard/crtend.o
LOAD c:/st/stm32cubeide_1.12.1/stm32cubeide/plugins/com.st.stm32cube.ide.mcu.externaltools.gnu-tools-for-stm32.10.3-2021.10.win32_1.0.200.202301161003/tools/bin/../lib/gcc/arm-none-eabi/10.3.1/thumb/v7e-m+fp/hard/crtn.o
                0x000000002001c000                _estack = (ORIGIN (RAM) + LENGTH (RAM))
                0x0000000000000200                _Min_Heap_Size = 0x200
                0x0000000000000400                _Min_Stack_Size = 0x400

.isr_vector     0x0000000008000000      0x1d8
                0x0000000008000000                . = ALIGN (0x4)
 *(.isr_vector)
 .isr_vector    0x0000000008000000      0x1d8 ./Core/Startup/startup_stm32g491retx.o
                0x0000000008000000                g_pfnVectors
                0x00000000080001d8                . = ALIGN (0x4)

.text           0x00000000080001e0     0xb770
                0x00000000080001e0                . = ALIGN (0x4)
 *(.text)
 .text          0x00000000080001e0       0x40 c:/st/stm32cubeide_1.12.1/stm32cubeide/plugins/com.st.stm32cube.ide.mcu.externaltools.gnu-tools-for-stm32.10.3-2021.10.win32_1.0.200.202301161003/tools/bin/../lib/gcc/arm-none-eabi/10.3.1/thumb/v7e-m+fp/hard/crtbegin.o
 .text          0x0000000008000220       0xa0 c:/st/stm32cubeide_1.12.1/stm32cubeide/plugins/com.st.stm32cube.ide.mcu.externaltools.gnu-tools-for-stm32.10.3-2021.10.win32_1.0.200.202301161003/tools/bin/../lib/gcc/arm-none-eabi/10.3.1/../../../../arm-none-eabi/lib/thumb/v7e-m+fp/hard\libc_nano.a(lib_a-memchr.o)
                0x0000000008000220                memchr
 *(.text*)
 .text._ZnwjPv  0x00000000080002c0       0x18 ./Core/Src/InterruptRouting.o
                0x00000000080002c0                operator new(unsigned int, void*)
 .text._ZNSt12_Vector_baseIP14IinterruptableSaIS1_EE12_Vector_implD2Ev
                0x00000000080002d8       0x18 ./Core/Src/InterruptRouting.o
                0x00000000080002d8                std::_Vector_base<Iinterruptable*, std::allocator<Iinterruptable*> >::_Vector_impl::~_Vector_impl()
                0x00000000080002d8                std::_Vector_base<Iinterruptable*, std::allocator<Iinterruptable*> >::_Vector_impl::~_Vector_impl()
 .text._ZNSt12_Vector_baseIP14IinterruptableSaIS1_EEC2Ev
                0x00000000080002f0       0x1a ./Core/Src/InterruptRouting.o
                0x00000000080002f0                std::_Vector_base<Iinterruptable*, std::allocator<Iinterruptable*> >::_Vector_base()
                0x00000000080002f0                std::_Vector_base<Iinterruptable*, std::allocator<Iinterruptable*> >::_Vector_base()
 .text._ZNSt6vectorIP14IinterruptableSaIS1_EEC2Ev
                0x000000000800030a       0x1a ./Core/Src/InterruptRouting.o
                0x000000000800030a                std::vector<Iinterruptable*, std::allocator<Iinterruptable*> >::vector()
                0x000000000800030a                std::vector<Iinterruptable*, std::allocator<Iinterruptable*> >::vector()
 .text._ZN14IinterruptableC2Ev
                0x0000000008000324       0x30 ./Core/Src/InterruptRouting.o
                0x0000000008000324                Iinterruptable::Iinterruptable()
                0x0000000008000324                Iinterruptable::Iinterruptable()
 .text._ZN14IinterruptableD2Ev
                0x0000000008000354       0x20 ./Core/Src/InterruptRouting.o
                0x0000000008000354                Iinterruptable::~Iinterruptable()
                0x0000000008000354                Iinterruptable::~Iinterruptable()
 .text._ZN14IinterruptableD0Ev
                0x0000000008000374       0x20 ./Core/Src/InterruptRouting.o
                0x0000000008000374                Iinterruptable::~Iinterruptable()
 .text._ZN14Iinterruptable18OutputCompareIntCbEP17TIM_HandleTypeDef
                0x0000000008000394       0x16 ./Core/Src/InterruptRouting.o
                0x0000000008000394                Iinterruptable::OutputCompareIntCb(TIM_HandleTypeDef*)
 *fill*         0x00000000080003aa        0x2 
 .text.HAL_TIM_OC_DelayElapsedCallback
                0x00000000080003ac       0x7c ./Core/Src/InterruptRouting.o
                0x00000000080003ac                HAL_TIM_OC_DelayElapsedCallback
 .text._ZNSt12_Vector_baseIP14IinterruptableSaIS1_EE12_Vector_implC2Ev
                0x0000000008000428       0x20 ./Core/Src/InterruptRouting.o
                0x0000000008000428                std::_Vector_base<Iinterruptable*, std::allocator<Iinterruptable*> >::_Vector_impl::_Vector_impl()
                0x0000000008000428                std::_Vector_base<Iinterruptable*, std::allocator<Iinterruptable*> >::_Vector_impl::_Vector_impl()
 .text._ZNSaIP14IinterruptableED2Ev
                0x0000000008000448       0x18 ./Core/Src/InterruptRouting.o
                0x0000000008000448                std::allocator<Iinterruptable*>::~allocator()
                0x0000000008000448                std::allocator<Iinterruptable*>::~allocator()
 .text._ZNSt12_Vector_baseIP14IinterruptableSaIS1_EED2Ev
                0x0000000008000460       0x32 ./Core/Src/InterruptRouting.o
                0x0000000008000460                std::_Vector_base<Iinterruptable*, std::allocator<Iinterruptable*> >::~_Vector_base()
                0x0000000008000460                std::_Vector_base<Iinterruptable*, std::allocator<Iinterruptable*> >::~_Vector_base()
 .text._ZNSt6vectorIP14IinterruptableSaIS1_EE9push_backEOS1_
                0x0000000008000492       0x22 ./Core/Src/InterruptRouting.o
                0x0000000008000492                std::vector<Iinterruptable*, std::allocator<Iinterruptable*> >::push_back(Iinterruptable*&&)
 .text._ZNSt6vectorIP14IinterruptableSaIS1_EE5beginEv
                0x00000000080004b4       0x20 ./Core/Src/InterruptRouting.o
                0x00000000080004b4                std::vector<Iinterruptable*, std::allocator<Iinterruptable*> >::begin()
 .text._ZNSt6vectorIP14IinterruptableSaIS1_EE3endEv
                0x00000000080004d4       0x22 ./Core/Src/InterruptRouting.o
                0x00000000080004d4                std::vector<Iinterruptable*, std::allocator<Iinterruptable*> >::end()
 .text._ZN9__gnu_cxxneIPP14IinterruptableSt6vectorIS2_SaIS2_EEEEbRKNS_17__normal_iteratorIT_T0_EESC_
                0x00000000080004f6       0x30 ./Core/Src/InterruptRouting.o
                0x00000000080004f6                bool __gnu_cxx::operator!=<Iinterruptable**, std::vector<Iinterruptable*, std::allocator<Iinterruptable*> > >(__gnu_cxx::__normal_iterator<Iinterruptable**, std::vector<Iinterruptable*, std::allocator<Iinterruptable*> > > const&, __gnu_cxx::__normal_iterator<Iinterruptable**, std::vector<Iinterruptable*, std::allocator<Iinterruptable*> > > const&)
 .text._ZN9__gnu_cxx17__normal_iteratorIPP14IinterruptableSt6vectorIS2_SaIS2_EEEppEv
                0x0000000008000526       0x20 ./Core/Src/InterruptRouting.o
                0x0000000008000526                __gnu_cxx::__normal_iterator<Iinterruptable**, std::vector<Iinterruptable*, std::allocator<Iinterruptable*> > >::operator++()
 .text._ZNK9__gnu_cxx17__normal_iteratorIPP14IinterruptableSt6vectorIS2_SaIS2_EEEdeEv
                0x0000000008000546       0x18 ./Core/Src/InterruptRouting.o
                0x0000000008000546                __gnu_cxx::__normal_iterator<Iinterruptable**, std::vector<Iinterruptable*, std::allocator<Iinterruptable*> > >::operator*() const
 .text._ZNSaIP14IinterruptableEC2Ev
                0x000000000800055e       0x18 ./Core/Src/InterruptRouting.o
                0x000000000800055e                std::allocator<Iinterruptable*>::allocator()
                0x000000000800055e                std::allocator<Iinterruptable*>::allocator()
 .text._ZNSt12_Vector_baseIP14IinterruptableSaIS1_EE17_Vector_impl_dataC2Ev
                0x0000000008000576       0x28 ./Core/Src/InterruptRouting.o
                0x0000000008000576                std::_Vector_base<Iinterruptable*, std::allocator<Iinterruptable*> >::_Vector_impl_data::_Vector_impl_data()
                0x0000000008000576                std::_Vector_base<Iinterruptable*, std::allocator<Iinterruptable*> >::_Vector_impl_data::_Vector_impl_data()
 .text._ZN9__gnu_cxx13new_allocatorIP14IinterruptableED2Ev
                0x000000000800059e       0x16 ./Core/Src/InterruptRouting.o
                0x000000000800059e                __gnu_cxx::new_allocator<Iinterruptable*>::~new_allocator()
                0x000000000800059e                __gnu_cxx::new_allocator<Iinterruptable*>::~new_allocator()
 .text._ZNSt12_Vector_baseIP14IinterruptableSaIS1_EE13_M_deallocateEPS1_j
                0x00000000080005b4       0x26 ./Core/Src/InterruptRouting.o
                0x00000000080005b4                std::_Vector_base<Iinterruptable*, std::allocator<Iinterruptable*> >::_M_deallocate(Iinterruptable**, unsigned int)
 .text._ZSt4moveIRP14IinterruptableEONSt16remove_referenceIT_E4typeEOS4_
                0x00000000080005da       0x16 ./Core/Src/InterruptRouting.o
                0x00000000080005da                std::remove_reference<Iinterruptable*&>::type&& std::move<Iinterruptable*&>(Iinterruptable*&)
 .text._ZNSt6vectorIP14IinterruptableSaIS1_EE12emplace_backIJS1_EEEvDpOT_
                0x00000000080005f0       0x5c ./Core/Src/InterruptRouting.o
                0x00000000080005f0                void std::vector<Iinterruptable*, std::allocator<Iinterruptable*> >::emplace_back<Iinterruptable*>(Iinterruptable*&&)
 .text._ZN9__gnu_cxx17__normal_iteratorIPP14IinterruptableSt6vectorIS2_SaIS2_EEEC2ERKS3_
                0x000000000800064c       0x20 ./Core/Src/InterruptRouting.o
                0x000000000800064c                __gnu_cxx::__normal_iterator<Iinterruptable**, std::vector<Iinterruptable*, std::allocator<Iinterruptable*> > >::__normal_iterator(Iinterruptable** const&)
                0x000000000800064c                __gnu_cxx::__normal_iterator<Iinterruptable**, std::vector<Iinterruptable*, std::allocator<Iinterruptable*> > >::__normal_iterator(Iinterruptable** const&)
 .text._ZNK9__gnu_cxx17__normal_iteratorIPP14IinterruptableSt6vectorIS2_SaIS2_EEE4baseEv
                0x000000000800066c       0x16 ./Core/Src/InterruptRouting.o
                0x000000000800066c                __gnu_cxx::__normal_iterator<Iinterruptable**, std::vector<Iinterruptable*, std::allocator<Iinterruptable*> > >::base() const
 .text._ZN9__gnu_cxx13new_allocatorIP14IinterruptableEC2Ev
                0x0000000008000682       0x16 ./Core/Src/InterruptRouting.o
                0x0000000008000682                __gnu_cxx::new_allocator<Iinterruptable*>::new_allocator()
                0x0000000008000682                __gnu_cxx::new_allocator<Iinterruptable*>::new_allocator()
 .text._ZNSt16allocator_traitsISaIP14IinterruptableEE10deallocateERS2_PS1_j
                0x0000000008000698       0x1e ./Core/Src/InterruptRouting.o
                0x0000000008000698                std::allocator_traits<std::allocator<Iinterruptable*> >::deallocate(std::allocator<Iinterruptable*>&, Iinterruptable**, unsigned int)
 .text._ZSt7forwardIP14IinterruptableEOT_RNSt16remove_referenceIS2_E4typeE
                0x00000000080006b6       0x16 ./Core/Src/InterruptRouting.o
                0x00000000080006b6                Iinterruptable*&& std::forward<Iinterruptable*>(std::remove_reference<Iinterruptable*>::type&)
 .text._ZNSt16allocator_traitsISaIP14IinterruptableEE9constructIS1_JS1_EEEvRS2_PT_DpOT0_
                0x00000000080006cc       0x26 ./Core/Src/InterruptRouting.o
                0x00000000080006cc                void std::allocator_traits<std::allocator<Iinterruptable*> >::construct<Iinterruptable*, Iinterruptable*>(std::allocator<Iinterruptable*>&, Iinterruptable**, Iinterruptable*&&)
 .text._ZNSt6vectorIP14IinterruptableSaIS1_EE15_S_use_relocateEv
                0x00000000080006f2       0x16 ./Core/Src/InterruptRouting.o
                0x00000000080006f2                std::vector<Iinterruptable*, std::allocator<Iinterruptable*> >::_S_use_relocate()
 .text._ZNSt6vectorIP14IinterruptableSaIS1_EE19_S_nothrow_relocateESt17integral_constantIbLb1EE
                0x0000000008000708       0x16 ./Core/Src/InterruptRouting.o
                0x0000000008000708                std::vector<Iinterruptable*, std::allocator<Iinterruptable*> >::_S_nothrow_relocate(std::integral_constant<bool, true>)
 *fill*         0x000000000800071e        0x2 
 .text._ZNSt6vectorIP14IinterruptableSaIS1_EE17_M_realloc_insertIJS1_EEEvN9__gnu_cxx17__normal_iteratorIPS1_S3_EEDpOT_
                0x0000000008000720      0x178 ./Core/Src/InterruptRouting.o
                0x0000000008000720                void std::vector<Iinterruptable*, std::allocator<Iinterruptable*> >::_M_realloc_insert<Iinterruptable*>(__gnu_cxx::__normal_iterator<Iinterruptable**, std::vector<Iinterruptable*, std::allocator<Iinterruptable*> > >, Iinterruptable*&&)
 .text._ZN9__gnu_cxx13new_allocatorIP14IinterruptableE10deallocateEPS2_j
                0x0000000008000898       0x20 ./Core/Src/InterruptRouting.o
                0x0000000008000898                __gnu_cxx::new_allocator<Iinterruptable*>::deallocate(Iinterruptable**, unsigned int)
 .text._ZN9__gnu_cxx13new_allocatorIP14IinterruptableE9constructIS2_JS2_EEEvPT_DpOT0_
                0x00000000080008b8       0x2c ./Core/Src/InterruptRouting.o
                0x00000000080008b8                void __gnu_cxx::new_allocator<Iinterruptable*>::construct<Iinterruptable*, Iinterruptable*>(Iinterruptable**, Iinterruptable*&&)
 .text._ZNKSt6vectorIP14IinterruptableSaIS1_EE12_M_check_lenEjPKc
                0x00000000080008e4       0x8e ./Core/Src/InterruptRouting.o
                0x00000000080008e4                std::vector<Iinterruptable*, std::allocator<Iinterruptable*> >::_M_check_len(unsigned int, char const*) const
 .text._ZN9__gnu_cxxmiIPP14IinterruptableSt6vectorIS2_SaIS2_EEEENS_17__normal_iteratorIT_T0_E15difference_typeERKSA_SD_
                0x0000000008000972       0x2a ./Core/Src/InterruptRouting.o
                0x0000000008000972                __gnu_cxx::__normal_iterator<Iinterruptable**, std::vector<Iinterruptable*, std::allocator<Iinterruptable*> > >::difference_type __gnu_cxx::operator-<Iinterruptable**, std::vector<Iinterruptable*, std::allocator<Iinterruptable*> > >(__gnu_cxx::__normal_iterator<Iinterruptable**, std::vector<Iinterruptable*, std::allocator<Iinterruptable*> > > const&, __gnu_cxx::__normal_iterator<Iinterruptable**, std::vector<Iinterruptable*, std::allocator<Iinterruptable*> > > const&)
 .text._ZNSt12_Vector_baseIP14IinterruptableSaIS1_EE11_M_allocateEj
                0x000000000800099c       0x28 ./Core/Src/InterruptRouting.o
                0x000000000800099c                std::_Vector_base<Iinterruptable*, std::allocator<Iinterruptable*> >::_M_allocate(unsigned int)
 .text._ZNSt6vectorIP14IinterruptableSaIS1_EE11_S_relocateEPS1_S4_S4_RS2_
                0x00000000080009c4       0x28 ./Core/Src/InterruptRouting.o
                0x00000000080009c4                std::vector<Iinterruptable*, std::allocator<Iinterruptable*> >::_S_relocate(Iinterruptable**, Iinterruptable**, Iinterruptable**, std::allocator<Iinterruptable*>&)
 .text._ZNSt12_Vector_baseIP14IinterruptableSaIS1_EE19_M_get_Tp_allocatorEv
                0x00000000080009ec       0x16 ./Core/Src/InterruptRouting.o
                0x00000000080009ec                std::_Vector_base<Iinterruptable*, std::allocator<Iinterruptable*> >::_M_get_Tp_allocator()
 .text._ZSt34__uninitialized_move_if_noexcept_aIPP14IinterruptableS2_SaIS1_EET0_T_S5_S4_RT1_
                0x0000000008000a02       0x32 ./Core/Src/InterruptRouting.o
                0x0000000008000a02                Iinterruptable** std::__uninitialized_move_if_noexcept_a<Iinterruptable**, Iinterruptable**, std::allocator<Iinterruptable*> >(Iinterruptable**, Iinterruptable**, Iinterruptable**, std::allocator<Iinterruptable*>&)
 .text._ZSt8_DestroyIPP14IinterruptableS1_EvT_S3_RSaIT0_E
                0x0000000008000a34       0x1c ./Core/Src/InterruptRouting.o
                0x0000000008000a34                void std::_Destroy<Iinterruptable**, Iinterruptable*>(Iinterruptable**, Iinterruptable**, std::allocator<Iinterruptable*>&)
 .text._ZNKSt6vectorIP14IinterruptableSaIS1_EE8max_sizeEv
                0x0000000008000a50       0x22 ./Core/Src/InterruptRouting.o
                0x0000000008000a50                std::vector<Iinterruptable*, std::allocator<Iinterruptable*> >::max_size() const
 .text._ZNKSt6vectorIP14IinterruptableSaIS1_EE4sizeEv
                0x0000000008000a72       0x20 ./Core/Src/InterruptRouting.o
                0x0000000008000a72                std::vector<Iinterruptable*, std::allocator<Iinterruptable*> >::size() const
 .text._ZSt3maxIjERKT_S2_S2_
                0x0000000008000a92       0x28 ./Core/Src/InterruptRouting.o
                0x0000000008000a92                unsigned int const& std::max<unsigned int>(unsigned int const&, unsigned int const&)
 .text._ZNSt16allocator_traitsISaIP14IinterruptableEE8allocateERS2_j
                0x0000000008000aba       0x1e ./Core/Src/InterruptRouting.o
                0x0000000008000aba                std::allocator_traits<std::allocator<Iinterruptable*> >::allocate(std::allocator<Iinterruptable*>&, unsigned int)
 .text._ZNSt6vectorIP14IinterruptableSaIS1_EE14_S_do_relocateEPS1_S4_S4_RS2_St17integral_constantIbLb1EE
                0x0000000008000ad8       0x24 ./Core/Src/InterruptRouting.o
                0x0000000008000ad8                std::vector<Iinterruptable*, std::allocator<Iinterruptable*> >::_S_do_relocate(Iinterruptable**, Iinterruptable**, Iinterruptable**, std::allocator<Iinterruptable*>&, std::integral_constant<bool, true>)
 .text._ZSt32__make_move_if_noexcept_iteratorIP14IinterruptableSt13move_iteratorIPS1_EET0_PT_
                0x0000000008000afc       0x1e ./Core/Src/InterruptRouting.o
                0x0000000008000afc                std::move_iterator<Iinterruptable**> std::__make_move_if_noexcept_iterator<Iinterruptable*, std::move_iterator<Iinterruptable**> >(Iinterruptable**)
 .text._ZSt22__uninitialized_copy_aISt13move_iteratorIPP14IinterruptableES3_S2_ET0_T_S6_S5_RSaIT1_E
                0x0000000008000b1a       0x22 ./Core/Src/InterruptRouting.o
                0x0000000008000b1a                Iinterruptable** std::__uninitialized_copy_a<std::move_iterator<Iinterruptable**>, Iinterruptable**, Iinterruptable*>(std::move_iterator<Iinterruptable**>, std::move_iterator<Iinterruptable**>, Iinterruptable**, std::allocator<Iinterruptable*>&)
 .text._ZSt8_DestroyIPP14IinterruptableEvT_S3_
                0x0000000008000b3c       0x1a ./Core/Src/InterruptRouting.o
                0x0000000008000b3c                void std::_Destroy<Iinterruptable**>(Iinterruptable**, Iinterruptable**)
 .text._ZNSt6vectorIP14IinterruptableSaIS1_EE11_S_max_sizeERKS2_
                0x0000000008000b56       0x34 ./Core/Src/InterruptRouting.o
                0x0000000008000b56                std::vector<Iinterruptable*, std::allocator<Iinterruptable*> >::_S_max_size(std::allocator<Iinterruptable*> const&)
 .text._ZNKSt12_Vector_baseIP14IinterruptableSaIS1_EE19_M_get_Tp_allocatorEv
                0x0000000008000b8a       0x16 ./Core/Src/InterruptRouting.o
                0x0000000008000b8a                std::_Vector_base<Iinterruptable*, std::allocator<Iinterruptable*> >::_M_get_Tp_allocator() const
 .text._ZN9__gnu_cxx13new_allocatorIP14IinterruptableE8allocateEjPKv
                0x0000000008000ba0       0x3c ./Core/Src/InterruptRouting.o
                0x0000000008000ba0                __gnu_cxx::new_allocator<Iinterruptable*>::allocate(unsigned int, void const*)
 .text._ZSt12__relocate_aIPP14IinterruptableS2_SaIS1_EET0_T_S5_S4_RT1_
                0x0000000008000bdc       0x3a ./Core/Src/InterruptRouting.o
                0x0000000008000bdc                Iinterruptable** std::__relocate_a<Iinterruptable**, Iinterruptable**, std::allocator<Iinterruptable*> >(Iinterruptable**, Iinterruptable**, Iinterruptable**, std::allocator<Iinterruptable*>&)
 .text._ZNSt13move_iteratorIPP14IinterruptableEC2ES2_
                0x0000000008000c16       0x24 ./Core/Src/InterruptRouting.o
                0x0000000008000c16                std::move_iterator<Iinterruptable**>::move_iterator(Iinterruptable**)
                0x0000000008000c16                std::move_iterator<Iinterruptable**>::move_iterator(Iinterruptable**)
 .text._ZSt18uninitialized_copyISt13move_iteratorIPP14IinterruptableES3_ET0_T_S6_S5_
                0x0000000008000c3a       0x24 ./Core/Src/InterruptRouting.o
                0x0000000008000c3a                Iinterruptable** std::uninitialized_copy<std::move_iterator<Iinterruptable**>, Iinterruptable**>(std::move_iterator<Iinterruptable**>, std::move_iterator<Iinterruptable**>, Iinterruptable**)
 .text._ZNSt12_Destroy_auxILb1EE9__destroyIPP14IinterruptableEEvT_S5_
                0x0000000008000c5e       0x16 ./Core/Src/InterruptRouting.o
                0x0000000008000c5e                void std::_Destroy_aux<true>::__destroy<Iinterruptable**>(Iinterruptable**, Iinterruptable**)
 .text._ZNSt16allocator_traitsISaIP14IinterruptableEE8max_sizeERKS2_
                0x0000000008000c74       0x18 ./Core/Src/InterruptRouting.o
                0x0000000008000c74                std::allocator_traits<std::allocator<Iinterruptable*> >::max_size(std::allocator<Iinterruptable*> const&)
 .text._ZSt3minIjERKT_S2_S2_
                0x0000000008000c8c       0x28 ./Core/Src/InterruptRouting.o
                0x0000000008000c8c                unsigned int const& std::min<unsigned int>(unsigned int const&, unsigned int const&)
 .text._ZNK9__gnu_cxx13new_allocatorIP14IinterruptableE11_M_max_sizeEv
                0x0000000008000cb4       0x18 ./Core/Src/InterruptRouting.o
                0x0000000008000cb4                __gnu_cxx::new_allocator<Iinterruptable*>::_M_max_size() const
 .text._ZSt12__niter_baseIPP14IinterruptableET_S3_
                0x0000000008000ccc       0x16 ./Core/Src/InterruptRouting.o
                0x0000000008000ccc                Iinterruptable** std::__niter_base<Iinterruptable**>(Iinterruptable**)
 .text._ZSt14__relocate_a_1IP14IinterruptableS1_ENSt9enable_ifIXsrSt24__is_bitwise_relocatableIT_vE5valueEPS4_E4typeES6_S6_S6_RSaIT0_E
                0x0000000008000ce2       0x3c ./Core/Src/InterruptRouting.o
                0x0000000008000ce2                std::enable_if<std::__is_bitwise_relocatable<Iinterruptable*, void>::value, Iinterruptable**>::type std::__relocate_a_1<Iinterruptable*, Iinterruptable*>(Iinterruptable**, Iinterruptable**, Iinterruptable**, std::allocator<Iinterruptable*>&)
 .text._ZSt4moveIRPP14IinterruptableEONSt16remove_referenceIT_E4typeEOS5_
                0x0000000008000d1e       0x16 ./Core/Src/InterruptRouting.o
                0x0000000008000d1e                std::remove_reference<Iinterruptable**&>::type&& std::move<Iinterruptable**&>(Iinterruptable**&)
 .text._ZNSt20__uninitialized_copyILb1EE13__uninit_copyISt13move_iteratorIPP14IinterruptableES5_EET0_T_S8_S7_
                0x0000000008000d34       0x20 ./Core/Src/InterruptRouting.o
                0x0000000008000d34                Iinterruptable** std::__uninitialized_copy<true>::__uninit_copy<std::move_iterator<Iinterruptable**>, Iinterruptable**>(std::move_iterator<Iinterruptable**>, std::move_iterator<Iinterruptable**>, Iinterruptable**)
 .text._ZNK9__gnu_cxx13new_allocatorIP14IinterruptableE8max_sizeEv
                0x0000000008000d54       0x18 ./Core/Src/InterruptRouting.o
                0x0000000008000d54                __gnu_cxx::new_allocator<Iinterruptable*>::max_size() const
 .text._ZSt4copyISt13move_iteratorIPP14IinterruptableES3_ET0_T_S6_S5_
                0x0000000008000d6c       0x30 ./Core/Src/InterruptRouting.o
                0x0000000008000d6c                Iinterruptable** std::copy<std::move_iterator<Iinterruptable**>, Iinterruptable**>(std::move_iterator<Iinterruptable**>, std::move_iterator<Iinterruptable**>, Iinterruptable**)
 .text._ZSt12__miter_baseIPP14IinterruptableEDTcl12__miter_basecldtfp_4baseEEESt13move_iteratorIT_E
                0x0000000008000d9c       0x22 ./Core/Src/InterruptRouting.o
                0x0000000008000d9c                decltype (__miter_base(({parm#1}.base)())) std::__miter_base<Iinterruptable**>(std::move_iterator<Iinterruptable**>)
 .text._ZSt13__copy_move_aILb1EPP14IinterruptableS2_ET1_T0_S4_S3_
                0x0000000008000dbe       0x46 ./Core/Src/InterruptRouting.o
                0x0000000008000dbe                Iinterruptable** std::__copy_move_a<true, Iinterruptable**, Iinterruptable**>(Iinterruptable**, Iinterruptable**, Iinterruptable**)
 .text._ZNKSt13move_iteratorIPP14IinterruptableE4baseEv
                0x0000000008000e04       0x18 ./Core/Src/InterruptRouting.o
                0x0000000008000e04                std::move_iterator<Iinterruptable**>::base() const
 .text._ZSt12__miter_baseIPP14IinterruptableET_S3_
                0x0000000008000e1c       0x16 ./Core/Src/InterruptRouting.o
                0x0000000008000e1c                Iinterruptable** std::__miter_base<Iinterruptable**>(Iinterruptable**)
 .text._ZSt14__copy_move_a1ILb1EPP14IinterruptableS2_ET1_T0_S4_S3_
                0x0000000008000e32       0x20 ./Core/Src/InterruptRouting.o
                0x0000000008000e32                Iinterruptable** std::__copy_move_a1<true, Iinterruptable**, Iinterruptable**>(Iinterruptable**, Iinterruptable**, Iinterruptable**)
 .text._ZSt12__niter_wrapIPP14IinterruptableET_RKS3_S3_
                0x0000000008000e52       0x18 ./Core/Src/InterruptRouting.o
                0x0000000008000e52                Iinterruptable** std::__niter_wrap<Iinterruptable**>(Iinterruptable** const&, Iinterruptable**)
 .text._ZSt14__copy_move_a2ILb1EPP14IinterruptableS2_ET1_T0_S4_S3_
                0x0000000008000e6a       0x20 ./Core/Src/InterruptRouting.o
                0x0000000008000e6a                Iinterruptable** std::__copy_move_a2<true, Iinterruptable**, Iinterruptable**>(Iinterruptable**, Iinterruptable**, Iinterruptable**)
 .text._ZNSt11__copy_moveILb1ELb1ESt26random_access_iterator_tagE8__copy_mIP14IinterruptableEEPT_PKS5_S8_S6_
                0x0000000008000e8a       0x3a ./Core/Src/InterruptRouting.o
                0x0000000008000e8a                Iinterruptable** std::__copy_move<true, true, std::random_access_iterator_tag>::__copy_m<Iinterruptable*>(Iinterruptable* const*, Iinterruptable* const*, Iinterruptable**)
 .text._Z41__static_initialization_and_destruction_0ii
                0x0000000008000ec4       0x44 ./Core/Src/InterruptRouting.o
 .text._ZNSt6vectorIP14IinterruptableSaIS1_EED2Ev
                0x0000000008000f08       0x36 ./Core/Src/InterruptRouting.o
                0x0000000008000f08                std::vector<Iinterruptable*, std::allocator<Iinterruptable*> >::~vector()
                0x0000000008000f08                std::vector<Iinterruptable*, std::allocator<Iinterruptable*> >::~vector()
 .text._GLOBAL__sub_I__ZN14Iinterruptable25outputCompareIntReceiversE
                0x0000000008000f3e       0x10 ./Core/Src/InterruptRouting.o
 .text._GLOBAL__sub_D__ZN14Iinterruptable25outputCompareIntReceiversE
                0x0000000008000f4e       0x10 ./Core/Src/InterruptRouting.o
 .text.configureTimerForRunTimeStats
                0x0000000008000f5e        0xe ./Core/Src/app_freertos.o
                0x0000000008000f5e                configureTimerForRunTimeStats
 .text.getRunTimeCounterValue
                0x0000000008000f6c       0x10 ./Core/Src/app_freertos.o
                0x0000000008000f6c                getRunTimeCounterValue
 .text.vApplicationStackOverflowHook
                0x0000000008000f7c       0x16 ./Core/Src/app_freertos.o
                0x0000000008000f7c                vApplicationStackOverflowHook
 *fill*         0x0000000008000f92        0x2 
 .text.vApplicationGetIdleTaskMemory
                0x0000000008000f94       0x34 ./Core/Src/app_freertos.o
                0x0000000008000f94                vApplicationGetIdleTaskMemory
 .text.vApplicationGetTimerTaskMemory
                0x0000000008000fc8       0x34 ./Core/Src/app_freertos.o
                0x0000000008000fc8                vApplicationGetTimerTaskMemory
 .text.MX_FREERTOS_Init
                0x0000000008000ffc       0x38 ./Core/Src/app_freertos.o
                0x0000000008000ffc                MX_FREERTOS_Init
 .text.StartIdleTask
                0x0000000008001034       0x1c ./Core/Src/app_freertos.o
                0x0000000008001034                StartIdleTask
 .text.MX_GPIO_Init
                0x0000000008001050      0x124 ./Core/Src/gpio.o
                0x0000000008001050                MX_GPIO_Init
 .text.main     0x0000000008001174       0x1e ./Core/Src/main.o
                0x0000000008001174                main
 .text.SystemClock_Config
                0x0000000008001192       0x96 ./Core/Src/main.o
                0x0000000008001192                SystemClock_Config
 .text.HAL_TIM_PeriodElapsedCallback
                0x0000000008001228       0x24 ./Core/Src/main.o
                0x0000000008001228                HAL_TIM_PeriodElapsedCallback
 .text.Error_Handler
                0x000000000800124c        0xa ./Core/Src/main.o
                0x000000000800124c                Error_Handler
 .text.assert_failed
                0x0000000008001256        0xe ./Core/Src/main.o
                0x0000000008001256                assert_failed
 .text.HAL_MspInit
                0x0000000008001264       0x54 ./Core/Src/stm32g4xx_hal_msp.o
                0x0000000008001264                HAL_MspInit
 .text.HAL_InitTick
                0x00000000080012b8       0xd8 ./Core/Src/stm32g4xx_hal_timebase_tim.o
                0x00000000080012b8                HAL_InitTick
 .text.NMI_Handler
                0x0000000008001390        0x6 ./Core/Src/stm32g4xx_it.o
                0x0000000008001390                NMI_Handler
 .text.HardFault_Handler
                0x0000000008001396        0x6 ./Core/Src/stm32g4xx_it.o
                0x0000000008001396                HardFault_Handler
 .text.MemManage_Handler
                0x000000000800139c        0x6 ./Core/Src/stm32g4xx_it.o
                0x000000000800139c                MemManage_Handler
 .text.BusFault_Handler
                0x00000000080013a2        0x6 ./Core/Src/stm32g4xx_it.o
                0x00000000080013a2                BusFault_Handler
 .text.UsageFault_Handler
                0x00000000080013a8        0x6 ./Core/Src/stm32g4xx_it.o
                0x00000000080013a8                UsageFault_Handler
 .text.DebugMon_Handler
                0x00000000080013ae        0xe ./Core/Src/stm32g4xx_it.o
                0x00000000080013ae                DebugMon_Handler
 .text.TIM1_UP_TIM16_IRQHandler
                0x00000000080013bc       0x14 ./Core/Src/stm32g4xx_it.o
                0x00000000080013bc                TIM1_UP_TIM16_IRQHandler
 .text.TIM1_CC_IRQHandler
                0x00000000080013d0       0x14 ./Core/Src/stm32g4xx_it.o
                0x00000000080013d0                TIM1_CC_IRQHandler
 .text.EXTI15_10_IRQHandler
                0x00000000080013e4       0x10 ./Core/Src/stm32g4xx_it.o
                0x00000000080013e4                EXTI15_10_IRQHandler
 .text.TIM6_DAC_IRQHandler
                0x00000000080013f4       0x14 ./Core/Src/stm32g4xx_it.o
                0x00000000080013f4                TIM6_DAC_IRQHandler
 .text._getpid  0x0000000008001408       0x10 ./Core/Src/syscalls.o
                0x0000000008001408                _getpid
 .text._kill    0x0000000008001418       0x20 ./Core/Src/syscalls.o
                0x0000000008001418                _kill
 .text._exit    0x0000000008001438       0x14 ./Core/Src/syscalls.o
                0x0000000008001438                _exit
 .text._read    0x000000000800144c       0x3a ./Core/Src/syscalls.o
                0x000000000800144c                _read
 .text._write   0x0000000008001486       0x38 ./Core/Src/syscalls.o
                0x0000000008001486                _write
 .text._close   0x00000000080014be       0x18 ./Core/Src/syscalls.o
                0x00000000080014be                _close
 .text._fstat   0x00000000080014d6       0x20 ./Core/Src/syscalls.o
                0x00000000080014d6                _fstat
 .text._isatty  0x00000000080014f6       0x16 ./Core/Src/syscalls.o
                0x00000000080014f6                _isatty
 .text._lseek   0x000000000800150c       0x1a ./Core/Src/syscalls.o
                0x000000000800150c                _lseek
 *fill*         0x0000000008001526        0x2 
 .text._sbrk    0x0000000008001528       0x6c ./Core/Src/sysmem.o
                0x0000000008001528                _sbrk
 .text.SystemInit
                0x0000000008001594       0x24 ./Core/Src/system_stm32g4xx.o
                0x0000000008001594                SystemInit
 .text.MX_TIM1_Init
                0x00000000080015b8      0x174 ./Core/Src/tim.o
                0x00000000080015b8                MX_TIM1_Init
 .text.HAL_TIM_Base_MspInit
                0x000000000800172c       0x5c ./Core/Src/tim.o
                0x000000000800172c                HAL_TIM_Base_MspInit
 .text.Reset_Handler
                0x0000000008001788       0x50 ./Core/Startup/startup_stm32g491retx.o
                0x0000000008001788                Reset_Handler
 .text.Default_Handler
                0x00000000080017d8        0x2 ./Core/Startup/startup_stm32g491retx.o
                0x00000000080017d8                RTC_Alarm_IRQHandler
                0x00000000080017d8                EXTI2_IRQHandler
                0x00000000080017d8                TIM8_TRG_COM_IRQHandler
                0x00000000080017d8                TIM8_CC_IRQHandler
                0x00000000080017d8                USB_HP_IRQHandler
                0x00000000080017d8                CORDIC_IRQHandler
                0x00000000080017d8                DMA2_Channel8_IRQHandler
                0x00000000080017d8                EXTI3_IRQHandler
                0x00000000080017d8                I2C3_ER_IRQHandler
                0x00000000080017d8                EXTI0_IRQHandler
                0x00000000080017d8                I2C2_EV_IRQHandler
                0x00000000080017d8                FPU_IRQHandler
                0x00000000080017d8                FDCAN1_IT1_IRQHandler
                0x00000000080017d8                ADC1_2_IRQHandler
                0x00000000080017d8                SPI1_IRQHandler
                0x00000000080017d8                TIM8_UP_IRQHandler
                0x00000000080017d8                DMA2_Channel2_IRQHandler
                0x00000000080017d8                DMA1_Channel4_IRQHandler
                0x00000000080017d8                TIM20_TRG_COM_IRQHandler
                0x00000000080017d8                USART3_IRQHandler
                0x00000000080017d8                DMA1_Channel7_IRQHandler
                0x00000000080017d8                UART5_IRQHandler
                0x00000000080017d8                ADC3_IRQHandler
                0x00000000080017d8                TIM4_IRQHandler
                0x00000000080017d8                DMA2_Channel1_IRQHandler
                0x00000000080017d8                QUADSPI_IRQHandler
                0x00000000080017d8                I2C1_EV_IRQHandler
                0x00000000080017d8                DMA1_Channel6_IRQHandler
                0x00000000080017d8                UART4_IRQHandler
                0x00000000080017d8                DMA2_Channel4_IRQHandler
                0x00000000080017d8                TIM3_IRQHandler
                0x00000000080017d8                RCC_IRQHandler
                0x00000000080017d8                TIM20_UP_IRQHandler
                0x00000000080017d8                DMA1_Channel1_IRQHandler
                0x00000000080017d8                Default_Handler
                0x00000000080017d8                DMA2_Channel7_IRQHandler
                0x00000000080017d8                RTC_TAMP_LSECSS_IRQHandler
                0x00000000080017d8                FMAC_IRQHandler
                0x00000000080017d8                DMA1_Channel8_IRQHandler
                0x00000000080017d8                TIM7_IRQHandler
                0x00000000080017d8                UCPD1_IRQHandler
                0x00000000080017d8                I2C3_EV_IRQHandler
                0x00000000080017d8                EXTI9_5_IRQHandler
                0x00000000080017d8                RTC_WKUP_IRQHandler
                0x00000000080017d8                PVD_PVM_IRQHandler
                0x00000000080017d8                SPI2_IRQHandler
                0x00000000080017d8                DMA2_Channel5_IRQHandler
                0x00000000080017d8                CRS_IRQHandler
                0x00000000080017d8                DMA1_Channel5_IRQHandler
                0x00000000080017d8                USB_LP_IRQHandler
                0x00000000080017d8                EXTI4_IRQHandler
                0x00000000080017d8                RNG_IRQHandler
                0x00000000080017d8                TIM1_TRG_COM_TIM17_IRQHandler
                0x00000000080017d8                FDCAN2_IT1_IRQHandler
                0x00000000080017d8                DMA1_Channel3_IRQHandler
                0x00000000080017d8                WWDG_IRQHandler
                0x00000000080017d8                FDCAN2_IT0_IRQHandler
                0x00000000080017d8                LPUART1_IRQHandler
                0x00000000080017d8                DMA2_Channel6_IRQHandler
                0x00000000080017d8                FDCAN1_IT0_IRQHandler
                0x00000000080017d8                TIM2_IRQHandler
                0x00000000080017d8                COMP1_2_3_IRQHandler
                0x00000000080017d8                EXTI1_IRQHandler
                0x00000000080017d8                USART2_IRQHandler
                0x00000000080017d8                TIM20_BRK_IRQHandler
                0x00000000080017d8                I2C2_ER_IRQHandler
                0x00000000080017d8                DMA1_Channel2_IRQHandler
                0x00000000080017d8                TIM8_BRK_IRQHandler
                0x00000000080017d8                FLASH_IRQHandler
                0x00000000080017d8                TIM20_CC_IRQHandler
                0x00000000080017d8                USART1_IRQHandler
                0x00000000080017d8                SPI3_IRQHandler
                0x00000000080017d8                I2C1_ER_IRQHandler
                0x00000000080017d8                LPTIM1_IRQHandler
                0x00000000080017d8                DMAMUX_OVR_IRQHandler
                0x00000000080017d8                USBWakeUp_IRQHandler
                0x00000000080017d8                SAI1_IRQHandler
                0x00000000080017d8                DMA2_Channel3_IRQHandler
                0x00000000080017d8                COMP4_IRQHandler
                0x00000000080017d8                TIM1_BRK_TIM15_IRQHandler
 .text.stm32_lock_init
                0x00000000080017da       0x42 ./Core/ThreadSafe/newlib_lock_glue.o
 .text.stm32_lock_acquire
                0x000000000800181c       0x60 ./Core/ThreadSafe/newlib_lock_glue.o
 .text.stm32_lock_release
                0x000000000800187c       0x54 ./Core/ThreadSafe/newlib_lock_glue.o
 .text.__retarget_lock_init_recursive
                0x00000000080018d0       0x4c ./Core/ThreadSafe/newlib_lock_glue.o
                0x00000000080018d0                __retarget_lock_init_recursive
 .text.__retarget_lock_acquire_recursive
                0x000000000800191c       0x28 ./Core/ThreadSafe/newlib_lock_glue.o
                0x000000000800191c                __retarget_lock_acquire_recursive
 .text.__retarget_lock_release_recursive
                0x0000000008001944       0x28 ./Core/ThreadSafe/newlib_lock_glue.o
                0x0000000008001944                __retarget_lock_release_recursive
 .text.HAL_Init
                0x000000000800196c       0x30 ./Drivers/STM32G4xx_HAL_Driver/Src/stm32g4xx_hal.o
                0x000000000800196c                HAL_Init
 .text.HAL_IncTick
                0x000000000800199c       0x24 ./Drivers/STM32G4xx_HAL_Driver/Src/stm32g4xx_hal.o
                0x000000000800199c                HAL_IncTick
 .text.HAL_GetTick
                0x00000000080019c0       0x18 ./Drivers/STM32G4xx_HAL_Driver/Src/stm32g4xx_hal.o
                0x00000000080019c0                HAL_GetTick
 .text.__NVIC_SetPriorityGrouping
                0x00000000080019d8       0x48 ./Drivers/STM32G4xx_HAL_Driver/Src/stm32g4xx_hal_cortex.o
 .text.__NVIC_GetPriorityGrouping
                0x0000000008001a20       0x1c ./Drivers/STM32G4xx_HAL_Driver/Src/stm32g4xx_hal_cortex.o
 .text.__NVIC_EnableIRQ
                0x0000000008001a3c       0x3c ./Drivers/STM32G4xx_HAL_Driver/Src/stm32g4xx_hal_cortex.o
 .text.__NVIC_SetPriority
                0x0000000008001a78       0x54 ./Drivers/STM32G4xx_HAL_Driver/Src/stm32g4xx_hal_cortex.o
 .text.NVIC_EncodePriority
                0x0000000008001acc       0x66 ./Drivers/STM32G4xx_HAL_Driver/Src/stm32g4xx_hal_cortex.o
 *fill*         0x0000000008001b32        0x2 
 .text.HAL_NVIC_SetPriorityGrouping
                0x0000000008001b34       0x40 ./Drivers/STM32G4xx_HAL_Driver/Src/stm32g4xx_hal_cortex.o
                0x0000000008001b34                HAL_NVIC_SetPriorityGrouping
 .text.HAL_NVIC_SetPriority
                0x0000000008001b74       0x54 ./Drivers/STM32G4xx_HAL_Driver/Src/stm32g4xx_hal_cortex.o
                0x0000000008001b74                HAL_NVIC_SetPriority
 .text.HAL_NVIC_EnableIRQ
                0x0000000008001bc8       0x30 ./Drivers/STM32G4xx_HAL_Driver/Src/stm32g4xx_hal_cortex.o
                0x0000000008001bc8                HAL_NVIC_EnableIRQ
 .text.HAL_GPIO_Init
                0x0000000008001bf8      0x4ac ./Drivers/STM32G4xx_HAL_Driver/Src/stm32g4xx_hal_gpio.o
                0x0000000008001bf8                HAL_GPIO_Init
 .text.HAL_GPIO_WritePin
                0x00000000080020a4       0x60 ./Drivers/STM32G4xx_HAL_Driver/Src/stm32g4xx_hal_gpio.o
                0x00000000080020a4                HAL_GPIO_WritePin
 .text.HAL_GPIO_TogglePin
                0x0000000008002104       0x50 ./Drivers/STM32G4xx_HAL_Driver/Src/stm32g4xx_hal_gpio.o
                0x0000000008002104                HAL_GPIO_TogglePin
 .text.HAL_GPIO_EXTI_IRQHandler
                0x0000000008002154       0x30 ./Drivers/STM32G4xx_HAL_Driver/Src/stm32g4xx_hal_gpio.o
                0x0000000008002154                HAL_GPIO_EXTI_IRQHandler
 .text.HAL_GPIO_EXTI_Callback
                0x0000000008002184       0x16 ./Drivers/STM32G4xx_HAL_Driver/Src/stm32g4xx_hal_gpio.o
                0x0000000008002184                HAL_GPIO_EXTI_Callback
 *fill*         0x000000000800219a        0x2 
 .text.HAL_PWREx_ControlVoltageScaling
                0x000000000800219c      0x168 ./Drivers/STM32G4xx_HAL_Driver/Src/stm32g4xx_hal_pwr_ex.o
                0x000000000800219c                HAL_PWREx_ControlVoltageScaling
 .text.HAL_PWREx_DisableUCPDDeadBattery
                0x0000000008002304       0x20 ./Drivers/STM32G4xx_HAL_Driver/Src/stm32g4xx_hal_pwr_ex.o
                0x0000000008002304                HAL_PWREx_DisableUCPDDeadBattery
 .text.HAL_RCC_OscConfig
                0x0000000008002324      0x824 ./Drivers/STM32G4xx_HAL_Driver/Src/stm32g4xx_hal_rcc.o
                0x0000000008002324                HAL_RCC_OscConfig
 .text.HAL_RCC_ClockConfig
                0x0000000008002b48      0x400 ./Drivers/STM32G4xx_HAL_Driver/Src/stm32g4xx_hal_rcc.o
                0x0000000008002b48                HAL_RCC_ClockConfig
 .text.HAL_RCC_GetSysClockFreq
                0x0000000008002f48       0xc4 ./Drivers/STM32G4xx_HAL_Driver/Src/stm32g4xx_hal_rcc.o
                0x0000000008002f48                HAL_RCC_GetSysClockFreq
 .text.HAL_RCC_GetHCLKFreq
                0x000000000800300c       0x18 ./Drivers/STM32G4xx_HAL_Driver/Src/stm32g4xx_hal_rcc.o
                0x000000000800300c                HAL_RCC_GetHCLKFreq
 .text.HAL_RCC_GetPCLK1Freq
                0x0000000008003024       0x2c ./Drivers/STM32G4xx_HAL_Driver/Src/stm32g4xx_hal_rcc.o
                0x0000000008003024                HAL_RCC_GetPCLK1Freq
 .text.HAL_RCC_GetClockConfig
                0x0000000008003050       0x84 ./Drivers/STM32G4xx_HAL_Driver/Src/stm32g4xx_hal_rcc.o
                0x0000000008003050                HAL_RCC_GetClockConfig
 .text.RCC_GetSysClockFreqFromPLLSource
                0x00000000080030d4       0x8c ./Drivers/STM32G4xx_HAL_Driver/Src/stm32g4xx_hal_rcc.o
 .text.HAL_TIM_Base_Init
                0x0000000008003160      0x1c4 ./Drivers/STM32G4xx_HAL_Driver/Src/stm32g4xx_hal_tim.o
                0x0000000008003160                HAL_TIM_Base_Init
 .text.HAL_TIM_Base_Start_IT
                0x0000000008003324      0x168 ./Drivers/STM32G4xx_HAL_Driver/Src/stm32g4xx_hal_tim.o
                0x0000000008003324                HAL_TIM_Base_Start_IT
 .text.HAL_TIM_OC_Init
                0x000000000800348c      0x1c4 ./Drivers/STM32G4xx_HAL_Driver/Src/stm32g4xx_hal_tim.o
                0x000000000800348c                HAL_TIM_OC_Init
 .text.HAL_TIM_OC_MspInit
                0x0000000008003650       0x14 ./Drivers/STM32G4xx_HAL_Driver/Src/stm32g4xx_hal_tim.o
                0x0000000008003650                HAL_TIM_OC_MspInit
 .text.HAL_TIM_OC_Start_IT
                0x0000000008003664      0x410 ./Drivers/STM32G4xx_HAL_Driver/Src/stm32g4xx_hal_tim.o
                0x0000000008003664                HAL_TIM_OC_Start_IT
 .text.HAL_TIM_OC_Stop_IT
                0x0000000008003a74      0x31c ./Drivers/STM32G4xx_HAL_Driver/Src/stm32g4xx_hal_tim.o
                0x0000000008003a74                HAL_TIM_OC_Stop_IT
 .text.HAL_TIM_IRQHandler
                0x0000000008003d90      0x2fe ./Drivers/STM32G4xx_HAL_Driver/Src/stm32g4xx_hal_tim.o
                0x0000000008003d90                HAL_TIM_IRQHandler
 *fill*         0x000000000800408e        0x2 
 .text.HAL_TIM_OC_ConfigChannel
                0x0000000008004090      0x39c ./Drivers/STM32G4xx_HAL_Driver/Src/stm32g4xx_hal_tim.o
                0x0000000008004090                HAL_TIM_OC_ConfigChannel
 .text.HAL_TIM_ConfigClockSource
                0x000000000800442c      0xb78 ./Drivers/STM32G4xx_HAL_Driver/Src/stm32g4xx_hal_tim.o
                0x000000000800442c                HAL_TIM_ConfigClockSource
 .text.HAL_TIM_IC_CaptureCallback
                0x0000000008004fa4       0x14 ./Drivers/STM32G4xx_HAL_Driver/Src/stm32g4xx_hal_tim.o
                0x0000000008004fa4                HAL_TIM_IC_CaptureCallback
 .text.HAL_TIM_PWM_PulseFinishedCallback
                0x0000000008004fb8       0x14 ./Drivers/STM32G4xx_HAL_Driver/Src/stm32g4xx_hal_tim.o
                0x0000000008004fb8                HAL_TIM_PWM_PulseFinishedCallback
 .text.HAL_TIM_TriggerCallback
                0x0000000008004fcc       0x14 ./Drivers/STM32G4xx_HAL_Driver/Src/stm32g4xx_hal_tim.o
                0x0000000008004fcc                HAL_TIM_TriggerCallback
 .text.TIM_Base_SetConfig
                0x0000000008004fe0      0x13c ./Drivers/STM32G4xx_HAL_Driver/Src/stm32g4xx_hal_tim.o
                0x0000000008004fe0                TIM_Base_SetConfig
 .text.TIM_OC1_SetConfig
                0x000000000800511c      0x188 ./Drivers/STM32G4xx_HAL_Driver/Src/stm32g4xx_hal_tim.o
 .text.TIM_OC2_SetConfig
                0x00000000080052a4      0x178 ./Drivers/STM32G4xx_HAL_Driver/Src/stm32g4xx_hal_tim.o
                0x00000000080052a4                TIM_OC2_SetConfig
 .text.TIM_OC3_SetConfig
                0x000000000800541c      0x178 ./Drivers/STM32G4xx_HAL_Driver/Src/stm32g4xx_hal_tim.o
 .text.TIM_OC4_SetConfig
                0x0000000008005594      0x178 ./Drivers/STM32G4xx_HAL_Driver/Src/stm32g4xx_hal_tim.o
 .text.TIM_OC5_SetConfig
                0x000000000800570c       0xd4 ./Drivers/STM32G4xx_HAL_Driver/Src/stm32g4xx_hal_tim.o
 .text.TIM_OC6_SetConfig
                0x00000000080057e0       0xd8 ./Drivers/STM32G4xx_HAL_Driver/Src/stm32g4xx_hal_tim.o
 .text.TIM_TI1_ConfigInputStage
                0x00000000080058b8       0x5e ./Drivers/STM32G4xx_HAL_Driver/Src/stm32g4xx_hal_tim.o
 .text.TIM_TI2_ConfigInputStage
                0x0000000008005916       0x60 ./Drivers/STM32G4xx_HAL_Driver/Src/stm32g4xx_hal_tim.o
 .text.TIM_ITRx_SetConfig
                0x0000000008005976       0x3a ./Drivers/STM32G4xx_HAL_Driver/Src/stm32g4xx_hal_tim.o
 .text.TIM_ETR_SetConfig
                0x00000000080059b0       0x40 ./Drivers/STM32G4xx_HAL_Driver/Src/stm32g4xx_hal_tim.o
                0x00000000080059b0                TIM_ETR_SetConfig
 .text.TIM_CCxChannelCmd
                0x00000000080059f0       0xf0 ./Drivers/STM32G4xx_HAL_Driver/Src/stm32g4xx_hal_tim.o
                0x00000000080059f0                TIM_CCxChannelCmd
 .text.HAL_TIMEx_MasterConfigSynchronization
                0x0000000008005ae0      0x2c8 ./Drivers/STM32G4xx_HAL_Driver/Src/stm32g4xx_hal_tim_ex.o
                0x0000000008005ae0                HAL_TIMEx_MasterConfigSynchronization
 .text.HAL_TIMEx_ConfigBreakDeadTime
                0x0000000008005da8      0x328 ./Drivers/STM32G4xx_HAL_Driver/Src/stm32g4xx_hal_tim_ex.o
                0x0000000008005da8                HAL_TIMEx_ConfigBreakDeadTime
 .text.HAL_TIMEx_CommutCallback
                0x00000000080060d0       0x14 ./Drivers/STM32G4xx_HAL_Driver/Src/stm32g4xx_hal_tim_ex.o
                0x00000000080060d0                HAL_TIMEx_CommutCallback
 .text.HAL_TIMEx_BreakCallback
                0x00000000080060e4       0x14 ./Drivers/STM32G4xx_HAL_Driver/Src/stm32g4xx_hal_tim_ex.o
                0x00000000080060e4                HAL_TIMEx_BreakCallback
 .text.HAL_TIMEx_Break2Callback
                0x00000000080060f8       0x14 ./Drivers/STM32G4xx_HAL_Driver/Src/stm32g4xx_hal_tim_ex.o
                0x00000000080060f8                HAL_TIMEx_Break2Callback
 .text.HAL_TIMEx_EncoderIndexCallback
                0x000000000800610c       0x14 ./Drivers/STM32G4xx_HAL_Driver/Src/stm32g4xx_hal_tim_ex.o
                0x000000000800610c                HAL_TIMEx_EncoderIndexCallback
 .text.HAL_TIMEx_DirectionChangeCallback
                0x0000000008006120       0x14 ./Drivers/STM32G4xx_HAL_Driver/Src/stm32g4xx_hal_tim_ex.o
                0x0000000008006120                HAL_TIMEx_DirectionChangeCallback
 .text.HAL_TIMEx_IndexErrorCallback
                0x0000000008006134       0x14 ./Drivers/STM32G4xx_HAL_Driver/Src/stm32g4xx_hal_tim_ex.o
                0x0000000008006134                HAL_TIMEx_IndexErrorCallback
 .text.HAL_TIMEx_TransitionErrorCallback
                0x0000000008006148       0x14 ./Drivers/STM32G4xx_HAL_Driver/Src/stm32g4xx_hal_tim_ex.o
                0x0000000008006148                HAL_TIMEx_TransitionErrorCallback
 .text.makeFreeRtosPriority
                0x000000000800615c       0x30 ./Middlewares/Third_Party/FreeRTOS/Source/CMSIS_RTOS/cmsis_os.o
 .text.osKernelStart
                0x000000000800618c        0xe ./Middlewares/Third_Party/FreeRTOS/Source/CMSIS_RTOS/cmsis_os.o
                0x000000000800618c                osKernelStart
 .text.osThreadCreate
                0x000000000800619a       0x98 ./Middlewares/Third_Party/FreeRTOS/Source/CMSIS_RTOS/cmsis_os.o
                0x000000000800619a                osThreadCreate
 .text.vListInitialise
                0x0000000008006232       0x40 ./Middlewares/Third_Party/FreeRTOS/Source/list.o
                0x0000000008006232                vListInitialise
 .text.vListInitialiseItem
                0x0000000008006272       0x1a ./Middlewares/Third_Party/FreeRTOS/Source/list.o
                0x0000000008006272                vListInitialiseItem
 .text.vListInsertEnd
                0x000000000800628c       0x48 ./Middlewares/Third_Party/FreeRTOS/Source/list.o
                0x000000000800628c                vListInsertEnd
 .text.vListInsert
                0x00000000080062d4       0x72 ./Middlewares/Third_Party/FreeRTOS/Source/list.o
                0x00000000080062d4                vListInsert
 .text.uxListRemove
                0x0000000008006346       0x54 ./Middlewares/Third_Party/FreeRTOS/Source/list.o
                0x0000000008006346                uxListRemove
 *fill*         0x000000000800639a        0x2 
 .text.xQueueGenericReset
                0x000000000800639c       0xd0 ./Middlewares/Third_Party/FreeRTOS/Source/queue.o
                0x000000000800639c                xQueueGenericReset
 .text.xQueueGenericCreateStatic
                0x000000000800646c       0xf0 ./Middlewares/Third_Party/FreeRTOS/Source/queue.o
                0x000000000800646c                xQueueGenericCreateStatic
 .text.xQueueGenericCreate
                0x000000000800655c       0x74 ./Middlewares/Third_Party/FreeRTOS/Source/queue.o
                0x000000000800655c                xQueueGenericCreate
 .text.prvInitialiseNewQueue
                0x00000000080065d0       0x46 ./Middlewares/Third_Party/FreeRTOS/Source/queue.o
 .text.prvInitialiseMutex
                0x0000000008006616       0x34 ./Middlewares/Third_Party/FreeRTOS/Source/queue.o
 .text.xQueueCreateMutex
                0x000000000800664a       0x30 ./Middlewares/Third_Party/FreeRTOS/Source/queue.o
                0x000000000800664a                xQueueCreateMutex
 *fill*         0x000000000800667a        0x2 
 .text.xQueueGenericSend
                0x000000000800667c      0x1fc ./Middlewares/Third_Party/FreeRTOS/Source/queue.o
                0x000000000800667c                xQueueGenericSend
 .text.xQueueGenericSendFromISR
                0x0000000008006878      0x136 ./Middlewares/Third_Party/FreeRTOS/Source/queue.o
                0x0000000008006878                xQueueGenericSendFromISR
 *fill*         0x00000000080069ae        0x2 
 .text.xQueueReceive
                0x00000000080069b0      0x1c0 ./Middlewares/Third_Party/FreeRTOS/Source/queue.o
                0x00000000080069b0                xQueueReceive
 .text.xQueueSemaphoreTake
                0x0000000008006b70      0x218 ./Middlewares/Third_Party/FreeRTOS/Source/queue.o
                0x0000000008006b70                xQueueSemaphoreTake
 .text.vQueueDelete
                0x0000000008006d88       0x46 ./Middlewares/Third_Party/FreeRTOS/Source/queue.o
                0x0000000008006d88                vQueueDelete
 .text.prvGetDisinheritPriorityAfterTimeout
                0x0000000008006dce       0x30 ./Middlewares/Third_Party/FreeRTOS/Source/queue.o
 .text.prvCopyDataToQueue
                0x0000000008006dfe       0xd4 ./Middlewares/Third_Party/FreeRTOS/Source/queue.o
 .text.prvCopyDataFromQueue
                0x0000000008006ed2       0x4c ./Middlewares/Third_Party/FreeRTOS/Source/queue.o
 .text.prvUnlockQueue
                0x0000000008006f1e       0xa4 ./Middlewares/Third_Party/FreeRTOS/Source/queue.o
 .text.prvIsQueueEmpty
                0x0000000008006fc2       0x2c ./Middlewares/Third_Party/FreeRTOS/Source/queue.o
 .text.prvIsQueueFull
                0x0000000008006fee       0x30 ./Middlewares/Third_Party/FreeRTOS/Source/queue.o
 *fill*         0x000000000800701e        0x2 
 .text.vQueueAddToRegistry
                0x0000000008007020       0x54 ./Middlewares/Third_Party/FreeRTOS/Source/queue.o
                0x0000000008007020                vQueueAddToRegistry
 .text.vQueueUnregisterQueue
                0x0000000008007074       0x54 ./Middlewares/Third_Party/FreeRTOS/Source/queue.o
                0x0000000008007074                vQueueUnregisterQueue
 .text.vQueueWaitForMessageRestricted
                0x00000000080070c8       0x68 ./Middlewares/Third_Party/FreeRTOS/Source/queue.o
                0x00000000080070c8                vQueueWaitForMessageRestricted
 .text.xTaskCreateStatic
                0x0000000008007130       0xba ./Middlewares/Third_Party/FreeRTOS/Source/tasks.o
                0x0000000008007130                xTaskCreateStatic
 .text.xTaskCreate
                0x00000000080071ea       0x8a ./Middlewares/Third_Party/FreeRTOS/Source/tasks.o
                0x00000000080071ea                xTaskCreate
 .text.prvInitialiseNewTask
                0x0000000008007274      0x154 ./Middlewares/Third_Party/FreeRTOS/Source/tasks.o
 .text.prvAddNewTaskToReadyList
                0x00000000080073c8       0xdc ./Middlewares/Third_Party/FreeRTOS/Source/tasks.o
 .text.vTaskDelete
                0x00000000080074a4      0x120 ./Middlewares/Third_Party/FreeRTOS/Source/tasks.o
                0x00000000080074a4                vTaskDelete
 .text.vTaskStartScheduler
                0x00000000080075c4       0xe4 ./Middlewares/Third_Party/FreeRTOS/Source/tasks.o
                0x00000000080075c4                vTaskStartScheduler
 .text.vTaskSuspendAll
                0x00000000080076a8       0x1c ./Middlewares/Third_Party/FreeRTOS/Source/tasks.o
                0x00000000080076a8                vTaskSuspendAll
 .text.xTaskResumeAll
                0x00000000080076c4      0x138 ./Middlewares/Third_Party/FreeRTOS/Source/tasks.o
                0x00000000080076c4                xTaskResumeAll
 .text.xTaskGetTickCount
                0x00000000080077fc       0x20 ./Middlewares/Third_Party/FreeRTOS/Source/tasks.o
                0x00000000080077fc                xTaskGetTickCount
 .text.xTaskGetTickCountFromISR
                0x000000000800781c       0x24 ./Middlewares/Third_Party/FreeRTOS/Source/tasks.o
                0x000000000800781c                xTaskGetTickCountFromISR
 .text.xTaskIncrementTick
                0x0000000008007840      0x170 ./Middlewares/Third_Party/FreeRTOS/Source/tasks.o
                0x0000000008007840                xTaskIncrementTick
 .text.vTaskSwitchContext
                0x00000000080079b0      0x11c ./Middlewares/Third_Party/FreeRTOS/Source/tasks.o
                0x00000000080079b0                vTaskSwitchContext
 .text.vTaskPlaceOnEventList
                0x0000000008007acc       0x48 ./Middlewares/Third_Party/FreeRTOS/Source/tasks.o
                0x0000000008007acc                vTaskPlaceOnEventList
 .text.vTaskPlaceOnEventListRestricted
                0x0000000008007b14       0x58 ./Middlewares/Third_Party/FreeRTOS/Source/tasks.o
                0x0000000008007b14                vTaskPlaceOnEventListRestricted
 .text.xTaskRemoveFromEventList
                0x0000000008007b6c       0xc4 ./Middlewares/Third_Party/FreeRTOS/Source/tasks.o
                0x0000000008007b6c                xTaskRemoveFromEventList
 .text.vTaskInternalSetTimeOutState
                0x0000000008007c30       0x2c ./Middlewares/Third_Party/FreeRTOS/Source/tasks.o
                0x0000000008007c30                vTaskInternalSetTimeOutState
 .text.xTaskCheckForTimeOut
                0x0000000008007c5c       0xc4 ./Middlewares/Third_Party/FreeRTOS/Source/tasks.o
                0x0000000008007c5c                xTaskCheckForTimeOut
 .text.vTaskMissedYield
                0x0000000008007d20       0x18 ./Middlewares/Third_Party/FreeRTOS/Source/tasks.o
                0x0000000008007d20                vTaskMissedYield
 .text.prvIdleTask
                0x0000000008007d38       0x30 ./Middlewares/Third_Party/FreeRTOS/Source/tasks.o
 .text.prvInitialiseTaskLists
                0x0000000008007d68       0x80 ./Middlewares/Third_Party/FreeRTOS/Source/tasks.o
 .text.prvCheckTasksWaitingTermination
                0x0000000008007de8       0x5c ./Middlewares/Third_Party/FreeRTOS/Source/tasks.o
 .text.prvDeleteTCB
                0x0000000008007e44       0x68 ./Middlewares/Third_Party/FreeRTOS/Source/tasks.o
 .text.prvResetNextTaskUnblockTime
                0x0000000008007eac       0x40 ./Middlewares/Third_Party/FreeRTOS/Source/tasks.o
 .text.xTaskGetCurrentTaskHandle
                0x0000000008007eec       0x20 ./Middlewares/Third_Party/FreeRTOS/Source/tasks.o
                0x0000000008007eec                xTaskGetCurrentTaskHandle
 .text.xTaskGetSchedulerState
                0x0000000008007f0c       0x3c ./Middlewares/Third_Party/FreeRTOS/Source/tasks.o
                0x0000000008007f0c                xTaskGetSchedulerState
 .text.xTaskPriorityInherit
                0x0000000008007f48       0xec ./Middlewares/Third_Party/FreeRTOS/Source/tasks.o
                0x0000000008007f48                xTaskPriorityInherit
 .text.xTaskPriorityDisinherit
                0x0000000008008034      0x10c ./Middlewares/Third_Party/FreeRTOS/Source/tasks.o
                0x0000000008008034                xTaskPriorityDisinherit
 .text.vTaskPriorityDisinheritAfterTimeout
                0x0000000008008140      0x11c ./Middlewares/Third_Party/FreeRTOS/Source/tasks.o
                0x0000000008008140                vTaskPriorityDisinheritAfterTimeout
 .text.pvTaskIncrementMutexHeldCount
                0x000000000800825c       0x28 ./Middlewares/Third_Party/FreeRTOS/Source/tasks.o
                0x000000000800825c                pvTaskIncrementMutexHeldCount
 .text.prvAddCurrentTaskToDelayedList
                0x0000000008008284       0xcc ./Middlewares/Third_Party/FreeRTOS/Source/tasks.o
 .text.xTimerCreateTimerTask
                0x0000000008008350       0x90 ./Middlewares/Third_Party/FreeRTOS/Source/timers.o
                0x0000000008008350                xTimerCreateTimerTask
 .text.xTimerCreate
                0x00000000080083e0       0x42 ./Middlewares/Third_Party/FreeRTOS/Source/timers.o
                0x00000000080083e0                xTimerCreate
 .text.prvInitialiseNewTimer
                0x0000000008008422       0x76 ./Middlewares/Third_Party/FreeRTOS/Source/timers.o
 .text.xTimerGenericCommand
                0x0000000008008498       0x9c ./Middlewares/Third_Party/FreeRTOS/Source/timers.o
                0x0000000008008498                xTimerGenericCommand
 .text.vTimerSetReloadMode
                0x0000000008008534       0x66 ./Middlewares/Third_Party/FreeRTOS/Source/timers.o
                0x0000000008008534                vTimerSetReloadMode
 *fill*         0x000000000800859a        0x2 
 .text.prvProcessExpiredTimer
                0x000000000800859c       0x98 ./Middlewares/Third_Party/FreeRTOS/Source/timers.o
 .text.prvTimerTask
                0x0000000008008634       0x24 ./Middlewares/Third_Party/FreeRTOS/Source/timers.o
 .text.prvProcessTimerOrBlockTask
                0x0000000008008658       0x9c ./Middlewares/Third_Party/FreeRTOS/Source/timers.o
 .text.prvGetNextExpireTime
                0x00000000080086f4       0x48 ./Middlewares/Third_Party/FreeRTOS/Source/timers.o
 .text.prvSampleTimeNow
                0x000000000800873c       0x40 ./Middlewares/Third_Party/FreeRTOS/Source/timers.o
 .text.prvInsertTimerInActiveList
                0x000000000800877c       0x84 ./Middlewares/Third_Party/FreeRTOS/Source/timers.o
 .text.prvProcessReceivedCommands
                0x0000000008008800      0x18c ./Middlewares/Third_Party/FreeRTOS/Source/timers.o
 .text.prvSwitchTimerLists
                0x000000000800898c       0xc8 ./Middlewares/Third_Party/FreeRTOS/Source/timers.o
 .text.prvCheckForValidListAndQueue
                0x0000000008008a54       0x80 ./Middlewares/Third_Party/FreeRTOS/Source/timers.o
 .text.pvTimerGetTimerID
                0x0000000008008ad4       0x40 ./Middlewares/Third_Party/FreeRTOS/Source/timers.o
                0x0000000008008ad4                pvTimerGetTimerID
 .text.pxPortInitialiseStack
                0x0000000008008b14       0x68 ./Middlewares/Third_Party/FreeRTOS/Source/portable/GCC/ARM_CM4F/port.o
                0x0000000008008b14                pxPortInitialiseStack
 .text.prvTaskExitError
                0x0000000008008b7c       0x58 ./Middlewares/Third_Party/FreeRTOS/Source/portable/GCC/ARM_CM4F/port.o
 *fill*         0x0000000008008bd4        0xc 
 .text.SVC_Handler
                0x0000000008008be0       0x28 ./Middlewares/Third_Party/FreeRTOS/Source/portable/GCC/ARM_CM4F/port.o
                0x0000000008008be0                SVC_Handler
 .text.prvPortStartFirstTask
                0x0000000008008c08       0x28 ./Middlewares/Third_Party/FreeRTOS/Source/portable/GCC/ARM_CM4F/port.o
 .text.xPortStartScheduler
                0x0000000008008c30      0x144 ./Middlewares/Third_Party/FreeRTOS/Source/portable/GCC/ARM_CM4F/port.o
                0x0000000008008c30                xPortStartScheduler
 .text.vPortEnterCritical
                0x0000000008008d74       0x60 ./Middlewares/Third_Party/FreeRTOS/Source/portable/GCC/ARM_CM4F/port.o
                0x0000000008008d74                vPortEnterCritical
 .text.vPortExitCritical
                0x0000000008008dd4       0x54 ./Middlewares/Third_Party/FreeRTOS/Source/portable/GCC/ARM_CM4F/port.o
                0x0000000008008dd4                vPortExitCritical
 *fill*         0x0000000008008e28        0x8 
 .text.PendSV_Handler
                0x0000000008008e30       0x68 ./Middlewares/Third_Party/FreeRTOS/Source/portable/GCC/ARM_CM4F/port.o
                0x0000000008008e30                PendSV_Handler
 .text.SysTick_Handler
                0x0000000008008e98       0x44 ./Middlewares/Third_Party/FreeRTOS/Source/portable/GCC/ARM_CM4F/port.o
                0x0000000008008e98                SysTick_Handler
 .text.vPortSetupTimerInterrupt
                0x0000000008008edc       0x48 ./Middlewares/Third_Party/FreeRTOS/Source/portable/GCC/ARM_CM4F/port.o
                0x0000000008008edc                vPortSetupTimerInterrupt
 .text.vPortEnableVFP
                0x0000000008008f24       0x14 ./Middlewares/Third_Party/FreeRTOS/Source/portable/GCC/ARM_CM4F/port.o
 .text.vPortValidateInterruptPriority
                0x0000000008008f38       0x80 ./Middlewares/Third_Party/FreeRTOS/Source/portable/GCC/ARM_CM4F/port.o
                0x0000000008008f38                vPortValidateInterruptPriority
 .text.pvPortMalloc
                0x0000000008008fb8      0x198 ./Middlewares/Third_Party/FreeRTOS/Source/portable/MemMang/heap_4.o
                0x0000000008008fb8                pvPortMalloc
 .text.vPortFree
                0x0000000008009150       0xc4 ./Middlewares/Third_Party/FreeRTOS/Source/portable/MemMang/heap_4.o
                0x0000000008009150                vPortFree
 .text.prvHeapInit
                0x0000000008009214       0xc4 ./Middlewares/Third_Party/FreeRTOS/Source/portable/MemMang/heap_4.o
 .text.prvInsertBlockIntoFreeList
                0x00000000080092d8       0xb4 ./Middlewares/Third_Party/FreeRTOS/Source/portable/MemMang/heap_4.o
 .text._ZN14ComHandlerTaskC2E6TaskIdPKc
                0x000000000800938c       0xa4 ./app/ComHandlerTask.o
                0x000000000800938c                ComHandlerTask::ComHandlerTask(TaskId, char const*)
                0x000000000800938c                ComHandlerTask::ComHandlerTask(TaskId, char const*)
 .text._ZN14ComHandlerTask8instanceEv
                0x0000000008009430       0x34 ./app/ComHandlerTask.o
                0x0000000008009430                ComHandlerTask::instance()
 .text._ZN14ComHandlerTask13handleMessageEP7Message
                0x0000000008009464       0x46 ./app/ComHandlerTask.o
                0x0000000008009464                ComHandlerTask::handleMessage(Message*)
 *fill*         0x00000000080094aa        0x2 
 .text._ZN14ComHandlerTaskD2Ev
                0x00000000080094ac       0x24 ./app/ComHandlerTask.o
                0x00000000080094ac                ComHandlerTask::~ComHandlerTask()
                0x00000000080094ac                ComHandlerTask::~ComHandlerTask()
 .text._ZN14ComHandlerTaskD0Ev
                0x00000000080094d0       0x20 ./app/ComHandlerTask.o
                0x00000000080094d0                ComHandlerTask::~ComHandlerTask()
 .text._ZSt3absf
                0x00000000080094f0       0x20 ./app/Stepper.o
                0x00000000080094f0                std::abs(float)
 .text._ZSt4sqrtf
                0x0000000008009510       0x20 ./app/Stepper.o
                0x0000000008009510                std::sqrt(float)
 .text._ZN7StepperC2Em
                0x0000000008009530       0x90 ./app/Stepper.o
                0x0000000008009530                Stepper::Stepper(unsigned long)
                0x0000000008009530                Stepper::Stepper(unsigned long)
 .text._ZN15StepperConfig_tC2Ev
                0x00000000080095c0       0x28 ./app/Stepper.o
                0x00000000080095c0                StepperConfig_t::StepperConfig_t()
                0x00000000080095c0                StepperConfig_t::StepperConfig_t()
 .text._ZN7Stepper23GetDefaultConfigurationEv
                0x00000000080095e8       0x5c ./app/Stepper.o
                0x00000000080095e8                Stepper::GetDefaultConfiguration()
 .text._ZN7Stepper16SetConfigurationE15StepperConfig_t
                0x0000000008009644       0x66 ./app/Stepper.o
                0x0000000008009644                Stepper::SetConfiguration(StepperConfig_t)
 *fill*         0x00000000080096aa        0x2 
 .text._ZN7Stepper13StartRotationEf
                0x00000000080096ac      0x134 ./app/Stepper.o
                0x00000000080096ac                Stepper::StartRotation(float)
 .text._ZN7Stepper12StopRotationEv
                0x00000000080097e0       0x2c ./app/Stepper.o
                0x00000000080097e0                Stepper::StopRotation()
 .text._ZN7Stepper25IsTimeToStartDeceleratingEv
                0x000000000800980c       0x64 ./app/Stepper.o
                0x000000000800980c                Stepper::IsTimeToStartDecelerating()
 .text._ZN7Stepper27CalculateTicksUntilNextStepEv
                0x0000000008009870      0x238 ./app/Stepper.o
                0x0000000008009870                Stepper::CalculateTicksUntilNextStep()
 .text._ZN7Stepper18OutputCompareIntCbEP17TIM_HandleTypeDef
                0x0000000008009aa8      0x142 ./app/Stepper.o
                0x0000000008009aa8                Stepper::OutputCompareIntCb(TIM_HandleTypeDef*)
 *fill*         0x0000000008009bea        0x2 
 .text._ZN7StepperD2Ev
                0x0000000008009bec       0x24 ./app/Stepper.o
                0x0000000008009bec                Stepper::~Stepper()
                0x0000000008009bec                Stepper::~Stepper()
 .text._ZN7StepperD0Ev
                0x0000000008009c10       0x20 ./app/Stepper.o
                0x0000000008009c10                Stepper::~Stepper()
 .text.app_init
                0x0000000008009c30        0xc ./app/app_init.o
                0x0000000008009c30                app_init
 .text._ZN7MessageC2Ev
                0x0000000008009c3c       0x16 ./os/Message.o
                0x0000000008009c3c                Message::Message()
                0x0000000008009c3c                Message::Message()
 *fill*         0x0000000008009c52        0x2 
 .text._ZN7Message4initEP7MsgPool
                0x0000000008009c54       0x20 ./os/Message.o
                0x0000000008009c54                Message::init(MsgPool*)
 .text._ZN7Message7reserveEhh9DataUnion
                0x0000000008009c74       0x6c ./os/Message.o
                0x0000000008009c74                Message::reserve(unsigned char, unsigned char, DataUnion)
 .text._ZN7Message10reserveIsrEhhm
                0x0000000008009ce0       0x56 ./os/Message.o
                0x0000000008009ce0                Message::reserveIsr(unsigned char, unsigned char, unsigned long)
 .text._ZN7Message7sendMsgEv
                0x0000000008009d36       0x88 ./os/Message.o
                0x0000000008009d36                Message::sendMsg()
 .text._ZN7Message7freeMsgEv
                0x0000000008009dbe       0x78 ./os/Message.o
                0x0000000008009dbe                Message::freeMsg()
 .text._ZN7Message2idEv
                0x0000000008009e36       0x18 ./os/Message.o
                0x0000000008009e36                Message::id()
 .text._ZN7Message4typeEv
                0x0000000008009e4e       0x18 ./os/Message.o
                0x0000000008009e4e                Message::type()
 .text._ZN7Message4dataEv
                0x0000000008009e66       0x4c ./os/Message.o
                0x0000000008009e66                Message::data()
 .text.MsgPool_init
                0x0000000008009eb2       0x14 ./os/MsgPool.o
                0x0000000008009eb2                MsgPool_init
 *fill*         0x0000000008009ec6        0x2 
 .text._ZN7MsgPoolC2Ev
                0x0000000008009ec8       0x60 ./os/MsgPool.o
                0x0000000008009ec8                MsgPool::MsgPool()
                0x0000000008009ec8                MsgPool::MsgPool()
 .text._ZN7MsgPoolD2Ev
                0x0000000008009f28       0x50 ./os/MsgPool.o
                0x0000000008009f28                MsgPool::~MsgPool()
                0x0000000008009f28                MsgPool::~MsgPool()
 .text._ZN7MsgPoolD0Ev
                0x0000000008009f78       0x20 ./os/MsgPool.o
                0x0000000008009f78                MsgPool::~MsgPool()
 .text._ZN7MsgPool8instanceEv
                0x0000000008009f98       0x2c ./os/MsgPool.o
                0x0000000008009f98                MsgPool::instance()
 .text._ZN7MsgPool6resMsgEv
                0x0000000008009fc4       0x74 ./os/MsgPool.o
                0x0000000008009fc4                MsgPool::resMsg()
 .text._ZN7MsgPool7freeMsgEP7Message
                0x000000000800a038       0x78 ./os/MsgPool.o
                0x000000000800a038                MsgPool::freeMsg(Message*)
 .text._ZN5MutexC2Ev
                0x000000000800a0b0       0x28 ./os/Mutex.o
                0x000000000800a0b0                Mutex::Mutex()
                0x000000000800a0b0                Mutex::Mutex()
 .text._ZN5MutexD2Ev
                0x000000000800a0d8       0x28 ./os/Mutex.o
                0x000000000800a0d8                Mutex::~Mutex()
                0x000000000800a0d8                Mutex::~Mutex()
 .text._ZN5MutexD0Ev
                0x000000000800a100       0x20 ./os/Mutex.o
                0x000000000800a100                Mutex::~Mutex()
 .text._ZN5Mutex4lockEh
                0x000000000800a120       0x28 ./os/Mutex.o
                0x000000000800a120                Mutex::lock(unsigned char)
 .text._ZN5Mutex6unlockEv
                0x000000000800a148       0x24 ./os/Mutex.o
                0x000000000800a148                Mutex::unlock()
 .text._ZN4TaskC2E6TaskIdPKc
                0x000000000800a16c       0x98 ./os/TaskClass.o
                0x000000000800a16c                Task::Task(TaskId, char const*)
                0x000000000800a16c                Task::Task(TaskId, char const*)
 .text._ZN4TaskD2Ev
                0x000000000800a204       0x20 ./os/TaskClass.o
                0x000000000800a204                Task::~Task()
                0x000000000800a204                Task::~Task()
 .text._ZN4Task8mainLoopEPv
                0x000000000800a224       0x50 ./os/TaskClass.o
                0x000000000800a224                Task::mainLoop(void*)
 .text.TaskList_init
                0x000000000800a274        0xc ./os/TaskList.o
                0x000000000800a274                TaskList_init
 .text._ZN8TaskList8instanceEv
                0x000000000800a280       0x2c ./os/TaskList.o
                0x000000000800a280                TaskList::instance()
 .text._ZN8TaskListC2Ev
                0x000000000800a2ac       0x2c ./os/TaskList.o
                0x000000000800a2ac                TaskList::TaskList()
                0x000000000800a2ac                TaskList::TaskList()
 .text._ZN8TaskList11createEntryE6TaskIdPcP19tskTaskControlBlockP15QueueDefinition
                0x000000000800a2d8       0x94 ./os/TaskList.o
                0x000000000800a2d8                TaskList::createEntry(TaskId, char*, tskTaskControlBlock*, QueueDefinition*)
 .text._ZN8TaskList8getMutexEv
                0x000000000800a36c       0x18 ./os/TaskList.o
                0x000000000800a36c                TaskList::getMutex()
 .text._ZN8TaskList9getTaskIdEP19tskTaskControlBlock
                0x000000000800a384       0x50 ./os/TaskList.o
                0x000000000800a384                TaskList::getTaskId(tskTaskControlBlock*)
 .text._ZN8TaskList8getQueueE6TaskId
                0x000000000800a3d4       0x54 ./os/TaskList.o
                0x000000000800a3d4                TaskList::getQueue(TaskId)
 .text._ZN5TimerC2E6TaskId7TimerId
                0x000000000800a428       0x78 ./os/Timer.o
                0x000000000800a428                Timer::Timer(TaskId, TimerId)
                0x000000000800a428                Timer::Timer(TaskId, TimerId)
 .text._ZN5TimerD2Ev
                0x000000000800a4a0       0x30 ./os/Timer.o
                0x000000000800a4a0                Timer::~Timer()
                0x000000000800a4a0                Timer::~Timer()
 .text._ZN5TimerD0Ev
                0x000000000800a4d0       0x20 ./os/Timer.o
                0x000000000800a4d0                Timer::~Timer()
 .text._ZN5Timer16CallbackFunctionEP15tmrTimerControl
                0x000000000800a4f0       0x34 ./os/Timer.o
                0x000000000800a4f0                Timer::CallbackFunction(tmrTimerControl*)
 .text._ZN5Timer11setIntervalEi
                0x000000000800a524       0x3c ./os/Timer.o
                0x000000000800a524                Timer::setInterval(int)
 .text._ZN5Timer13setSingleShotEb
                0x000000000800a560       0x28 ./os/Timer.o
                0x000000000800a560                Timer::setSingleShot(bool)
 .text._ZN5Timer5startEv
                0x000000000800a588       0x84 ./os/Timer.o
                0x000000000800a588                Timer::start()
 .text._ZN5Timer11isInterruptEv
                0x000000000800a60c       0x2c ./os/Timer.o
                0x000000000800a60c                Timer::isInterrupt()
 .text._Znwj    0x000000000800a638       0x18 ./os/operators.o
                0x000000000800a638                operator new(unsigned int)
 .text._ZdlPv   0x000000000800a650       0x16 ./os/operators.o
                0x000000000800a650                operator delete(void*)
 .text._ZdlPvj  0x000000000800a666        0x4 c:/st/stm32cubeide_1.12.1/stm32cubeide/plugins/com.st.stm32cube.ide.mcu.externaltools.gnu-tools-for-stm32.10.3-2021.10.win32_1.0.200.202301161003/tools/bin/../lib/gcc/arm-none-eabi/10.3.1/../../../../arm-none-eabi/lib/thumb/v7e-m+fp/hard\libstdc++_nano.a(del_ops.o)
                0x000000000800a666                operator delete(void*, unsigned int)
 .text.__cxa_pure_virtual
                0x000000000800a66a        0x6 c:/st/stm32cubeide_1.12.1/stm32cubeide/plugins/com.st.stm32cube.ide.mcu.externaltools.gnu-tools-for-stm32.10.3-2021.10.win32_1.0.200.202301161003/tools/bin/../lib/gcc/arm-none-eabi/10.3.1/../../../../arm-none-eabi/lib/thumb/v7e-m+fp/hard\libstdc++_nano.a(pure.o)
                0x000000000800a66a                __cxa_pure_virtual
 .text.unlikely._ZSt17__throw_bad_allocv
                0x000000000800a670        0x6 c:/st/stm32cubeide_1.12.1/stm32cubeide/plugins/com.st.stm32cube.ide.mcu.externaltools.gnu-tools-for-stm32.10.3-2021.10.win32_1.0.200.202301161003/tools/bin/../lib/gcc/arm-none-eabi/10.3.1/../../../../arm-none-eabi/lib/thumb/v7e-m+fp/hard\libstdc++_nano.a(functexcept.o)
                0x000000000800a670                std::__throw_bad_alloc()
 .text.unlikely._ZSt20__throw_length_errorPKc
                0x000000000800a676        0x6 c:/st/stm32cubeide_1.12.1/stm32cubeide/plugins/com.st.stm32cube.ide.mcu.externaltools.gnu-tools-for-stm32.10.3-2021.10.win32_1.0.200.202301161003/tools/bin/../lib/gcc/arm-none-eabi/10.3.1/../../../../arm-none-eabi/lib/thumb/v7e-m+fp/hard\libstdc++_nano.a(functexcept.o)
                0x000000000800a676                std::__throw_length_error(char const*)
 .text._ZN10__cxxabiv111__terminateEPFvvE
                0x000000000800a67c        0x8 c:/st/stm32cubeide_1.12.1/stm32cubeide/plugins/com.st.stm32cube.ide.mcu.externaltools.gnu-tools-for-stm32.10.3-2021.10.win32_1.0.200.202301161003/tools/bin/../lib/gcc/arm-none-eabi/10.3.1/../../../../arm-none-eabi/lib/thumb/v7e-m+fp/hard\libstdc++_nano.a(eh_terminate.o)
                0x000000000800a67c                __cxxabiv1::__terminate(void (*)())
 .text._ZSt13get_terminatev
                0x000000000800a684       0x10 c:/st/stm32cubeide_1.12.1/stm32cubeide/plugins/com.st.stm32cube.ide.mcu.externaltools.gnu-tools-for-stm32.10.3-2021.10.win32_1.0.200.202301161003/tools/bin/../lib/gcc/arm-none-eabi/10.3.1/../../../../arm-none-eabi/lib/thumb/v7e-m+fp/hard\libstdc++_nano.a(eh_terminate.o)
                0x000000000800a684                std::get_terminate()
 .text._ZSt9terminatev
                0x000000000800a694        0xa c:/st/stm32cubeide_1.12.1/stm32cubeide/plugins/com.st.stm32cube.ide.mcu.externaltools.gnu-tools-for-stm32.10.3-2021.10.win32_1.0.200.202301161003/tools/bin/../lib/gcc/arm-none-eabi/10.3.1/../../../../arm-none-eabi/lib/thumb/v7e-m+fp/hard\libstdc++_nano.a(eh_terminate.o)
                0x000000000800a694                std::terminate()
 *fill*         0x000000000800a69e        0x2 
 .text.sqrtf    0x000000000800a6a0       0x3c c:/st/stm32cubeide_1.12.1/stm32cubeide/plugins/com.st.stm32cube.ide.mcu.externaltools.gnu-tools-for-stm32.10.3-2021.10.win32_1.0.200.202301161003/tools/bin/../lib/gcc/arm-none-eabi/10.3.1/../../../../arm-none-eabi/lib/thumb/v7e-m+fp/hard\libm.a(lib_a-wf_sqrt.o)
                0x000000000800a6a0                sqrtf
 .text.__ieee754_sqrtf
                0x000000000800a6dc        0x6 c:/st/stm32cubeide_1.12.1/stm32cubeide/plugins/com.st.stm32cube.ide.mcu.externaltools.gnu-tools-for-stm32.10.3-2021.10.win32_1.0.200.202301161003/tools/bin/../lib/gcc/arm-none-eabi/10.3.1/../../../../arm-none-eabi/lib/thumb/v7e-m+fp/hard\libm.a(lib_a-ef_sqrt.o)
                0x000000000800a6dc                __ieee754_sqrtf
 .text.abort    0x000000000800a6e2        0xe c:/st/stm32cubeide_1.12.1/stm32cubeide/plugins/com.st.stm32cube.ide.mcu.externaltools.gnu-tools-for-stm32.10.3-2021.10.win32_1.0.200.202301161003/tools/bin/../lib/gcc/arm-none-eabi/10.3.1/../../../../arm-none-eabi/lib/thumb/v7e-m+fp/hard\libc_nano.a(lib_a-abort.o)
                0x000000000800a6e2                abort
 .text.__errno  0x000000000800a6f0        0xc c:/st/stm32cubeide_1.12.1/stm32cubeide/plugins/com.st.stm32cube.ide.mcu.externaltools.gnu-tools-for-stm32.10.3-2021.10.win32_1.0.200.202301161003/tools/bin/../lib/gcc/arm-none-eabi/10.3.1/../../../../arm-none-eabi/lib/thumb/v7e-m+fp/hard\libc_nano.a(lib_a-errno.o)
                0x000000000800a6f0                __errno
 .text.std      0x000000000800a6fc       0x48 c:/st/stm32cubeide_1.12.1/stm32cubeide/plugins/com.st.stm32cube.ide.mcu.externaltools.gnu-tools-for-stm32.10.3-2021.10.win32_1.0.200.202301161003/tools/bin/../lib/gcc/arm-none-eabi/10.3.1/../../../../arm-none-eabi/lib/thumb/v7e-m+fp/hard\libc_nano.a(lib_a-findfp.o)
 .text._cleanup_r
                0x000000000800a744        0xc c:/st/stm32cubeide_1.12.1/stm32cubeide/plugins/com.st.stm32cube.ide.mcu.externaltools.gnu-tools-for-stm32.10.3-2021.10.win32_1.0.200.202301161003/tools/bin/../lib/gcc/arm-none-eabi/10.3.1/../../../../arm-none-eabi/lib/thumb/v7e-m+fp/hard\libc_nano.a(lib_a-findfp.o)
                0x000000000800a744                _cleanup_r
 .text.__sfmoreglue
                0x000000000800a750       0x2c c:/st/stm32cubeide_1.12.1/stm32cubeide/plugins/com.st.stm32cube.ide.mcu.externaltools.gnu-tools-for-stm32.10.3-2021.10.win32_1.0.200.202301161003/tools/bin/../lib/gcc/arm-none-eabi/10.3.1/../../../../arm-none-eabi/lib/thumb/v7e-m+fp/hard\libc_nano.a(lib_a-findfp.o)
                0x000000000800a750                __sfmoreglue
 .text.__sfp_lock_acquire
                0x000000000800a77c        0xc c:/st/stm32cubeide_1.12.1/stm32cubeide/plugins/com.st.stm32cube.ide.mcu.externaltools.gnu-tools-for-stm32.10.3-2021.10.win32_1.0.200.202301161003/tools/bin/../lib/gcc/arm-none-eabi/10.3.1/../../../../arm-none-eabi/lib/thumb/v7e-m+fp/hard\libc_nano.a(lib_a-findfp.o)
                0x000000000800a77c                __sfp_lock_acquire
 .text.__sfp_lock_release
                0x000000000800a788        0xc c:/st/stm32cubeide_1.12.1/stm32cubeide/plugins/com.st.stm32cube.ide.mcu.externaltools.gnu-tools-for-stm32.10.3-2021.10.win32_1.0.200.202301161003/tools/bin/../lib/gcc/arm-none-eabi/10.3.1/../../../../arm-none-eabi/lib/thumb/v7e-m+fp/hard\libc_nano.a(lib_a-findfp.o)
                0x000000000800a788                __sfp_lock_release
 .text.__sinit_lock_acquire
                0x000000000800a794        0xc c:/st/stm32cubeide_1.12.1/stm32cubeide/plugins/com.st.stm32cube.ide.mcu.externaltools.gnu-tools-for-stm32.10.3-2021.10.win32_1.0.200.202301161003/tools/bin/../lib/gcc/arm-none-eabi/10.3.1/../../../../arm-none-eabi/lib/thumb/v7e-m+fp/hard\libc_nano.a(lib_a-findfp.o)
                0x000000000800a794                __sinit_lock_acquire
 .text.__sinit_lock_release
                0x000000000800a7a0        0xc c:/st/stm32cubeide_1.12.1/stm32cubeide/plugins/com.st.stm32cube.ide.mcu.externaltools.gnu-tools-for-stm32.10.3-2021.10.win32_1.0.200.202301161003/tools/bin/../lib/gcc/arm-none-eabi/10.3.1/../../../../arm-none-eabi/lib/thumb/v7e-m+fp/hard\libc_nano.a(lib_a-findfp.o)
                0x000000000800a7a0                __sinit_lock_release
 .text.__sinit  0x000000000800a7ac       0x70 c:/st/stm32cubeide_1.12.1/stm32cubeide/plugins/com.st.stm32cube.ide.mcu.externaltools.gnu-tools-for-stm32.10.3-2021.10.win32_1.0.200.202301161003/tools/bin/../lib/gcc/arm-none-eabi/10.3.1/../../../../arm-none-eabi/lib/thumb/v7e-m+fp/hard\libc_nano.a(lib_a-findfp.o)
                0x000000000800a7ac                __sinit
 .text.__sfp    0x000000000800a81c       0x8c c:/st/stm32cubeide_1.12.1/stm32cubeide/plugins/com.st.stm32cube.ide.mcu.externaltools.gnu-tools-for-stm32.10.3-2021.10.win32_1.0.200.202301161003/tools/bin/../lib/gcc/arm-none-eabi/10.3.1/../../../../arm-none-eabi/lib/thumb/v7e-m+fp/hard\libc_nano.a(lib_a-findfp.o)
                0x000000000800a81c                __sfp
 .text._fwalk_reent
                0x000000000800a8a8       0x3e c:/st/stm32cubeide_1.12.1/stm32cubeide/plugins/com.st.stm32cube.ide.mcu.externaltools.gnu-tools-for-stm32.10.3-2021.10.win32_1.0.200.202301161003/tools/bin/../lib/gcc/arm-none-eabi/10.3.1/../../../../arm-none-eabi/lib/thumb/v7e-m+fp/hard\libc_nano.a(lib_a-fwalk.o)
                0x000000000800a8a8                _fwalk_reent
 *fill*         0x000000000800a8e6        0x2 
 .text.__libc_init_array
                0x000000000800a8e8       0x48 c:/st/stm32cubeide_1.12.1/stm32cubeide/plugins/com.st.stm32cube.ide.mcu.externaltools.gnu-tools-for-stm32.10.3-2021.10.win32_1.0.200.202301161003/tools/bin/../lib/gcc/arm-none-eabi/10.3.1/../../../../arm-none-eabi/lib/thumb/v7e-m+fp/hard\libc_nano.a(lib_a-init.o)
                0x000000000800a8e8                __libc_init_array
 .text.malloc   0x000000000800a930       0x10 c:/st/stm32cubeide_1.12.1/stm32cubeide/plugins/com.st.stm32cube.ide.mcu.externaltools.gnu-tools-for-stm32.10.3-2021.10.win32_1.0.200.202301161003/tools/bin/../lib/gcc/arm-none-eabi/10.3.1/../../../../arm-none-eabi/lib/thumb/v7e-m+fp/hard\libc_nano.a(lib_a-malloc.o)
                0x000000000800a930                malloc
 .text.memcpy   0x000000000800a940       0x1c c:/st/stm32cubeide_1.12.1/stm32cubeide/plugins/com.st.stm32cube.ide.mcu.externaltools.gnu-tools-for-stm32.10.3-2021.10.win32_1.0.200.202301161003/tools/bin/../lib/gcc/arm-none-eabi/10.3.1/../../../../arm-none-eabi/lib/thumb/v7e-m+fp/hard\libc_nano.a(lib_a-memcpy-stub.o)
                0x000000000800a940                memcpy
 .text.memmove  0x000000000800a95c       0x34 c:/st/stm32cubeide_1.12.1/stm32cubeide/plugins/com.st.stm32cube.ide.mcu.externaltools.gnu-tools-for-stm32.10.3-2021.10.win32_1.0.200.202301161003/tools/bin/../lib/gcc/arm-none-eabi/10.3.1/../../../../arm-none-eabi/lib/thumb/v7e-m+fp/hard\libc_nano.a(lib_a-memmove.o)
                0x000000000800a95c                memmove