../os/TaskList.cpp:12:6:void TaskList_init()	8	static
../os/TaskList.cpp:21:11:static TaskList* TaskList::instance()	16	static
../os/TaskList.cpp:30:1:TaskList::TaskList()	16	static
../os/TaskList.cpp:35:6:static void TaskList::createEntry(TaskId, char*, TaskHandle_t, QueueHandle_t)	32	static
../os/TaskList.cpp:52:8:static Mutex* TaskList::getMutex()	4	static
../os/TaskList.cpp:57:14:static tskTaskControlBlock* TaskList::getTaskHandle(TaskId)	24	static
../os/TaskList.cpp:71:8:static TaskId TaskList::getTaskId(TaskHandle_t)	24	static
../os/TaskList.cpp:85:15:static QueueDefinition* TaskList::getQueue(TaskId)	24	static
